=== RUN   TestDoProbe
I0718 18:34:24.998686   50478 worker_test.go:250] "TestDoProbe" probeType="Liveness" testIndex=0 podStatus="&PodStatus{Phase:Running,Conditions:[]PodCondition{},Message:,Reason:,HostIP:,PodIP:,StartTime:<nil>,ContainerStatuses:[]ContainerStatus{},QOSClass:,InitContainerStatuses:[]ContainerStatus{ContainerStatus{Name:cOnTaInEr_NaMe,State:ContainerState{Waiting:nil,Running:&ContainerStateRunning{StartedAt:2025-07-18 18:34:24.998525 +0530 IST m=+0.017464584,},Terminated:nil,},LastTerminationState:ContainerState{Waiting:nil,Running:nil,Terminated:nil,},Ready:false,RestartCount:0,Image:,ImageID:,ContainerID:test://cOnTaInEr_Id,Started:*true,AllocatedResources:ResourceList{},Resources:nil,VolumeMounts:[]VolumeMountStatus{},User:nil,AllocatedResourcesStatus:[]ResourceStatus{},StopSignal:nil,},},NominatedNodeName:,PodIPs:[]PodIP{},EphemeralContainerStatuses:[]ContainerStatus{},Resize:,ResourceClaimStatuses:[]PodResourceClaimStatus{},HostIPs:[]HostIP{},ObservedGeneration:0,}"
I0718 18:34:24.998743   50478 prober.go:153] "Exec-Probe runProbe" pod="test-namespace/test-pod" containerName="cOnTaInEr_NaMe" execCommand=["/bin/true"]
I0718 18:34:24.998763   50478 prober.go:111] "Probe succeeded" probeType="Liveness" pod="test-namespace/test-pod" podUID="pOd_UiD" containerName="cOnTaInEr_NaMe"
I0718 18:34:24.998781   50478 worker.go:306] Debug probe, pod=test-namespace/test-pod, containerName=cOnTaInEr_NaMe, probeType=Liveness, result=Success, err=<nil>
I0718 18:34:24.998820   50478 worker_test.go:250] "TestDoProbe" probeType="Liveness" testIndex=1 podStatus="&PodStatus{Phase:Failed,Conditions:[]PodCondition{},Message:,Reason:,HostIP:,PodIP:,StartTime:<nil>,ContainerStatuses:[]ContainerStatus{},QOSClass:,InitContainerStatuses:[]ContainerStatus{ContainerStatus{Name:cOnTaInEr_NaMe,State:ContainerState{Waiting:nil,Running:&ContainerStateRunning{StartedAt:2025-07-18 18:34:24.998527 +0530 IST m=+0.017466626,},Terminated:nil,},LastTerminationState:ContainerState{Waiting:nil,Running:nil,Terminated:nil,},Ready:false,RestartCount:0,Image:,ImageID:,ContainerID:test://cOnTaInEr_Id,Started:*true,AllocatedResources:ResourceList{},Resources:nil,VolumeMounts:[]VolumeMountStatus{},User:nil,AllocatedResourcesStatus:[]ResourceStatus{},StopSignal:nil,},},NominatedNodeName:,PodIPs:[]PodIP{},EphemeralContainerStatuses:[]ContainerStatus{},Resize:,ResourceClaimStatuses:[]PodResourceClaimStatus{},HostIPs:[]HostIP{},ObservedGeneration:0,}"
I0718 18:34:24.998828   50478 worker.go:217] Pod is terminated, exiting probe worker, pod=test-namespace/test-pod, phase=Failed
I0718 18:34:24.998850   50478 worker_test.go:250] "TestDoProbe" probeType="Liveness" testIndex=2 podStatus="&PodStatus{Phase:Running,Conditions:[]PodCondition{},Message:,Reason:,HostIP:,PodIP:,StartTime:<nil>,ContainerStatuses:[]ContainerStatus{},QOSClass:,InitContainerStatuses:[]ContainerStatus{ContainerStatus{Name:cOnTaInEr_NaMe,State:ContainerState{Waiting:nil,Running:&ContainerStateRunning{StartedAt:2025-07-18 18:34:24.998525 +0530 IST m=+0.017464584,},Terminated:nil,},LastTerminationState:ContainerState{Waiting:nil,Running:nil,Terminated:nil,},Ready:false,RestartCount:0,Image:,ImageID:,ContainerID:test://cOnTaInEr_Id,Started:*true,AllocatedResources:ResourceList{},Resources:nil,VolumeMounts:[]VolumeMountStatus{},User:nil,AllocatedResourcesStatus:[]ResourceStatus{},StopSignal:nil,},},NominatedNodeName:,PodIPs:[]PodIP{},EphemeralContainerStatuses:[]ContainerStatus{},Resize:,ResourceClaimStatuses:[]PodResourceClaimStatus{},HostIPs:[]HostIP{},ObservedGeneration:0,}"
I0718 18:34:24.998858   50478 worker.go:254] Pod deletion requested, setting probe result to success, probeType=Liveness, pod=test-namespace/test-pod, containerName=cOnTaInEr_NaMe
I0718 18:34:24.998878   50478 worker_test.go:250] "TestDoProbe" probeType="Liveness" testIndex=3 podStatus="&PodStatus{Phase:Running,Conditions:[]PodCondition{},Message:,Reason:,HostIP:,PodIP:,StartTime:<nil>,ContainerStatuses:[]ContainerStatus{},QOSClass:,InitContainerStatuses:[]ContainerStatus{ContainerStatus{Name:otherContainer,State:ContainerState{Waiting:nil,Running:&ContainerStateRunning{StartedAt:2025-07-18 18:34:24.998527 +0530 IST m=+0.017466292,},Terminated:nil,},LastTerminationState:ContainerState{Waiting:nil,Running:nil,Terminated:nil,},Ready:false,RestartCount:0,Image:,ImageID:,ContainerID:test://cOnTaInEr_Id,Started:*true,AllocatedResources:ResourceList{},Resources:nil,VolumeMounts:[]VolumeMountStatus{},User:nil,AllocatedResourcesStatus:[]ResourceStatus{},StopSignal:nil,},},NominatedNodeName:,PodIPs:[]PodIP{},EphemeralContainerStatuses:[]ContainerStatus{},Resize:,ResourceClaimStatuses:[]PodResourceClaimStatus{},HostIPs:[]HostIP{},ObservedGeneration:0,}"
I0718 18:34:24.998889   50478 worker.go:230] Probe target container not found, pod=test-namespace/test-pod, containerName=cOnTaInEr_NaMe
I0718 18:34:24.998907   50478 worker_test.go:250] "TestDoProbe" probeType="Liveness" testIndex=4 podStatus="&PodStatus{Phase:Running,Conditions:[]PodCondition{},Message:,Reason:,HostIP:,PodIP:,StartTime:<nil>,ContainerStatuses:[]ContainerStatus{},QOSClass:,InitContainerStatuses:[]ContainerStatus{ContainerStatus{Name:cOnTaInEr_NaMe,State:ContainerState{Waiting:nil,Running:nil,Terminated:nil,},LastTerminationState:ContainerState{Waiting:nil,Running:nil,Terminated:nil,},Ready:false,RestartCount:0,Image:,ImageID:,ContainerID:test://cOnTaInEr_Id,Started:*true,AllocatedResources:ResourceList{},Resources:nil,VolumeMounts:[]VolumeMountStatus{},User:nil,AllocatedResourcesStatus:[]ResourceStatus{},StopSignal:nil,},},NominatedNodeName:,PodIPs:[]PodIP{},EphemeralContainerStatuses:[]ContainerStatus{},Resize:,ResourceClaimStatuses:[]PodResourceClaimStatus{},HostIPs:[]HostIP{},ObservedGeneration:0,}"
I0718 18:34:24.998916   50478 worker.go:266] Non-running container probed, pod=test-namespace/test-pod, containerName=cOnTaInEr_NaMe
    worker_test.go:288: [Liveness-4] Expected continue to be true but got false
I0718 18:34:24.998961   50478 worker_test.go:250] "TestDoProbe" probeType="Liveness" testIndex=5 podStatus="&PodStatus{Phase:Running,Conditions:[]PodCondition{},Message:,Reason:,HostIP:,PodIP:,StartTime:<nil>,ContainerStatuses:[]ContainerStatus{},QOSClass:,InitContainerStatuses:[]ContainerStatus{ContainerStatus{Name:cOnTaInEr_NaMe,State:ContainerState{Waiting:nil,Running:nil,Terminated:&ContainerStateTerminated{ExitCode:0,Signal:0,Reason:,Message:,StartedAt:2025-07-18 18:34:24.998526 +0530 IST m=+0.017465626,FinishedAt:0001-01-01 00:00:00 +0000 UTC,ContainerID:,},},LastTerminationState:ContainerState{Waiting:nil,Running:nil,Terminated:nil,},Ready:false,RestartCount:0,Image:,ImageID:,ContainerID:test://cOnTaInEr_Id,Started:*true,AllocatedResources:ResourceList{},Resources:nil,VolumeMounts:[]VolumeMountStatus{},User:nil,AllocatedResourcesStatus:[]ResourceStatus{},StopSignal:nil,},},NominatedNodeName:,PodIPs:[]PodIP{},EphemeralContainerStatuses:[]ContainerStatus{},Resize:,ResourceClaimStatuses:[]PodResourceClaimStatus{},HostIPs:[]HostIP{},ObservedGeneration:0,}"
I0718 18:34:24.998970   50478 worker.go:266] Non-running container probed, pod=test-namespace/test-pod, containerName=cOnTaInEr_NaMe
    worker_test.go:288: [Liveness-5] Expected continue to be false but got true
I0718 18:34:24.998993   50478 worker_test.go:250] "TestDoProbe" probeType="Liveness" testIndex=6 podStatus="&PodStatus{Phase:Running,Conditions:[]PodCondition{},Message:,Reason:,HostIP:,PodIP:,StartTime:<nil>,ContainerStatuses:[]ContainerStatus{},QOSClass:,InitContainerStatuses:[]ContainerStatus{ContainerStatus{Name:cOnTaInEr_NaMe,State:ContainerState{Waiting:nil,Running:&ContainerStateRunning{StartedAt:2025-07-18 18:34:24.998525 +0530 IST m=+0.017464584,},Terminated:nil,},LastTerminationState:ContainerState{Waiting:nil,Running:nil,Terminated:nil,},Ready:false,RestartCount:0,Image:,ImageID:,ContainerID:test://cOnTaInEr_Id,Started:*true,AllocatedResources:ResourceList{},Resources:nil,VolumeMounts:[]VolumeMountStatus{},User:nil,AllocatedResourcesStatus:[]ResourceStatus{},StopSignal:nil,},},NominatedNodeName:,PodIPs:[]PodIP{},EphemeralContainerStatuses:[]ContainerStatus{},Resize:,ResourceClaimStatuses:[]PodResourceClaimStatus{},HostIPs:[]HostIP{},ObservedGeneration:0,}"
I0718 18:34:24.999002   50478 prober.go:153] "Exec-Probe runProbe" pod="test-namespace/test-pod" containerName="cOnTaInEr_NaMe" execCommand=["/bin/true"]
I0718 18:34:24.999006   50478 prober.go:111] "Probe succeeded" probeType="Liveness" pod="test-namespace/test-pod" podUID="pOd_UiD" containerName="cOnTaInEr_NaMe"
I0718 18:34:24.999011   50478 worker.go:306] Debug probe, pod=test-namespace/test-pod, containerName=cOnTaInEr_NaMe, probeType=Liveness, result=Success, err=<nil>
I0718 18:34:24.999031   50478 worker_test.go:250] "TestDoProbe" probeType="Liveness" testIndex=7 podStatus="&PodStatus{Phase:Running,Conditions:[]PodCondition{},Message:,Reason:,HostIP:,PodIP:,StartTime:<nil>,ContainerStatuses:[]ContainerStatus{},QOSClass:,InitContainerStatuses:[]ContainerStatus{ContainerStatus{Name:cOnTaInEr_NaMe,State:ContainerState{Waiting:nil,Running:&ContainerStateRunning{StartedAt:2025-07-18 18:34:24.998525 +0530 IST m=+0.017464584,},Terminated:nil,},LastTerminationState:ContainerState{Waiting:nil,Running:nil,Terminated:nil,},Ready:false,RestartCount:0,Image:,ImageID:,ContainerID:test://cOnTaInEr_Id,Started:*true,AllocatedResources:ResourceList{},Resources:nil,VolumeMounts:[]VolumeMountStatus{},User:nil,AllocatedResourcesStatus:[]ResourceStatus{},StopSignal:nil,},},NominatedNodeName:,PodIPs:[]PodIP{},EphemeralContainerStatuses:[]ContainerStatus{},Resize:,ResourceClaimStatuses:[]PodResourceClaimStatus{},HostIPs:[]HostIP{},ObservedGeneration:0,}"
I0718 18:34:24.999043   50478 prober.go:153] "Exec-Probe runProbe" pod="test-namespace/test-pod" containerName="cOnTaInEr_NaMe" execCommand=["/bin/true"]
I0718 18:34:24.999047   50478 prober.go:111] "Probe succeeded" probeType="Liveness" pod="test-namespace/test-pod" podUID="pOd_UiD" containerName="cOnTaInEr_NaMe"
I0718 18:34:24.999051   50478 worker.go:306] Debug probe, pod=test-namespace/test-pod, containerName=cOnTaInEr_NaMe, probeType=Liveness, result=Success, err=<nil>
I0718 18:34:24.999072   50478 worker_test.go:250] "TestDoProbe" probeType="Liveness" testIndex=8 podStatus="&PodStatus{Phase:Running,Conditions:[]PodCondition{},Message:,Reason:,HostIP:,PodIP:,StartTime:<nil>,ContainerStatuses:[]ContainerStatus{},QOSClass:,InitContainerStatuses:[]ContainerStatus{ContainerStatus{Name:cOnTaInEr_NaMe,State:ContainerState{Waiting:nil,Running:nil,Terminated:&ContainerStateTerminated{ExitCode:0,Signal:0,Reason:,Message:,StartedAt:2025-07-18 18:34:24.998528 +0530 IST m=+0.017468126,FinishedAt:0001-01-01 00:00:00 +0000 UTC,ContainerID:,},},LastTerminationState:ContainerState{Waiting:nil,Running:nil,Terminated:nil,},Ready:false,RestartCount:0,Image:,ImageID:,ContainerID:test://cOnTaInEr_Id,Started:nil,AllocatedResources:ResourceList{},Resources:nil,VolumeMounts:[]VolumeMountStatus{},User:nil,AllocatedResourcesStatus:[]ResourceStatus{},StopSignal:nil,},},NominatedNodeName:,PodIPs:[]PodIP{},EphemeralContainerStatuses:[]ContainerStatus{},Resize:,ResourceClaimStatuses:[]PodResourceClaimStatus{},HostIPs:[]HostIP{},ObservedGeneration:0,}"
I0718 18:34:24.999083   50478 worker.go:266] Non-running container probed, pod=test-namespace/test-pod, containerName=cOnTaInEr_NaMe
    worker_test.go:288: [Liveness-8] Expected continue to be false but got true
I0718 18:34:24.999107   50478 worker_test.go:250] "TestDoProbe" probeType="Liveness" testIndex=9 podStatus="&PodStatus{Phase:Running,Conditions:[]PodCondition{},Message:,Reason:,HostIP:,PodIP:,StartTime:<nil>,ContainerStatuses:[]ContainerStatus{},QOSClass:,InitContainerStatuses:[]ContainerStatus{ContainerStatus{Name:cOnTaInEr_NaMe,State:ContainerState{Waiting:nil,Running:&ContainerStateRunning{StartedAt:2025-07-18 18:34:24.998529 +0530 IST m=+0.017468417,},Terminated:nil,},LastTerminationState:ContainerState{Waiting:nil,Running:nil,Terminated:nil,},Ready:false,RestartCount:0,Image:,ImageID:,ContainerID:test://cOnTaInEr_Id,Started:*true,AllocatedResources:ResourceList{},Resources:nil,VolumeMounts:[]VolumeMountStatus{},User:nil,AllocatedResourcesStatus:[]ResourceStatus{},StopSignal:nil,},},NominatedNodeName:,PodIPs:[]PodIP{},EphemeralContainerStatuses:[]ContainerStatus{},Resize:,ResourceClaimStatuses:[]PodResourceClaimStatus{},HostIPs:[]HostIP{},ObservedGeneration:0,}"
I0718 18:34:24.999114   50478 prober.go:153] "Exec-Probe runProbe" pod="test-namespace/test-pod" containerName="cOnTaInEr_NaMe" execCommand=["/bin/true"]
I0718 18:34:24.999119   50478 prober.go:111] "Probe succeeded" probeType="Liveness" pod="test-namespace/test-pod" podUID="pOd_UiD" containerName="cOnTaInEr_NaMe"
I0718 18:34:24.999123   50478 worker.go:306] Debug probe, pod=test-namespace/test-pod, containerName=cOnTaInEr_NaMe, probeType=Liveness, result=Success, err=<nil>
I0718 18:34:24.999149   50478 worker_test.go:250] "TestDoProbe" probeType="Readiness" testIndex=0 podStatus="&PodStatus{Phase:Running,Conditions:[]PodCondition{},Message:,Reason:,HostIP:,PodIP:,StartTime:<nil>,ContainerStatuses:[]ContainerStatus{},QOSClass:,InitContainerStatuses:[]ContainerStatus{ContainerStatus{Name:cOnTaInEr_NaMe,State:ContainerState{Waiting:nil,Running:&ContainerStateRunning{StartedAt:2025-07-18 18:34:24.999125 +0530 IST m=+0.018064417,},Terminated:nil,},LastTerminationState:ContainerState{Waiting:nil,Running:nil,Terminated:nil,},Ready:false,RestartCount:0,Image:,ImageID:,ContainerID:test://cOnTaInEr_Id,Started:*true,AllocatedResources:ResourceList{},Resources:nil,VolumeMounts:[]VolumeMountStatus{},User:nil,AllocatedResourcesStatus:[]ResourceStatus{},StopSignal:nil,},},NominatedNodeName:,PodIPs:[]PodIP{},EphemeralContainerStatuses:[]ContainerStatus{},Resize:,ResourceClaimStatuses:[]PodResourceClaimStatus{},HostIPs:[]HostIP{},ObservedGeneration:0,}"
I0718 18:34:24.999159   50478 prober.go:153] "Exec-Probe runProbe" pod="test-namespace/test-pod" containerName="cOnTaInEr_NaMe" execCommand=["/bin/true"]
I0718 18:34:24.999163   50478 prober.go:111] "Probe succeeded" probeType="Readiness" pod="test-namespace/test-pod" podUID="pOd_UiD" containerName="cOnTaInEr_NaMe"
I0718 18:34:24.999168   50478 worker.go:306] Debug probe, pod=test-namespace/test-pod, containerName=cOnTaInEr_NaMe, probeType=Readiness, result=Success, err=<nil>
I0718 18:34:24.999187   50478 worker_test.go:250] "TestDoProbe" probeType="Readiness" testIndex=1 podStatus="&PodStatus{Phase:Failed,Conditions:[]PodCondition{},Message:,Reason:,HostIP:,PodIP:,StartTime:<nil>,ContainerStatuses:[]ContainerStatus{},QOSClass:,InitContainerStatuses:[]ContainerStatus{ContainerStatus{Name:cOnTaInEr_NaMe,State:ContainerState{Waiting:nil,Running:&ContainerStateRunning{StartedAt:2025-07-18 18:34:24.999126 +0530 IST m=+0.018066001,},Terminated:nil,},LastTerminationState:ContainerState{Waiting:nil,Running:nil,Terminated:nil,},Ready:false,RestartCount:0,Image:,ImageID:,ContainerID:test://cOnTaInEr_Id,Started:*true,AllocatedResources:ResourceList{},Resources:nil,VolumeMounts:[]VolumeMountStatus{},User:nil,AllocatedResourcesStatus:[]ResourceStatus{},StopSignal:nil,},},NominatedNodeName:,PodIPs:[]PodIP{},EphemeralContainerStatuses:[]ContainerStatus{},Resize:,ResourceClaimStatuses:[]PodResourceClaimStatus{},HostIPs:[]HostIP{},ObservedGeneration:0,}"
I0718 18:34:24.999192   50478 worker.go:217] Pod is terminated, exiting probe worker, pod=test-namespace/test-pod, phase=Failed
I0718 18:34:24.999213   50478 worker_test.go:250] "TestDoProbe" probeType="Readiness" testIndex=2 podStatus="&PodStatus{Phase:Running,Conditions:[]PodCondition{},Message:,Reason:,HostIP:,PodIP:,StartTime:<nil>,ContainerStatuses:[]ContainerStatus{},QOSClass:,InitContainerStatuses:[]ContainerStatus{ContainerStatus{Name:cOnTaInEr_NaMe,State:ContainerState{Waiting:nil,Running:&ContainerStateRunning{StartedAt:2025-07-18 18:34:24.999125 +0530 IST m=+0.018064417,},Terminated:nil,},LastTerminationState:ContainerState{Waiting:nil,Running:nil,Terminated:nil,},Ready:false,RestartCount:0,Image:,ImageID:,ContainerID:test://cOnTaInEr_Id,Started:*true,AllocatedResources:ResourceList{},Resources:nil,VolumeMounts:[]VolumeMountStatus{},User:nil,AllocatedResourcesStatus:[]ResourceStatus{},StopSignal:nil,},},NominatedNodeName:,PodIPs:[]PodIP{},EphemeralContainerStatuses:[]ContainerStatus{},Resize:,ResourceClaimStatuses:[]PodResourceClaimStatus{},HostIPs:[]HostIP{},ObservedGeneration:0,}"
I0718 18:34:24.999226   50478 prober.go:153] "Exec-Probe runProbe" pod="test-namespace/test-pod" containerName="cOnTaInEr_NaMe" execCommand=["/bin/true"]
I0718 18:34:24.999230   50478 prober.go:111] "Probe succeeded" probeType="Readiness" pod="test-namespace/test-pod" podUID="pOd_UiD" containerName="cOnTaInEr_NaMe"
I0718 18:34:24.999234   50478 worker.go:306] Debug probe, pod=test-namespace/test-pod, containerName=cOnTaInEr_NaMe, probeType=Readiness, result=Success, err=<nil>
I0718 18:34:24.999253   50478 worker_test.go:250] "TestDoProbe" probeType="Readiness" testIndex=3 podStatus="&PodStatus{Phase:Running,Conditions:[]PodCondition{},Message:,Reason:,HostIP:,PodIP:,StartTime:<nil>,ContainerStatuses:[]ContainerStatus{},QOSClass:,InitContainerStatuses:[]ContainerStatus{ContainerStatus{Name:otherContainer,State:ContainerState{Waiting:nil,Running:&ContainerStateRunning{StartedAt:2025-07-18 18:34:24.999126 +0530 IST m=+0.018065626,},Terminated:nil,},LastTerminationState:ContainerState{Waiting:nil,Running:nil,Terminated:nil,},Ready:false,RestartCount:0,Image:,ImageID:,ContainerID:test://cOnTaInEr_Id,Started:*true,AllocatedResources:ResourceList{},Resources:nil,VolumeMounts:[]VolumeMountStatus{},User:nil,AllocatedResourcesStatus:[]ResourceStatus{},StopSignal:nil,},},NominatedNodeName:,PodIPs:[]PodIP{},EphemeralContainerStatuses:[]ContainerStatus{},Resize:,ResourceClaimStatuses:[]PodResourceClaimStatus{},HostIPs:[]HostIP{},ObservedGeneration:0,}"
I0718 18:34:24.999263   50478 worker.go:230] Probe target container not found, pod=test-namespace/test-pod, containerName=cOnTaInEr_NaMe
I0718 18:34:24.999280   50478 worker_test.go:250] "TestDoProbe" probeType="Readiness" testIndex=4 podStatus="&PodStatus{Phase:Running,Conditions:[]PodCondition{},Message:,Reason:,HostIP:,PodIP:,StartTime:<nil>,ContainerStatuses:[]ContainerStatus{},QOSClass:,InitContainerStatuses:[]ContainerStatus{ContainerStatus{Name:cOnTaInEr_NaMe,State:ContainerState{Waiting:nil,Running:nil,Terminated:nil,},LastTerminationState:ContainerState{Waiting:nil,Running:nil,Terminated:nil,},Ready:false,RestartCount:0,Image:,ImageID:,ContainerID:test://cOnTaInEr_Id,Started:*true,AllocatedResources:ResourceList{},Resources:nil,VolumeMounts:[]VolumeMountStatus{},User:nil,AllocatedResourcesStatus:[]ResourceStatus{},StopSignal:nil,},},NominatedNodeName:,PodIPs:[]PodIP{},EphemeralContainerStatuses:[]ContainerStatus{},Resize:,ResourceClaimStatuses:[]PodResourceClaimStatus{},HostIPs:[]HostIP{},ObservedGeneration:0,}"
I0718 18:34:24.999291   50478 worker.go:266] Non-running container probed, pod=test-namespace/test-pod, containerName=cOnTaInEr_NaMe
I0718 18:34:24.999316   50478 worker_test.go:250] "TestDoProbe" probeType="Readiness" testIndex=5 podStatus="&PodStatus{Phase:Running,Conditions:[]PodCondition{},Message:,Reason:,HostIP:,PodIP:,StartTime:<nil>,ContainerStatuses:[]ContainerStatus{},QOSClass:,InitContainerStatuses:[]ContainerStatus{ContainerStatus{Name:cOnTaInEr_NaMe,State:ContainerState{Waiting:nil,Running:nil,Terminated:&ContainerStateTerminated{ExitCode:0,Signal:0,Reason:,Message:,StartedAt:2025-07-18 18:34:24.999126 +0530 IST m=+0.018065334,FinishedAt:0001-01-01 00:00:00 +0000 UTC,ContainerID:,},},LastTerminationState:ContainerState{Waiting:nil,Running:nil,Terminated:nil,},Ready:false,RestartCount:0,Image:,ImageID:,ContainerID:test://cOnTaInEr_Id,Started:*true,AllocatedResources:ResourceList{},Resources:nil,VolumeMounts:[]VolumeMountStatus{},User:nil,AllocatedResourcesStatus:[]ResourceStatus{},StopSignal:nil,},},NominatedNodeName:,PodIPs:[]PodIP{},EphemeralContainerStatuses:[]ContainerStatus{},Resize:,ResourceClaimStatuses:[]PodResourceClaimStatus{},HostIPs:[]HostIP{},ObservedGeneration:0,}"
I0718 18:34:24.999324   50478 worker.go:266] Non-running container probed, pod=test-namespace/test-pod, containerName=cOnTaInEr_NaMe
    worker_test.go:288: [Readiness-5] Expected continue to be false but got true
I0718 18:34:24.999347   50478 worker_test.go:250] "TestDoProbe" probeType="Readiness" testIndex=6 podStatus="&PodStatus{Phase:Running,Conditions:[]PodCondition{},Message:,Reason:,HostIP:,PodIP:,StartTime:<nil>,ContainerStatuses:[]ContainerStatus{},QOSClass:,InitContainerStatuses:[]ContainerStatus{ContainerStatus{Name:cOnTaInEr_NaMe,State:ContainerState{Waiting:nil,Running:&ContainerStateRunning{StartedAt:2025-07-18 18:34:24.999125 +0530 IST m=+0.018064417,},Terminated:nil,},LastTerminationState:ContainerState{Waiting:nil,Running:nil,Terminated:nil,},Ready:false,RestartCount:0,Image:,ImageID:,ContainerID:test://cOnTaInEr_Id,Started:*true,AllocatedResources:ResourceList{},Resources:nil,VolumeMounts:[]VolumeMountStatus{},User:nil,AllocatedResourcesStatus:[]ResourceStatus{},StopSignal:nil,},},NominatedNodeName:,PodIPs:[]PodIP{},EphemeralContainerStatuses:[]ContainerStatus{},Resize:,ResourceClaimStatuses:[]PodResourceClaimStatus{},HostIPs:[]HostIP{},ObservedGeneration:0,}"
I0718 18:34:24.999357   50478 prober.go:153] "Exec-Probe runProbe" pod="test-namespace/test-pod" containerName="cOnTaInEr_NaMe" execCommand=["/bin/true"]
I0718 18:34:24.999360   50478 prober.go:111] "Probe succeeded" probeType="Readiness" pod="test-namespace/test-pod" podUID="pOd_UiD" containerName="cOnTaInEr_NaMe"
I0718 18:34:24.999365   50478 worker.go:306] Debug probe, pod=test-namespace/test-pod, containerName=cOnTaInEr_NaMe, probeType=Readiness, result=Success, err=<nil>
I0718 18:34:24.999387   50478 worker_test.go:250] "TestDoProbe" probeType="Readiness" testIndex=7 podStatus="&PodStatus{Phase:Running,Conditions:[]PodCondition{},Message:,Reason:,HostIP:,PodIP:,StartTime:<nil>,ContainerStatuses:[]ContainerStatus{},QOSClass:,InitContainerStatuses:[]ContainerStatus{ContainerStatus{Name:cOnTaInEr_NaMe,State:ContainerState{Waiting:nil,Running:&ContainerStateRunning{StartedAt:2025-07-18 18:34:24.999125 +0530 IST m=+0.018064417,},Terminated:nil,},LastTerminationState:ContainerState{Waiting:nil,Running:nil,Terminated:nil,},Ready:false,RestartCount:0,Image:,ImageID:,ContainerID:test://cOnTaInEr_Id,Started:*true,AllocatedResources:ResourceList{},Resources:nil,VolumeMounts:[]VolumeMountStatus{},User:nil,AllocatedResourcesStatus:[]ResourceStatus{},StopSignal:nil,},},NominatedNodeName:,PodIPs:[]PodIP{},EphemeralContainerStatuses:[]ContainerStatus{},Resize:,ResourceClaimStatuses:[]PodResourceClaimStatus{},HostIPs:[]HostIP{},ObservedGeneration:0,}"
I0718 18:34:24.999398   50478 prober.go:153] "Exec-Probe runProbe" pod="test-namespace/test-pod" containerName="cOnTaInEr_NaMe" execCommand=["/bin/true"]
I0718 18:34:24.999403   50478 prober.go:111] "Probe succeeded" probeType="Readiness" pod="test-namespace/test-pod" podUID="pOd_UiD" containerName="cOnTaInEr_NaMe"
I0718 18:34:24.999408   50478 worker.go:306] Debug probe, pod=test-namespace/test-pod, containerName=cOnTaInEr_NaMe, probeType=Readiness, result=Success, err=<nil>
I0718 18:34:24.999428   50478 worker_test.go:250] "TestDoProbe" probeType="Readiness" testIndex=8 podStatus="&PodStatus{Phase:Running,Conditions:[]PodCondition{},Message:,Reason:,HostIP:,PodIP:,StartTime:<nil>,ContainerStatuses:[]ContainerStatus{},QOSClass:,InitContainerStatuses:[]ContainerStatus{ContainerStatus{Name:cOnTaInEr_NaMe,State:ContainerState{Waiting:nil,Running:nil,Terminated:&ContainerStateTerminated{ExitCode:0,Signal:0,Reason:,Message:,StartedAt:2025-07-18 18:34:24.999128 +0530 IST m=+0.018067792,FinishedAt:0001-01-01 00:00:00 +0000 UTC,ContainerID:,},},LastTerminationState:ContainerState{Waiting:nil,Running:nil,Terminated:nil,},Ready:false,RestartCount:0,Image:,ImageID:,ContainerID:test://cOnTaInEr_Id,Started:nil,AllocatedResources:ResourceList{},Resources:nil,VolumeMounts:[]VolumeMountStatus{},User:nil,AllocatedResourcesStatus:[]ResourceStatus{},StopSignal:nil,},},NominatedNodeName:,PodIPs:[]PodIP{},EphemeralContainerStatuses:[]ContainerStatus{},Resize:,ResourceClaimStatuses:[]PodResourceClaimStatus{},HostIPs:[]HostIP{},ObservedGeneration:0,}"
I0718 18:34:24.999438   50478 worker.go:266] Non-running container probed, pod=test-namespace/test-pod, containerName=cOnTaInEr_NaMe
    worker_test.go:288: [Readiness-8] Expected continue to be false but got true
I0718 18:34:24.999465   50478 worker_test.go:250] "TestDoProbe" probeType="Readiness" testIndex=9 podStatus="&PodStatus{Phase:Running,Conditions:[]PodCondition{},Message:,Reason:,HostIP:,PodIP:,StartTime:<nil>,ContainerStatuses:[]ContainerStatus{},QOSClass:,InitContainerStatuses:[]ContainerStatus{ContainerStatus{Name:cOnTaInEr_NaMe,State:ContainerState{Waiting:nil,Running:&ContainerStateRunning{StartedAt:2025-07-18 18:34:24.999128 +0530 IST m=+0.018068084,},Terminated:nil,},LastTerminationState:ContainerState{Waiting:nil,Running:nil,Terminated:nil,},Ready:false,RestartCount:0,Image:,ImageID:,ContainerID:test://cOnTaInEr_Id,Started:*true,AllocatedResources:ResourceList{},Resources:nil,VolumeMounts:[]VolumeMountStatus{},User:nil,AllocatedResourcesStatus:[]ResourceStatus{},StopSignal:nil,},},NominatedNodeName:,PodIPs:[]PodIP{},EphemeralContainerStatuses:[]ContainerStatus{},Resize:,ResourceClaimStatuses:[]PodResourceClaimStatus{},HostIPs:[]HostIP{},ObservedGeneration:0,}"
I0718 18:34:24.999473   50478 prober.go:153] "Exec-Probe runProbe" pod="test-namespace/test-pod" containerName="cOnTaInEr_NaMe" execCommand=["/bin/true"]
I0718 18:34:24.999477   50478 prober.go:111] "Probe succeeded" probeType="Readiness" pod="test-namespace/test-pod" podUID="pOd_UiD" containerName="cOnTaInEr_NaMe"
I0718 18:34:24.999481   50478 worker.go:306] Debug probe, pod=test-namespace/test-pod, containerName=cOnTaInEr_NaMe, probeType=Readiness, result=Success, err=<nil>
I0718 18:34:24.999502   50478 worker_test.go:250] "TestDoProbe" probeType="Startup" testIndex=0 podStatus="&PodStatus{Phase:Running,Conditions:[]PodCondition{},Message:,Reason:,HostIP:,PodIP:,StartTime:<nil>,ContainerStatuses:[]ContainerStatus{},QOSClass:,InitContainerStatuses:[]ContainerStatus{ContainerStatus{Name:cOnTaInEr_NaMe,State:ContainerState{Waiting:nil,Running:nil,Terminated:nil,},LastTerminationState:ContainerState{Waiting:nil,Running:nil,Terminated:nil,},Ready:false,RestartCount:0,Image:,ImageID:,ContainerID:test://cOnTaInEr_Id,Started:*false,AllocatedResources:ResourceList{},Resources:nil,VolumeMounts:[]VolumeMountStatus{},User:nil,AllocatedResourcesStatus:[]ResourceStatus{},StopSignal:nil,},},NominatedNodeName:,PodIPs:[]PodIP{},EphemeralContainerStatuses:[]ContainerStatus{},Resize:,ResourceClaimStatuses:[]PodResourceClaimStatus{},HostIPs:[]HostIP{},ObservedGeneration:0,}"
I0718 18:34:24.999509   50478 worker.go:266] Non-running container probed, pod=test-namespace/test-pod, containerName=cOnTaInEr_NaMe
    worker_test.go:295: [Startup-0] Expected result: Success but got UNKNOWN
I0718 18:34:24.999534   50478 worker_test.go:250] "TestDoProbe" probeType="Startup" testIndex=1 podStatus="&PodStatus{Phase:Failed,Conditions:[]PodCondition{},Message:,Reason:,HostIP:,PodIP:,StartTime:<nil>,ContainerStatuses:[]ContainerStatus{},QOSClass:,InitContainerStatuses:[]ContainerStatus{ContainerStatus{Name:cOnTaInEr_NaMe,State:ContainerState{Waiting:nil,Running:nil,Terminated:nil,},LastTerminationState:ContainerState{Waiting:nil,Running:nil,Terminated:nil,},Ready:false,RestartCount:0,Image:,ImageID:,ContainerID:test://cOnTaInEr_Id,Started:*false,AllocatedResources:ResourceList{},Resources:nil,VolumeMounts:[]VolumeMountStatus{},User:nil,AllocatedResourcesStatus:[]ResourceStatus{},StopSignal:nil,},},NominatedNodeName:,PodIPs:[]PodIP{},EphemeralContainerStatuses:[]ContainerStatus{},Resize:,ResourceClaimStatuses:[]PodResourceClaimStatus{},HostIPs:[]HostIP{},ObservedGeneration:0,}"
I0718 18:34:24.999539   50478 worker.go:217] Pod is terminated, exiting probe worker, pod=test-namespace/test-pod, phase=Failed
I0718 18:34:24.999558   50478 worker_test.go:250] "TestDoProbe" probeType="Startup" testIndex=2 podStatus="&PodStatus{Phase:Running,Conditions:[]PodCondition{},Message:,Reason:,HostIP:,PodIP:,StartTime:<nil>,ContainerStatuses:[]ContainerStatus{},QOSClass:,InitContainerStatuses:[]ContainerStatus{ContainerStatus{Name:cOnTaInEr_NaMe,State:ContainerState{Waiting:nil,Running:nil,Terminated:nil,},LastTerminationState:ContainerState{Waiting:nil,Running:nil,Terminated:nil,},Ready:false,RestartCount:0,Image:,ImageID:,ContainerID:test://cOnTaInEr_Id,Started:*false,AllocatedResources:ResourceList{},Resources:nil,VolumeMounts:[]VolumeMountStatus{},User:nil,AllocatedResourcesStatus:[]ResourceStatus{},StopSignal:nil,},},NominatedNodeName:,PodIPs:[]PodIP{},EphemeralContainerStatuses:[]ContainerStatus{},Resize:,ResourceClaimStatuses:[]PodResourceClaimStatus{},HostIPs:[]HostIP{},ObservedGeneration:0,}"
I0718 18:34:24.999566   50478 worker.go:254] Pod deletion requested, setting probe result to success, probeType=Startup, pod=test-namespace/test-pod, containerName=cOnTaInEr_NaMe
I0718 18:34:24.999570   50478 worker.go:257] Pod deletion requested before container has fully started, pod=test-namespace/test-pod, containerName=cOnTaInEr_NaMe
I0718 18:34:24.999589   50478 worker_test.go:250] "TestDoProbe" probeType="Startup" testIndex=3 podStatus="&PodStatus{Phase:Running,Conditions:[]PodCondition{},Message:,Reason:,HostIP:,PodIP:,StartTime:<nil>,ContainerStatuses:[]ContainerStatus{},QOSClass:,InitContainerStatuses:[]ContainerStatus{ContainerStatus{Name:otherContainer,State:ContainerState{Waiting:nil,Running:nil,Terminated:nil,},LastTerminationState:ContainerState{Waiting:nil,Running:nil,Terminated:nil,},Ready:false,RestartCount:0,Image:,ImageID:,ContainerID:test://cOnTaInEr_Id,Started:*false,AllocatedResources:ResourceList{},Resources:nil,VolumeMounts:[]VolumeMountStatus{},User:nil,AllocatedResourcesStatus:[]ResourceStatus{},StopSignal:nil,},},NominatedNodeName:,PodIPs:[]PodIP{},EphemeralContainerStatuses:[]ContainerStatus{},Resize:,ResourceClaimStatuses:[]PodResourceClaimStatus{},HostIPs:[]HostIP{},ObservedGeneration:0,}"
I0718 18:34:24.999598   50478 worker.go:230] Probe target container not found, pod=test-namespace/test-pod, containerName=cOnTaInEr_NaMe
I0718 18:34:24.999619   50478 worker_test.go:250] "TestDoProbe" probeType="Startup" testIndex=4 podStatus="&PodStatus{Phase:Running,Conditions:[]PodCondition{},Message:,Reason:,HostIP:,PodIP:,StartTime:<nil>,ContainerStatuses:[]ContainerStatus{},QOSClass:,InitContainerStatuses:[]ContainerStatus{ContainerStatus{Name:cOnTaInEr_NaMe,State:ContainerState{Waiting:nil,Running:nil,Terminated:nil,},LastTerminationState:ContainerState{Waiting:nil,Running:nil,Terminated:nil,},Ready:false,RestartCount:0,Image:,ImageID:,ContainerID:test://cOnTaInEr_Id,Started:*false,AllocatedResources:ResourceList{},Resources:nil,VolumeMounts:[]VolumeMountStatus{},User:nil,AllocatedResourcesStatus:[]ResourceStatus{},StopSignal:nil,},},NominatedNodeName:,PodIPs:[]PodIP{},EphemeralContainerStatuses:[]ContainerStatus{},Resize:,ResourceClaimStatuses:[]PodResourceClaimStatus{},HostIPs:[]HostIP{},ObservedGeneration:0,}"
I0718 18:34:24.999628   50478 worker.go:266] Non-running container probed, pod=test-namespace/test-pod, containerName=cOnTaInEr_NaMe
    worker_test.go:295: [Startup-4] Expected result: Failure but got UNKNOWN
I0718 18:34:24.999659   50478 worker_test.go:250] "TestDoProbe" probeType="Startup" testIndex=5 podStatus="&PodStatus{Phase:Running,Conditions:[]PodCondition{},Message:,Reason:,HostIP:,PodIP:,StartTime:<nil>,ContainerStatuses:[]ContainerStatus{},QOSClass:,InitContainerStatuses:[]ContainerStatus{ContainerStatus{Name:cOnTaInEr_NaMe,State:ContainerState{Waiting:nil,Running:nil,Terminated:&ContainerStateTerminated{ExitCode:0,Signal:0,Reason:,Message:,StartedAt:2025-07-18 18:34:24.999484 +0530 IST m=+0.018423167,FinishedAt:0001-01-01 00:00:00 +0000 UTC,ContainerID:,},},LastTerminationState:ContainerState{Waiting:nil,Running:nil,Terminated:nil,},Ready:false,RestartCount:0,Image:,ImageID:,ContainerID:test://cOnTaInEr_Id,Started:*false,AllocatedResources:ResourceList{},Resources:nil,VolumeMounts:[]VolumeMountStatus{},User:nil,AllocatedResourcesStatus:[]ResourceStatus{},StopSignal:nil,},},NominatedNodeName:,PodIPs:[]PodIP{},EphemeralContainerStatuses:[]ContainerStatus{},Resize:,ResourceClaimStatuses:[]PodResourceClaimStatus{},HostIPs:[]HostIP{},ObservedGeneration:0,}"
I0718 18:34:24.999666   50478 worker.go:266] Non-running container probed, pod=test-namespace/test-pod, containerName=cOnTaInEr_NaMe
    worker_test.go:288: [Startup-5] Expected continue to be false but got true
I0718 18:34:24.999688   50478 worker_test.go:250] "TestDoProbe" probeType="Startup" testIndex=6 podStatus="&PodStatus{Phase:Running,Conditions:[]PodCondition{},Message:,Reason:,HostIP:,PodIP:,StartTime:<nil>,ContainerStatuses:[]ContainerStatus{},QOSClass:,InitContainerStatuses:[]ContainerStatus{ContainerStatus{Name:cOnTaInEr_NaMe,State:ContainerState{Waiting:nil,Running:nil,Terminated:nil,},LastTerminationState:ContainerState{Waiting:nil,Running:nil,Terminated:nil,},Ready:false,RestartCount:0,Image:,ImageID:,ContainerID:test://cOnTaInEr_Id,Started:*false,AllocatedResources:ResourceList{},Resources:nil,VolumeMounts:[]VolumeMountStatus{},User:nil,AllocatedResourcesStatus:[]ResourceStatus{},StopSignal:nil,},},NominatedNodeName:,PodIPs:[]PodIP{},EphemeralContainerStatuses:[]ContainerStatus{},Resize:,ResourceClaimStatuses:[]PodResourceClaimStatus{},HostIPs:[]HostIP{},ObservedGeneration:0,}"
I0718 18:34:24.999695   50478 worker.go:266] Non-running container probed, pod=test-namespace/test-pod, containerName=cOnTaInEr_NaMe
    worker_test.go:295: [Startup-6] Expected result: Success but got UNKNOWN
I0718 18:34:24.999719   50478 worker_test.go:250] "TestDoProbe" probeType="Startup" testIndex=7 podStatus="&PodStatus{Phase:Running,Conditions:[]PodCondition{},Message:,Reason:,HostIP:,PodIP:,StartTime:<nil>,ContainerStatuses:[]ContainerStatus{},QOSClass:,InitContainerStatuses:[]ContainerStatus{ContainerStatus{Name:cOnTaInEr_NaMe,State:ContainerState{Waiting:nil,Running:nil,Terminated:nil,},LastTerminationState:ContainerState{Waiting:nil,Running:nil,Terminated:nil,},Ready:false,RestartCount:0,Image:,ImageID:,ContainerID:test://cOnTaInEr_Id,Started:*false,AllocatedResources:ResourceList{},Resources:nil,VolumeMounts:[]VolumeMountStatus{},User:nil,AllocatedResourcesStatus:[]ResourceStatus{},StopSignal:nil,},},NominatedNodeName:,PodIPs:[]PodIP{},EphemeralContainerStatuses:[]ContainerStatus{},Resize:,ResourceClaimStatuses:[]PodResourceClaimStatus{},HostIPs:[]HostIP{},ObservedGeneration:0,}"
I0718 18:34:24.999729   50478 worker.go:266] Non-running container probed, pod=test-namespace/test-pod, containerName=cOnTaInEr_NaMe
    worker_test.go:295: [Startup-7] Expected result: Success but got UNKNOWN
I0718 18:34:24.999758   50478 worker_test.go:250] "TestDoProbe" probeType="Startup" testIndex=8 podStatus="&PodStatus{Phase:Running,Conditions:[]PodCondition{},Message:,Reason:,HostIP:,PodIP:,StartTime:<nil>,ContainerStatuses:[]ContainerStatus{},QOSClass:,InitContainerStatuses:[]ContainerStatus{ContainerStatus{Name:cOnTaInEr_NaMe,State:ContainerState{Waiting:nil,Running:nil,Terminated:&ContainerStateTerminated{ExitCode:0,Signal:0,Reason:,Message:,StartedAt:2025-07-18 18:34:24.999485 +0530 IST m=+0.018424792,FinishedAt:0001-01-01 00:00:00 +0000 UTC,ContainerID:,},},LastTerminationState:ContainerState{Waiting:nil,Running:nil,Terminated:nil,},Ready:false,RestartCount:0,Image:,ImageID:,ContainerID:test://cOnTaInEr_Id,Started:nil,AllocatedResources:ResourceList{},Resources:nil,VolumeMounts:[]VolumeMountStatus{},User:nil,AllocatedResourcesStatus:[]ResourceStatus{},StopSignal:nil,},},NominatedNodeName:,PodIPs:[]PodIP{},EphemeralContainerStatuses:[]ContainerStatus{},Resize:,ResourceClaimStatuses:[]PodResourceClaimStatus{},HostIPs:[]HostIP{},ObservedGeneration:0,}"
I0718 18:34:24.999768   50478 worker.go:266] Non-running container probed, pod=test-namespace/test-pod, containerName=cOnTaInEr_NaMe
    worker_test.go:288: [Startup-8] Expected continue to be false but got true
I0718 18:34:24.999793   50478 worker_test.go:250] "TestDoProbe" probeType="Startup" testIndex=9 podStatus="&PodStatus{Phase:Running,Conditions:[]PodCondition{},Message:,Reason:,HostIP:,PodIP:,StartTime:<nil>,ContainerStatuses:[]ContainerStatus{},QOSClass:,InitContainerStatuses:[]ContainerStatus{ContainerStatus{Name:cOnTaInEr_NaMe,State:ContainerState{Waiting:nil,Running:&ContainerStateRunning{StartedAt:2025-07-18 18:34:24.999485 +0530 IST m=+0.018425126,},Terminated:nil,},LastTerminationState:ContainerState{Waiting:nil,Running:nil,Terminated:nil,},Ready:false,RestartCount:0,Image:,ImageID:,ContainerID:test://cOnTaInEr_Id,Started:*true,AllocatedResources:ResourceList{},Resources:nil,VolumeMounts:[]VolumeMountStatus{},User:nil,AllocatedResourcesStatus:[]ResourceStatus{},StopSignal:nil,},},NominatedNodeName:,PodIPs:[]PodIP{},EphemeralContainerStatuses:[]ContainerStatus{},Resize:,ResourceClaimStatuses:[]PodResourceClaimStatus{},HostIPs:[]HostIP{},ObservedGeneration:0,}"
I0718 18:34:24.999801   50478 worker.go:292] Startup probe stopped, container started, pod=test-namespace/test-pod, containerName=cOnTaInEr_NaMe
    worker_test.go:288: [Startup-9] Expected continue to be true but got false
--- FAIL: TestDoProbe (0.00s)
=== RUN   TestDoProbe
I0718 18:34:24.999988   50478 worker_test.go:250] "TestDoProbe" probeType="Liveness" testIndex=0 podStatus="&PodStatus{Phase:Running,Conditions:[]PodCondition{},Message:,Reason:,HostIP:,PodIP:,StartTime:<nil>,ContainerStatuses:[]ContainerStatus{},QOSClass:,InitContainerStatuses:[]ContainerStatus{ContainerStatus{Name:cOnTaInEr_NaMe,State:ContainerState{Waiting:nil,Running:&ContainerStateRunning{StartedAt:2025-07-18 18:34:24.99988 +0530 IST m=+0.018819542,},Terminated:nil,},LastTerminationState:ContainerState{Waiting:nil,Running:nil,Terminated:nil,},Ready:false,RestartCount:0,Image:,ImageID:,ContainerID:test://cOnTaInEr_Id,Started:*true,AllocatedResources:ResourceList{},Resources:nil,VolumeMounts:[]VolumeMountStatus{},User:nil,AllocatedResourcesStatus:[]ResourceStatus{},StopSignal:nil,},},NominatedNodeName:,PodIPs:[]PodIP{},EphemeralContainerStatuses:[]ContainerStatus{},Resize:,ResourceClaimStatuses:[]PodResourceClaimStatus{},HostIPs:[]HostIP{},ObservedGeneration:0,}"
I0718 18:34:25.000000   50478 prober.go:153] "Exec-Probe runProbe" pod="test-namespace/test-pod" containerName="cOnTaInEr_NaMe" execCommand=["/bin/true"]
I0718 18:34:25.000004   50478 prober.go:111] "Probe succeeded" probeType="Liveness" pod="test-namespace/test-pod" podUID="pOd_UiD" containerName="cOnTaInEr_NaMe"
I0718 18:34:25.000009   50478 worker.go:306] Debug probe, pod=test-namespace/test-pod, containerName=cOnTaInEr_NaMe, probeType=Liveness, result=Success, err=<nil>
I0718 18:34:25.000031   50478 worker_test.go:250] "TestDoProbe" probeType="Liveness" testIndex=1 podStatus="&PodStatus{Phase:Failed,Conditions:[]PodCondition{},Message:,Reason:,HostIP:,PodIP:,StartTime:<nil>,ContainerStatuses:[]ContainerStatus{},QOSClass:,InitContainerStatuses:[]ContainerStatus{ContainerStatus{Name:cOnTaInEr_NaMe,State:ContainerState{Waiting:nil,Running:&ContainerStateRunning{StartedAt:2025-07-18 18:34:24.999882 +0530 IST m=+0.018821209,},Terminated:nil,},LastTerminationState:ContainerState{Waiting:nil,Running:nil,Terminated:nil,},Ready:false,RestartCount:0,Image:,ImageID:,ContainerID:test://cOnTaInEr_Id,Started:*true,AllocatedResources:ResourceList{},Resources:nil,VolumeMounts:[]VolumeMountStatus{},User:nil,AllocatedResourcesStatus:[]ResourceStatus{},StopSignal:nil,},},NominatedNodeName:,PodIPs:[]PodIP{},EphemeralContainerStatuses:[]ContainerStatus{},Resize:,ResourceClaimStatuses:[]PodResourceClaimStatus{},HostIPs:[]HostIP{},ObservedGeneration:0,}"
I0718 18:34:25.000038   50478 worker.go:217] Pod is terminated, exiting probe worker, pod=test-namespace/test-pod, phase=Failed
I0718 18:34:25.000057   50478 worker_test.go:250] "TestDoProbe" probeType="Liveness" testIndex=2 podStatus="&PodStatus{Phase:Running,Conditions:[]PodCondition{},Message:,Reason:,HostIP:,PodIP:,StartTime:<nil>,ContainerStatuses:[]ContainerStatus{},QOSClass:,InitContainerStatuses:[]ContainerStatus{ContainerStatus{Name:cOnTaInEr_NaMe,State:ContainerState{Waiting:nil,Running:&ContainerStateRunning{StartedAt:2025-07-18 18:34:24.99988 +0530 IST m=+0.018819542,},Terminated:nil,},LastTerminationState:ContainerState{Waiting:nil,Running:nil,Terminated:nil,},Ready:false,RestartCount:0,Image:,ImageID:,ContainerID:test://cOnTaInEr_Id,Started:*true,AllocatedResources:ResourceList{},Resources:nil,VolumeMounts:[]VolumeMountStatus{},User:nil,AllocatedResourcesStatus:[]ResourceStatus{},StopSignal:nil,},},NominatedNodeName:,PodIPs:[]PodIP{},EphemeralContainerStatuses:[]ContainerStatus{},Resize:,ResourceClaimStatuses:[]PodResourceClaimStatus{},HostIPs:[]HostIP{},ObservedGeneration:0,}"
I0718 18:34:25.000066   50478 worker.go:254] Pod deletion requested, setting probe result to success, probeType=Liveness, pod=test-namespace/test-pod, containerName=cOnTaInEr_NaMe
I0718 18:34:25.000085   50478 worker_test.go:250] "TestDoProbe" probeType="Liveness" testIndex=3 podStatus="&PodStatus{Phase:Running,Conditions:[]PodCondition{},Message:,Reason:,HostIP:,PodIP:,StartTime:<nil>,ContainerStatuses:[]ContainerStatus{},QOSClass:,InitContainerStatuses:[]ContainerStatus{ContainerStatus{Name:otherContainer,State:ContainerState{Waiting:nil,Running:&ContainerStateRunning{StartedAt:2025-07-18 18:34:24.999881 +0530 IST m=+0.018820917,},Terminated:nil,},LastTerminationState:ContainerState{Waiting:nil,Running:nil,Terminated:nil,},Ready:false,RestartCount:0,Image:,ImageID:,ContainerID:test://cOnTaInEr_Id,Started:*true,AllocatedResources:ResourceList{},Resources:nil,VolumeMounts:[]VolumeMountStatus{},User:nil,AllocatedResourcesStatus:[]ResourceStatus{},StopSignal:nil,},},NominatedNodeName:,PodIPs:[]PodIP{},EphemeralContainerStatuses:[]ContainerStatus{},Resize:,ResourceClaimStatuses:[]PodResourceClaimStatus{},HostIPs:[]HostIP{},ObservedGeneration:0,}"
I0718 18:34:25.000098   50478 worker.go:230] Probe target container not found, pod=test-namespace/test-pod, containerName=cOnTaInEr_NaMe
I0718 18:34:25.000117   50478 worker_test.go:250] "TestDoProbe" probeType="Liveness" testIndex=4 podStatus="&PodStatus{Phase:Running,Conditions:[]PodCondition{},Message:,Reason:,HostIP:,PodIP:,StartTime:<nil>,ContainerStatuses:[]ContainerStatus{},QOSClass:,InitContainerStatuses:[]ContainerStatus{ContainerStatus{Name:cOnTaInEr_NaMe,State:ContainerState{Waiting:nil,Running:nil,Terminated:nil,},LastTerminationState:ContainerState{Waiting:nil,Running:nil,Terminated:nil,},Ready:false,RestartCount:0,Image:,ImageID:,ContainerID:test://cOnTaInEr_Id,Started:*true,AllocatedResources:ResourceList{},Resources:nil,VolumeMounts:[]VolumeMountStatus{},User:nil,AllocatedResourcesStatus:[]ResourceStatus{},StopSignal:nil,},},NominatedNodeName:,PodIPs:[]PodIP{},EphemeralContainerStatuses:[]ContainerStatus{},Resize:,ResourceClaimStatuses:[]PodResourceClaimStatus{},HostIPs:[]HostIP{},ObservedGeneration:0,}"
I0718 18:34:25.000127   50478 worker.go:266] Non-running container probed, pod=test-namespace/test-pod, containerName=cOnTaInEr_NaMe
    worker_test.go:288: [Liveness-4] Expected continue to be true but got false
I0718 18:34:25.000153   50478 worker_test.go:250] "TestDoProbe" probeType="Liveness" testIndex=5 podStatus="&PodStatus{Phase:Running,Conditions:[]PodCondition{},Message:,Reason:,HostIP:,PodIP:,StartTime:<nil>,ContainerStatuses:[]ContainerStatus{},QOSClass:,InitContainerStatuses:[]ContainerStatus{ContainerStatus{Name:cOnTaInEr_NaMe,State:ContainerState{Waiting:nil,Running:nil,Terminated:&ContainerStateTerminated{ExitCode:0,Signal:0,Reason:,Message:,StartedAt:2025-07-18 18:34:24.999881 +0530 IST m=+0.018820667,FinishedAt:0001-01-01 00:00:00 +0000 UTC,ContainerID:,},},LastTerminationState:ContainerState{Waiting:nil,Running:nil,Terminated:nil,},Ready:false,RestartCount:0,Image:,ImageID:,ContainerID:test://cOnTaInEr_Id,Started:*true,AllocatedResources:ResourceList{},Resources:nil,VolumeMounts:[]VolumeMountStatus{},User:nil,AllocatedResourcesStatus:[]ResourceStatus{},StopSignal:nil,},},NominatedNodeName:,PodIPs:[]PodIP{},EphemeralContainerStatuses:[]ContainerStatus{},Resize:,ResourceClaimStatuses:[]PodResourceClaimStatus{},HostIPs:[]HostIP{},ObservedGeneration:0,}"
I0718 18:34:25.000161   50478 worker.go:266] Non-running container probed, pod=test-namespace/test-pod, containerName=cOnTaInEr_NaMe
    worker_test.go:288: [Liveness-5] Expected continue to be false but got true
I0718 18:34:25.000183   50478 worker_test.go:250] "TestDoProbe" probeType="Liveness" testIndex=6 podStatus="&PodStatus{Phase:Running,Conditions:[]PodCondition{},Message:,Reason:,HostIP:,PodIP:,StartTime:<nil>,ContainerStatuses:[]ContainerStatus{},QOSClass:,InitContainerStatuses:[]ContainerStatus{ContainerStatus{Name:cOnTaInEr_NaMe,State:ContainerState{Waiting:nil,Running:&ContainerStateRunning{StartedAt:2025-07-18 18:34:24.99988 +0530 IST m=+0.018819542,},Terminated:nil,},LastTerminationState:ContainerState{Waiting:nil,Running:nil,Terminated:nil,},Ready:false,RestartCount:0,Image:,ImageID:,ContainerID:test://cOnTaInEr_Id,Started:*true,AllocatedResources:ResourceList{},Resources:nil,VolumeMounts:[]VolumeMountStatus{},User:nil,AllocatedResourcesStatus:[]ResourceStatus{},StopSignal:nil,},},NominatedNodeName:,PodIPs:[]PodIP{},EphemeralContainerStatuses:[]ContainerStatus{},Resize:,ResourceClaimStatuses:[]PodResourceClaimStatus{},HostIPs:[]HostIP{},ObservedGeneration:0,}"
I0718 18:34:25.000193   50478 prober.go:153] "Exec-Probe runProbe" pod="test-namespace/test-pod" containerName="cOnTaInEr_NaMe" execCommand=["/bin/true"]
I0718 18:34:25.000197   50478 prober.go:111] "Probe succeeded" probeType="Liveness" pod="test-namespace/test-pod" podUID="pOd_UiD" containerName="cOnTaInEr_NaMe"
I0718 18:34:25.000201   50478 worker.go:306] Debug probe, pod=test-namespace/test-pod, containerName=cOnTaInEr_NaMe, probeType=Liveness, result=Success, err=<nil>
I0718 18:34:25.000223   50478 worker_test.go:250] "TestDoProbe" probeType="Liveness" testIndex=7 podStatus="&PodStatus{Phase:Running,Conditions:[]PodCondition{},Message:,Reason:,HostIP:,PodIP:,StartTime:<nil>,ContainerStatuses:[]ContainerStatus{},QOSClass:,InitContainerStatuses:[]ContainerStatus{ContainerStatus{Name:cOnTaInEr_NaMe,State:ContainerState{Waiting:nil,Running:&ContainerStateRunning{StartedAt:2025-07-18 18:34:24.99988 +0530 IST m=+0.018819542,},Terminated:nil,},LastTerminationState:ContainerState{Waiting:nil,Running:nil,Terminated:nil,},Ready:false,RestartCount:0,Image:,ImageID:,ContainerID:test://cOnTaInEr_Id,Started:*true,AllocatedResources:ResourceList{},Resources:nil,VolumeMounts:[]VolumeMountStatus{},User:nil,AllocatedResourcesStatus:[]ResourceStatus{},StopSignal:nil,},},NominatedNodeName:,PodIPs:[]PodIP{},EphemeralContainerStatuses:[]ContainerStatus{},Resize:,ResourceClaimStatuses:[]PodResourceClaimStatus{},HostIPs:[]HostIP{},ObservedGeneration:0,}"
I0718 18:34:25.000231   50478 prober.go:153] "Exec-Probe runProbe" pod="test-namespace/test-pod" containerName="cOnTaInEr_NaMe" execCommand=["/bin/true"]
I0718 18:34:25.000235   50478 prober.go:111] "Probe succeeded" probeType="Liveness" pod="test-namespace/test-pod" podUID="pOd_UiD" containerName="cOnTaInEr_NaMe"
I0718 18:34:25.000239   50478 worker.go:306] Debug probe, pod=test-namespace/test-pod, containerName=cOnTaInEr_NaMe, probeType=Liveness, result=Success, err=<nil>
I0718 18:34:25.000263   50478 worker_test.go:250] "TestDoProbe" probeType="Liveness" testIndex=8 podStatus="&PodStatus{Phase:Running,Conditions:[]PodCondition{},Message:,Reason:,HostIP:,PodIP:,StartTime:<nil>,ContainerStatuses:[]ContainerStatus{},QOSClass:,InitContainerStatuses:[]ContainerStatus{ContainerStatus{Name:cOnTaInEr_NaMe,State:ContainerState{Waiting:nil,Running:nil,Terminated:&ContainerStateTerminated{ExitCode:0,Signal:0,Reason:,Message:,StartedAt:2025-07-18 18:34:24.999885 +0530 IST m=+0.018824959,FinishedAt:0001-01-01 00:00:00 +0000 UTC,ContainerID:,},},LastTerminationState:ContainerState{Waiting:nil,Running:nil,Terminated:nil,},Ready:false,RestartCount:0,Image:,ImageID:,ContainerID:test://cOnTaInEr_Id,Started:nil,AllocatedResources:ResourceList{},Resources:nil,VolumeMounts:[]VolumeMountStatus{},User:nil,AllocatedResourcesStatus:[]ResourceStatus{},StopSignal:nil,},},NominatedNodeName:,PodIPs:[]PodIP{},EphemeralContainerStatuses:[]ContainerStatus{},Resize:,ResourceClaimStatuses:[]PodResourceClaimStatus{},HostIPs:[]HostIP{},ObservedGeneration:0,}"
I0718 18:34:25.000275   50478 worker.go:266] Non-running container probed, pod=test-namespace/test-pod, containerName=cOnTaInEr_NaMe
    worker_test.go:288: [Liveness-8] Expected continue to be false but got true
I0718 18:34:25.000298   50478 worker_test.go:250] "TestDoProbe" probeType="Liveness" testIndex=9 podStatus="&PodStatus{Phase:Running,Conditions:[]PodCondition{},Message:,Reason:,HostIP:,PodIP:,StartTime:<nil>,ContainerStatuses:[]ContainerStatus{},QOSClass:,InitContainerStatuses:[]ContainerStatus{ContainerStatus{Name:cOnTaInEr_NaMe,State:ContainerState{Waiting:nil,Running:&ContainerStateRunning{StartedAt:2025-07-18 18:34:24.999886 +0530 IST m=+0.018825251,},Terminated:nil,},LastTerminationState:ContainerState{Waiting:nil,Running:nil,Terminated:nil,},Ready:false,RestartCount:0,Image:,ImageID:,ContainerID:test://cOnTaInEr_Id,Started:*true,AllocatedResources:ResourceList{},Resources:nil,VolumeMounts:[]VolumeMountStatus{},User:nil,AllocatedResourcesStatus:[]ResourceStatus{},StopSignal:nil,},},NominatedNodeName:,PodIPs:[]PodIP{},EphemeralContainerStatuses:[]ContainerStatus{},Resize:,ResourceClaimStatuses:[]PodResourceClaimStatus{},HostIPs:[]HostIP{},ObservedGeneration:0,}"
I0718 18:34:25.000306   50478 prober.go:153] "Exec-Probe runProbe" pod="test-namespace/test-pod" containerName="cOnTaInEr_NaMe" execCommand=["/bin/true"]
I0718 18:34:25.000312   50478 prober.go:111] "Probe succeeded" probeType="Liveness" pod="test-namespace/test-pod" podUID="pOd_UiD" containerName="cOnTaInEr_NaMe"
I0718 18:34:25.000316   50478 worker.go:306] Debug probe, pod=test-namespace/test-pod, containerName=cOnTaInEr_NaMe, probeType=Liveness, result=Success, err=<nil>
I0718 18:34:25.000339   50478 worker_test.go:250] "TestDoProbe" probeType="Readiness" testIndex=0 podStatus="&PodStatus{Phase:Running,Conditions:[]PodCondition{},Message:,Reason:,HostIP:,PodIP:,StartTime:<nil>,ContainerStatuses:[]ContainerStatus{},QOSClass:,InitContainerStatuses:[]ContainerStatus{ContainerStatus{Name:cOnTaInEr_NaMe,State:ContainerState{Waiting:nil,Running:&ContainerStateRunning{StartedAt:2025-07-18 18:34:25.000318 +0530 IST m=+0.019257667,},Terminated:nil,},LastTerminationState:ContainerState{Waiting:nil,Running:nil,Terminated:nil,},Ready:false,RestartCount:0,Image:,ImageID:,ContainerID:test://cOnTaInEr_Id,Started:*true,AllocatedResources:ResourceList{},Resources:nil,VolumeMounts:[]VolumeMountStatus{},User:nil,AllocatedResourcesStatus:[]ResourceStatus{},StopSignal:nil,},},NominatedNodeName:,PodIPs:[]PodIP{},EphemeralContainerStatuses:[]ContainerStatus{},Resize:,ResourceClaimStatuses:[]PodResourceClaimStatus{},HostIPs:[]HostIP{},ObservedGeneration:0,}"
I0718 18:34:25.000347   50478 prober.go:153] "Exec-Probe runProbe" pod="test-namespace/test-pod" containerName="cOnTaInEr_NaMe" execCommand=["/bin/true"]
I0718 18:34:25.000351   50478 prober.go:111] "Probe succeeded" probeType="Readiness" pod="test-namespace/test-pod" podUID="pOd_UiD" containerName="cOnTaInEr_NaMe"
I0718 18:34:25.000356   50478 worker.go:306] Debug probe, pod=test-namespace/test-pod, containerName=cOnTaInEr_NaMe, probeType=Readiness, result=Success, err=<nil>
I0718 18:34:25.000376   50478 worker_test.go:250] "TestDoProbe" probeType="Readiness" testIndex=1 podStatus="&PodStatus{Phase:Failed,Conditions:[]PodCondition{},Message:,Reason:,HostIP:,PodIP:,StartTime:<nil>,ContainerStatuses:[]ContainerStatus{},QOSClass:,InitContainerStatuses:[]ContainerStatus{ContainerStatus{Name:cOnTaInEr_NaMe,State:ContainerState{Waiting:nil,Running:&ContainerStateRunning{StartedAt:2025-07-18 18:34:25.000319 +0530 IST m=+0.019259042,},Terminated:nil,},LastTerminationState:ContainerState{Waiting:nil,Running:nil,Terminated:nil,},Ready:false,RestartCount:0,Image:,ImageID:,ContainerID:test://cOnTaInEr_Id,Started:*true,AllocatedResources:ResourceList{},Resources:nil,VolumeMounts:[]VolumeMountStatus{},User:nil,AllocatedResourcesStatus:[]ResourceStatus{},StopSignal:nil,},},NominatedNodeName:,PodIPs:[]PodIP{},EphemeralContainerStatuses:[]ContainerStatus{},Resize:,ResourceClaimStatuses:[]PodResourceClaimStatus{},HostIPs:[]HostIP{},ObservedGeneration:0,}"
I0718 18:34:25.000382   50478 worker.go:217] Pod is terminated, exiting probe worker, pod=test-namespace/test-pod, phase=Failed
I0718 18:34:25.000399   50478 worker_test.go:250] "TestDoProbe" probeType="Readiness" testIndex=2 podStatus="&PodStatus{Phase:Running,Conditions:[]PodCondition{},Message:,Reason:,HostIP:,PodIP:,StartTime:<nil>,ContainerStatuses:[]ContainerStatus{},QOSClass:,InitContainerStatuses:[]ContainerStatus{ContainerStatus{Name:cOnTaInEr_NaMe,State:ContainerState{Waiting:nil,Running:&ContainerStateRunning{StartedAt:2025-07-18 18:34:25.000318 +0530 IST m=+0.019257667,},Terminated:nil,},LastTerminationState:ContainerState{Waiting:nil,Running:nil,Terminated:nil,},Ready:false,RestartCount:0,Image:,ImageID:,ContainerID:test://cOnTaInEr_Id,Started:*true,AllocatedResources:ResourceList{},Resources:nil,VolumeMounts:[]VolumeMountStatus{},User:nil,AllocatedResourcesStatus:[]ResourceStatus{},StopSignal:nil,},},NominatedNodeName:,PodIPs:[]PodIP{},EphemeralContainerStatuses:[]ContainerStatus{},Resize:,ResourceClaimStatuses:[]PodResourceClaimStatus{},HostIPs:[]HostIP{},ObservedGeneration:0,}"
I0718 18:34:25.000407   50478 prober.go:153] "Exec-Probe runProbe" pod="test-namespace/test-pod" containerName="cOnTaInEr_NaMe" execCommand=["/bin/true"]
I0718 18:34:25.000411   50478 prober.go:111] "Probe succeeded" probeType="Readiness" pod="test-namespace/test-pod" podUID="pOd_UiD" containerName="cOnTaInEr_NaMe"
I0718 18:34:25.000415   50478 worker.go:306] Debug probe, pod=test-namespace/test-pod, containerName=cOnTaInEr_NaMe, probeType=Readiness, result=Success, err=<nil>
I0718 18:34:25.000433   50478 worker_test.go:250] "TestDoProbe" probeType="Readiness" testIndex=3 podStatus="&PodStatus{Phase:Running,Conditions:[]PodCondition{},Message:,Reason:,HostIP:,PodIP:,StartTime:<nil>,ContainerStatuses:[]ContainerStatus{},QOSClass:,InitContainerStatuses:[]ContainerStatus{ContainerStatus{Name:otherContainer,State:ContainerState{Waiting:nil,Running:&ContainerStateRunning{StartedAt:2025-07-18 18:34:25.000319 +0530 IST m=+0.019258751,},Terminated:nil,},LastTerminationState:ContainerState{Waiting:nil,Running:nil,Terminated:nil,},Ready:false,RestartCount:0,Image:,ImageID:,ContainerID:test://cOnTaInEr_Id,Started:*true,AllocatedResources:ResourceList{},Resources:nil,VolumeMounts:[]VolumeMountStatus{},User:nil,AllocatedResourcesStatus:[]ResourceStatus{},StopSignal:nil,},},NominatedNodeName:,PodIPs:[]PodIP{},EphemeralContainerStatuses:[]ContainerStatus{},Resize:,ResourceClaimStatuses:[]PodResourceClaimStatus{},HostIPs:[]HostIP{},ObservedGeneration:0,}"
I0718 18:34:25.000443   50478 worker.go:230] Probe target container not found, pod=test-namespace/test-pod, containerName=cOnTaInEr_NaMe
I0718 18:34:25.000481   50478 worker_test.go:250] "TestDoProbe" probeType="Readiness" testIndex=4 podStatus="&PodStatus{Phase:Running,Conditions:[]PodCondition{},Message:,Reason:,HostIP:,PodIP:,StartTime:<nil>,ContainerStatuses:[]ContainerStatus{},QOSClass:,InitContainerStatuses:[]ContainerStatus{ContainerStatus{Name:cOnTaInEr_NaMe,State:ContainerState{Waiting:nil,Running:nil,Terminated:nil,},LastTerminationState:ContainerState{Waiting:nil,Running:nil,Terminated:nil,},Ready:false,RestartCount:0,Image:,ImageID:,ContainerID:test://cOnTaInEr_Id,Started:*true,AllocatedResources:ResourceList{},Resources:nil,VolumeMounts:[]VolumeMountStatus{},User:nil,AllocatedResourcesStatus:[]ResourceStatus{},StopSignal:nil,},},NominatedNodeName:,PodIPs:[]PodIP{},EphemeralContainerStatuses:[]ContainerStatus{},Resize:,ResourceClaimStatuses:[]PodResourceClaimStatus{},HostIPs:[]HostIP{},ObservedGeneration:0,}"
I0718 18:34:25.000489   50478 worker.go:266] Non-running container probed, pod=test-namespace/test-pod, containerName=cOnTaInEr_NaMe
I0718 18:34:25.000510   50478 worker_test.go:250] "TestDoProbe" probeType="Readiness" testIndex=5 podStatus="&PodStatus{Phase:Running,Conditions:[]PodCondition{},Message:,Reason:,HostIP:,PodIP:,StartTime:<nil>,ContainerStatuses:[]ContainerStatus{},QOSClass:,InitContainerStatuses:[]ContainerStatus{ContainerStatus{Name:cOnTaInEr_NaMe,State:ContainerState{Waiting:nil,Running:nil,Terminated:&ContainerStateTerminated{ExitCode:0,Signal:0,Reason:,Message:,StartedAt:2025-07-18 18:34:25.000319 +0530 IST m=+0.019258459,FinishedAt:0001-01-01 00:00:00 +0000 UTC,ContainerID:,},},LastTerminationState:ContainerState{Waiting:nil,Running:nil,Terminated:nil,},Ready:false,RestartCount:0,Image:,ImageID:,ContainerID:test://cOnTaInEr_Id,Started:*true,AllocatedResources:ResourceList{},Resources:nil,VolumeMounts:[]VolumeMountStatus{},User:nil,AllocatedResourcesStatus:[]ResourceStatus{},StopSignal:nil,},},NominatedNodeName:,PodIPs:[]PodIP{},EphemeralContainerStatuses:[]ContainerStatus{},Resize:,ResourceClaimStatuses:[]PodResourceClaimStatus{},HostIPs:[]HostIP{},ObservedGeneration:0,}"
I0718 18:34:25.000517   50478 worker.go:266] Non-running container probed, pod=test-namespace/test-pod, containerName=cOnTaInEr_NaMe
    worker_test.go:288: [Readiness-5] Expected continue to be false but got true
I0718 18:34:25.000540   50478 worker_test.go:250] "TestDoProbe" probeType="Readiness" testIndex=6 podStatus="&PodStatus{Phase:Running,Conditions:[]PodCondition{},Message:,Reason:,HostIP:,PodIP:,StartTime:<nil>,ContainerStatuses:[]ContainerStatus{},QOSClass:,InitContainerStatuses:[]ContainerStatus{ContainerStatus{Name:cOnTaInEr_NaMe,State:ContainerState{Waiting:nil,Running:&ContainerStateRunning{StartedAt:2025-07-18 18:34:25.000318 +0530 IST m=+0.019257667,},Terminated:nil,},LastTerminationState:ContainerState{Waiting:nil,Running:nil,Terminated:nil,},Ready:false,RestartCount:0,Image:,ImageID:,ContainerID:test://cOnTaInEr_Id,Started:*true,AllocatedResources:ResourceList{},Resources:nil,VolumeMounts:[]VolumeMountStatus{},User:nil,AllocatedResourcesStatus:[]ResourceStatus{},StopSignal:nil,},},NominatedNodeName:,PodIPs:[]PodIP{},EphemeralContainerStatuses:[]ContainerStatus{},Resize:,ResourceClaimStatuses:[]PodResourceClaimStatus{},HostIPs:[]HostIP{},ObservedGeneration:0,}"
I0718 18:34:25.000547   50478 prober.go:153] "Exec-Probe runProbe" pod="test-namespace/test-pod" containerName="cOnTaInEr_NaMe" execCommand=["/bin/true"]
I0718 18:34:25.000551   50478 prober.go:111] "Probe succeeded" probeType="Readiness" pod="test-namespace/test-pod" podUID="pOd_UiD" containerName="cOnTaInEr_NaMe"
I0718 18:34:25.000555   50478 worker.go:306] Debug probe, pod=test-namespace/test-pod, containerName=cOnTaInEr_NaMe, probeType=Readiness, result=Success, err=<nil>
I0718 18:34:25.000574   50478 worker_test.go:250] "TestDoProbe" probeType="Readiness" testIndex=7 podStatus="&PodStatus{Phase:Running,Conditions:[]PodCondition{},Message:,Reason:,HostIP:,PodIP:,StartTime:<nil>,ContainerStatuses:[]ContainerStatus{},QOSClass:,InitContainerStatuses:[]ContainerStatus{ContainerStatus{Name:cOnTaInEr_NaMe,State:ContainerState{Waiting:nil,Running:&ContainerStateRunning{StartedAt:2025-07-18 18:34:25.000318 +0530 IST m=+0.019257667,},Terminated:nil,},LastTerminationState:ContainerState{Waiting:nil,Running:nil,Terminated:nil,},Ready:false,RestartCount:0,Image:,ImageID:,ContainerID:test://cOnTaInEr_Id,Started:*true,AllocatedResources:ResourceList{},Resources:nil,VolumeMounts:[]VolumeMountStatus{},User:nil,AllocatedResourcesStatus:[]ResourceStatus{},StopSignal:nil,},},NominatedNodeName:,PodIPs:[]PodIP{},EphemeralContainerStatuses:[]ContainerStatus{},Resize:,ResourceClaimStatuses:[]PodResourceClaimStatus{},HostIPs:[]HostIP{},ObservedGeneration:0,}"
I0718 18:34:25.000582   50478 prober.go:153] "Exec-Probe runProbe" pod="test-namespace/test-pod" containerName="cOnTaInEr_NaMe" execCommand=["/bin/true"]
I0718 18:34:25.000585   50478 prober.go:111] "Probe succeeded" probeType="Readiness" pod="test-namespace/test-pod" podUID="pOd_UiD" containerName="cOnTaInEr_NaMe"
I0718 18:34:25.000590   50478 worker.go:306] Debug probe, pod=test-namespace/test-pod, containerName=cOnTaInEr_NaMe, probeType=Readiness, result=Success, err=<nil>
I0718 18:34:25.000610   50478 worker_test.go:250] "TestDoProbe" probeType="Readiness" testIndex=8 podStatus="&PodStatus{Phase:Running,Conditions:[]PodCondition{},Message:,Reason:,HostIP:,PodIP:,StartTime:<nil>,ContainerStatuses:[]ContainerStatus{},QOSClass:,InitContainerStatuses:[]ContainerStatus{ContainerStatus{Name:cOnTaInEr_NaMe,State:ContainerState{Waiting:nil,Running:nil,Terminated:&ContainerStateTerminated{ExitCode:0,Signal:0,Reason:,Message:,StartedAt:2025-07-18 18:34:25.000321 +0530 IST m=+0.019260251,FinishedAt:0001-01-01 00:00:00 +0000 UTC,ContainerID:,},},LastTerminationState:ContainerState{Waiting:nil,Running:nil,Terminated:nil,},Ready:false,RestartCount:0,Image:,ImageID:,ContainerID:test://cOnTaInEr_Id,Started:nil,AllocatedResources:ResourceList{},Resources:nil,VolumeMounts:[]VolumeMountStatus{},User:nil,AllocatedResourcesStatus:[]ResourceStatus{},StopSignal:nil,},},NominatedNodeName:,PodIPs:[]PodIP{},EphemeralContainerStatuses:[]ContainerStatus{},Resize:,ResourceClaimStatuses:[]PodResourceClaimStatus{},HostIPs:[]HostIP{},ObservedGeneration:0,}"
I0718 18:34:25.000617   50478 worker.go:266] Non-running container probed, pod=test-namespace/test-pod, containerName=cOnTaInEr_NaMe
    worker_test.go:288: [Readiness-8] Expected continue to be false but got true
I0718 18:34:25.000640   50478 worker_test.go:250] "TestDoProbe" probeType="Readiness" testIndex=9 podStatus="&PodStatus{Phase:Running,Conditions:[]PodCondition{},Message:,Reason:,HostIP:,PodIP:,StartTime:<nil>,ContainerStatuses:[]ContainerStatus{},QOSClass:,InitContainerStatuses:[]ContainerStatus{ContainerStatus{Name:cOnTaInEr_NaMe,State:ContainerState{Waiting:nil,Running:&ContainerStateRunning{StartedAt:2025-07-18 18:34:25.000321 +0530 IST m=+0.019260501,},Terminated:nil,},LastTerminationState:ContainerState{Waiting:nil,Running:nil,Terminated:nil,},Ready:false,RestartCount:0,Image:,ImageID:,ContainerID:test://cOnTaInEr_Id,Started:*true,AllocatedResources:ResourceList{},Resources:nil,VolumeMounts:[]VolumeMountStatus{},User:nil,AllocatedResourcesStatus:[]ResourceStatus{},StopSignal:nil,},},NominatedNodeName:,PodIPs:[]PodIP{},EphemeralContainerStatuses:[]ContainerStatus{},Resize:,ResourceClaimStatuses:[]PodResourceClaimStatus{},HostIPs:[]HostIP{},ObservedGeneration:0,}"
I0718 18:34:25.000841   50478 prober.go:153] "Exec-Probe runProbe" pod="test-namespace/test-pod" containerName="cOnTaInEr_NaMe" execCommand=["/bin/true"]
I0718 18:34:25.000847   50478 prober.go:111] "Probe succeeded" probeType="Readiness" pod="test-namespace/test-pod" podUID="pOd_UiD" containerName="cOnTaInEr_NaMe"
I0718 18:34:25.000852   50478 worker.go:306] Debug probe, pod=test-namespace/test-pod, containerName=cOnTaInEr_NaMe, probeType=Readiness, result=Success, err=<nil>
I0718 18:34:25.000904   50478 worker_test.go:250] "TestDoProbe" probeType="Startup" testIndex=0 podStatus="&PodStatus{Phase:Running,Conditions:[]PodCondition{},Message:,Reason:,HostIP:,PodIP:,StartTime:<nil>,ContainerStatuses:[]ContainerStatus{},QOSClass:,InitContainerStatuses:[]ContainerStatus{ContainerStatus{Name:cOnTaInEr_NaMe,State:ContainerState{Waiting:nil,Running:nil,Terminated:nil,},LastTerminationState:ContainerState{Waiting:nil,Running:nil,Terminated:nil,},Ready:false,RestartCount:0,Image:,ImageID:,ContainerID:test://cOnTaInEr_Id,Started:*false,AllocatedResources:ResourceList{},Resources:nil,VolumeMounts:[]VolumeMountStatus{},User:nil,AllocatedResourcesStatus:[]ResourceStatus{},StopSignal:nil,},},NominatedNodeName:,PodIPs:[]PodIP{},EphemeralContainerStatuses:[]ContainerStatus{},Resize:,ResourceClaimStatuses:[]PodResourceClaimStatus{},HostIPs:[]HostIP{},ObservedGeneration:0,}"
I0718 18:34:25.000919   50478 worker.go:266] Non-running container probed, pod=test-namespace/test-pod, containerName=cOnTaInEr_NaMe
    worker_test.go:295: [Startup-0] Expected result: Success but got UNKNOWN
I0718 18:34:25.000950   50478 worker_test.go:250] "TestDoProbe" probeType="Startup" testIndex=1 podStatus="&PodStatus{Phase:Failed,Conditions:[]PodCondition{},Message:,Reason:,HostIP:,PodIP:,StartTime:<nil>,ContainerStatuses:[]ContainerStatus{},QOSClass:,InitContainerStatuses:[]ContainerStatus{ContainerStatus{Name:cOnTaInEr_NaMe,State:ContainerState{Waiting:nil,Running:nil,Terminated:nil,},LastTerminationState:ContainerState{Waiting:nil,Running:nil,Terminated:nil,},Ready:false,RestartCount:0,Image:,ImageID:,ContainerID:test://cOnTaInEr_Id,Started:*false,AllocatedResources:ResourceList{},Resources:nil,VolumeMounts:[]VolumeMountStatus{},User:nil,AllocatedResourcesStatus:[]ResourceStatus{},StopSignal:nil,},},NominatedNodeName:,PodIPs:[]PodIP{},EphemeralContainerStatuses:[]ContainerStatus{},Resize:,ResourceClaimStatuses:[]PodResourceClaimStatus{},HostIPs:[]HostIP{},ObservedGeneration:0,}"
I0718 18:34:25.000959   50478 worker.go:217] Pod is terminated, exiting probe worker, pod=test-namespace/test-pod, phase=Failed
I0718 18:34:25.000983   50478 worker_test.go:250] "TestDoProbe" probeType="Startup" testIndex=2 podStatus="&PodStatus{Phase:Running,Conditions:[]PodCondition{},Message:,Reason:,HostIP:,PodIP:,StartTime:<nil>,ContainerStatuses:[]ContainerStatus{},QOSClass:,InitContainerStatuses:[]ContainerStatus{ContainerStatus{Name:cOnTaInEr_NaMe,State:ContainerState{Waiting:nil,Running:nil,Terminated:nil,},LastTerminationState:ContainerState{Waiting:nil,Running:nil,Terminated:nil,},Ready:false,RestartCount:0,Image:,ImageID:,ContainerID:test://cOnTaInEr_Id,Started:*false,AllocatedResources:ResourceList{},Resources:nil,VolumeMounts:[]VolumeMountStatus{},User:nil,AllocatedResourcesStatus:[]ResourceStatus{},StopSignal:nil,},},NominatedNodeName:,PodIPs:[]PodIP{},EphemeralContainerStatuses:[]ContainerStatus{},Resize:,ResourceClaimStatuses:[]PodResourceClaimStatus{},HostIPs:[]HostIP{},ObservedGeneration:0,}"
I0718 18:34:25.000998   50478 worker.go:254] Pod deletion requested, setting probe result to success, probeType=Startup, pod=test-namespace/test-pod, containerName=cOnTaInEr_NaMe
I0718 18:34:25.001003   50478 worker.go:257] Pod deletion requested before container has fully started, pod=test-namespace/test-pod, containerName=cOnTaInEr_NaMe
I0718 18:34:25.001078   50478 worker_test.go:250] "TestDoProbe" probeType="Startup" testIndex=3 podStatus="&PodStatus{Phase:Running,Conditions:[]PodCondition{},Message:,Reason:,HostIP:,PodIP:,StartTime:<nil>,ContainerStatuses:[]ContainerStatus{},QOSClass:,InitContainerStatuses:[]ContainerStatus{ContainerStatus{Name:otherContainer,State:ContainerState{Waiting:nil,Running:nil,Terminated:nil,},LastTerminationState:ContainerState{Waiting:nil,Running:nil,Terminated:nil,},Ready:false,RestartCount:0,Image:,ImageID:,ContainerID:test://cOnTaInEr_Id,Started:*false,AllocatedResources:ResourceList{},Resources:nil,VolumeMounts:[]VolumeMountStatus{},User:nil,AllocatedResourcesStatus:[]ResourceStatus{},StopSignal:nil,},},NominatedNodeName:,PodIPs:[]PodIP{},EphemeralContainerStatuses:[]ContainerStatus{},Resize:,ResourceClaimStatuses:[]PodResourceClaimStatus{},HostIPs:[]HostIP{},ObservedGeneration:0,}"
I0718 18:34:25.001109   50478 worker.go:230] Probe target container not found, pod=test-namespace/test-pod, containerName=cOnTaInEr_NaMe
I0718 18:34:25.001173   50478 worker_test.go:250] "TestDoProbe" probeType="Startup" testIndex=4 podStatus="&PodStatus{Phase:Running,Conditions:[]PodCondition{},Message:,Reason:,HostIP:,PodIP:,StartTime:<nil>,ContainerStatuses:[]ContainerStatus{},QOSClass:,InitContainerStatuses:[]ContainerStatus{ContainerStatus{Name:cOnTaInEr_NaMe,State:ContainerState{Waiting:nil,Running:nil,Terminated:nil,},LastTerminationState:ContainerState{Waiting:nil,Running:nil,Terminated:nil,},Ready:false,RestartCount:0,Image:,ImageID:,ContainerID:test://cOnTaInEr_Id,Started:*false,AllocatedResources:ResourceList{},Resources:nil,VolumeMounts:[]VolumeMountStatus{},User:nil,AllocatedResourcesStatus:[]ResourceStatus{},StopSignal:nil,},},NominatedNodeName:,PodIPs:[]PodIP{},EphemeralContainerStatuses:[]ContainerStatus{},Resize:,ResourceClaimStatuses:[]PodResourceClaimStatus{},HostIPs:[]HostIP{},ObservedGeneration:0,}"
I0718 18:34:25.001189   50478 worker.go:266] Non-running container probed, pod=test-namespace/test-pod, containerName=cOnTaInEr_NaMe
    worker_test.go:295: [Startup-4] Expected result: Failure but got UNKNOWN
I0718 18:34:25.001308   50478 worker_test.go:250] "TestDoProbe" probeType="Startup" testIndex=5 podStatus="&PodStatus{Phase:Running,Conditions:[]PodCondition{},Message:,Reason:,HostIP:,PodIP:,StartTime:<nil>,ContainerStatuses:[]ContainerStatus{},QOSClass:,InitContainerStatuses:[]ContainerStatus{ContainerStatus{Name:cOnTaInEr_NaMe,State:ContainerState{Waiting:nil,Running:nil,Terminated:&ContainerStateTerminated{ExitCode:0,Signal:0,Reason:,Message:,StartedAt:2025-07-18 18:34:25.00086 +0530 IST m=+0.019799834,FinishedAt:0001-01-01 00:00:00 +0000 UTC,ContainerID:,},},LastTerminationState:ContainerState{Waiting:nil,Running:nil,Terminated:nil,},Ready:false,RestartCount:0,Image:,ImageID:,ContainerID:test://cOnTaInEr_Id,Started:*false,AllocatedResources:ResourceList{},Resources:nil,VolumeMounts:[]VolumeMountStatus{},User:nil,AllocatedResourcesStatus:[]ResourceStatus{},StopSignal:nil,},},NominatedNodeName:,PodIPs:[]PodIP{},EphemeralContainerStatuses:[]ContainerStatus{},Resize:,ResourceClaimStatuses:[]PodResourceClaimStatus{},HostIPs:[]HostIP{},ObservedGeneration:0,}"
I0718 18:34:25.001321   50478 worker.go:266] Non-running container probed, pod=test-namespace/test-pod, containerName=cOnTaInEr_NaMe
    worker_test.go:288: [Startup-5] Expected continue to be false but got true
I0718 18:34:25.001344   50478 worker_test.go:250] "TestDoProbe" probeType="Startup" testIndex=6 podStatus="&PodStatus{Phase:Running,Conditions:[]PodCondition{},Message:,Reason:,HostIP:,PodIP:,StartTime:<nil>,ContainerStatuses:[]ContainerStatus{},QOSClass:,InitContainerStatuses:[]ContainerStatus{ContainerStatus{Name:cOnTaInEr_NaMe,State:ContainerState{Waiting:nil,Running:nil,Terminated:nil,},LastTerminationState:ContainerState{Waiting:nil,Running:nil,Terminated:nil,},Ready:false,RestartCount:0,Image:,ImageID:,ContainerID:test://cOnTaInEr_Id,Started:*false,AllocatedResources:ResourceList{},Resources:nil,VolumeMounts:[]VolumeMountStatus{},User:nil,AllocatedResourcesStatus:[]ResourceStatus{},StopSignal:nil,},},NominatedNodeName:,PodIPs:[]PodIP{},EphemeralContainerStatuses:[]ContainerStatus{},Resize:,ResourceClaimStatuses:[]PodResourceClaimStatus{},HostIPs:[]HostIP{},ObservedGeneration:0,}"
I0718 18:34:25.001351   50478 worker.go:266] Non-running container probed, pod=test-namespace/test-pod, containerName=cOnTaInEr_NaMe
    worker_test.go:295: [Startup-6] Expected result: Success but got UNKNOWN
I0718 18:34:25.001373   50478 worker_test.go:250] "TestDoProbe" probeType="Startup" testIndex=7 podStatus="&PodStatus{Phase:Running,Conditions:[]PodCondition{},Message:,Reason:,HostIP:,PodIP:,StartTime:<nil>,ContainerStatuses:[]ContainerStatus{},QOSClass:,InitContainerStatuses:[]ContainerStatus{ContainerStatus{Name:cOnTaInEr_NaMe,State:ContainerState{Waiting:nil,Running:nil,Terminated:nil,},LastTerminationState:ContainerState{Waiting:nil,Running:nil,Terminated:nil,},Ready:false,RestartCount:0,Image:,ImageID:,ContainerID:test://cOnTaInEr_Id,Started:*false,AllocatedResources:ResourceList{},Resources:nil,VolumeMounts:[]VolumeMountStatus{},User:nil,AllocatedResourcesStatus:[]ResourceStatus{},StopSignal:nil,},},NominatedNodeName:,PodIPs:[]PodIP{},EphemeralContainerStatuses:[]ContainerStatus{},Resize:,ResourceClaimStatuses:[]PodResourceClaimStatus{},HostIPs:[]HostIP{},ObservedGeneration:0,}"
I0718 18:34:25.001380   50478 worker.go:266] Non-running container probed, pod=test-namespace/test-pod, containerName=cOnTaInEr_NaMe
    worker_test.go:295: [Startup-7] Expected result: Success but got UNKNOWN
I0718 18:34:25.001404   50478 worker_test.go:250] "TestDoProbe" probeType="Startup" testIndex=8 podStatus="&PodStatus{Phase:Running,Conditions:[]PodCondition{},Message:,Reason:,HostIP:,PodIP:,StartTime:<nil>,ContainerStatuses:[]ContainerStatus{},QOSClass:,InitContainerStatuses:[]ContainerStatus{ContainerStatus{Name:cOnTaInEr_NaMe,State:ContainerState{Waiting:nil,Running:nil,Terminated:&ContainerStateTerminated{ExitCode:0,Signal:0,Reason:,Message:,StartedAt:2025-07-18 18:34:25.000878 +0530 IST m=+0.019817751,FinishedAt:0001-01-01 00:00:00 +0000 UTC,ContainerID:,},},LastTerminationState:ContainerState{Waiting:nil,Running:nil,Terminated:nil,},Ready:false,RestartCount:0,Image:,ImageID:,ContainerID:test://cOnTaInEr_Id,Started:nil,AllocatedResources:ResourceList{},Resources:nil,VolumeMounts:[]VolumeMountStatus{},User:nil,AllocatedResourcesStatus:[]ResourceStatus{},StopSignal:nil,},},NominatedNodeName:,PodIPs:[]PodIP{},EphemeralContainerStatuses:[]ContainerStatus{},Resize:,ResourceClaimStatuses:[]PodResourceClaimStatus{},HostIPs:[]HostIP{},ObservedGeneration:0,}"
I0718 18:34:25.001413   50478 worker.go:266] Non-running container probed, pod=test-namespace/test-pod, containerName=cOnTaInEr_NaMe
    worker_test.go:288: [Startup-8] Expected continue to be false but got true
I0718 18:34:25.001436   50478 worker_test.go:250] "TestDoProbe" probeType="Startup" testIndex=9 podStatus="&PodStatus{Phase:Running,Conditions:[]PodCondition{},Message:,Reason:,HostIP:,PodIP:,StartTime:<nil>,ContainerStatuses:[]ContainerStatus{},QOSClass:,InitContainerStatuses:[]ContainerStatus{ContainerStatus{Name:cOnTaInEr_NaMe,State:ContainerState{Waiting:nil,Running:&ContainerStateRunning{StartedAt:2025-07-18 18:34:25.000878 +0530 IST m=+0.019818126,},Terminated:nil,},LastTerminationState:ContainerState{Waiting:nil,Running:nil,Terminated:nil,},Ready:false,RestartCount:0,Image:,ImageID:,ContainerID:test://cOnTaInEr_Id,Started:*true,AllocatedResources:ResourceList{},Resources:nil,VolumeMounts:[]VolumeMountStatus{},User:nil,AllocatedResourcesStatus:[]ResourceStatus{},StopSignal:nil,},},NominatedNodeName:,PodIPs:[]PodIP{},EphemeralContainerStatuses:[]ContainerStatus{},Resize:,ResourceClaimStatuses:[]PodResourceClaimStatus{},HostIPs:[]HostIP{},ObservedGeneration:0,}"
I0718 18:34:25.001445   50478 worker.go:292] Startup probe stopped, container started, pod=test-namespace/test-pod, containerName=cOnTaInEr_NaMe
    worker_test.go:288: [Startup-9] Expected continue to be true but got false
--- FAIL: TestDoProbe (0.00s)
=== RUN   TestDoProbe
I0718 18:34:25.001554   50478 worker_test.go:250] "TestDoProbe" probeType="Liveness" testIndex=0 podStatus="&PodStatus{Phase:Running,Conditions:[]PodCondition{},Message:,Reason:,HostIP:,PodIP:,StartTime:<nil>,ContainerStatuses:[]ContainerStatus{},QOSClass:,InitContainerStatuses:[]ContainerStatus{ContainerStatus{Name:cOnTaInEr_NaMe,State:ContainerState{Waiting:nil,Running:&ContainerStateRunning{StartedAt:2025-07-18 18:34:25.001525 +0530 IST m=+0.020464542,},Terminated:nil,},LastTerminationState:ContainerState{Waiting:nil,Running:nil,Terminated:nil,},Ready:false,RestartCount:0,Image:,ImageID:,ContainerID:test://cOnTaInEr_Id,Started:*true,AllocatedResources:ResourceList{},Resources:nil,VolumeMounts:[]VolumeMountStatus{},User:nil,AllocatedResourcesStatus:[]ResourceStatus{},StopSignal:nil,},},NominatedNodeName:,PodIPs:[]PodIP{},EphemeralContainerStatuses:[]ContainerStatus{},Resize:,ResourceClaimStatuses:[]PodResourceClaimStatus{},HostIPs:[]HostIP{},ObservedGeneration:0,}"
I0718 18:34:25.001564   50478 prober.go:153] "Exec-Probe runProbe" pod="test-namespace/test-pod" containerName="cOnTaInEr_NaMe" execCommand=["/bin/true"]
I0718 18:34:25.001568   50478 prober.go:111] "Probe succeeded" probeType="Liveness" pod="test-namespace/test-pod" podUID="pOd_UiD" containerName="cOnTaInEr_NaMe"
I0718 18:34:25.001572   50478 worker.go:306] Debug probe, pod=test-namespace/test-pod, containerName=cOnTaInEr_NaMe, probeType=Liveness, result=Success, err=<nil>
I0718 18:34:25.001593   50478 worker_test.go:250] "TestDoProbe" probeType="Liveness" testIndex=1 podStatus="&PodStatus{Phase:Failed,Conditions:[]PodCondition{},Message:,Reason:,HostIP:,PodIP:,StartTime:<nil>,ContainerStatuses:[]ContainerStatus{},QOSClass:,InitContainerStatuses:[]ContainerStatus{ContainerStatus{Name:cOnTaInEr_NaMe,State:ContainerState{Waiting:nil,Running:&ContainerStateRunning{StartedAt:2025-07-18 18:34:25.001526 +0530 IST m=+0.020466042,},Terminated:nil,},LastTerminationState:ContainerState{Waiting:nil,Running:nil,Terminated:nil,},Ready:false,RestartCount:0,Image:,ImageID:,ContainerID:test://cOnTaInEr_Id,Started:*true,AllocatedResources:ResourceList{},Resources:nil,VolumeMounts:[]VolumeMountStatus{},User:nil,AllocatedResourcesStatus:[]ResourceStatus{},StopSignal:nil,},},NominatedNodeName:,PodIPs:[]PodIP{},EphemeralContainerStatuses:[]ContainerStatus{},Resize:,ResourceClaimStatuses:[]PodResourceClaimStatus{},HostIPs:[]HostIP{},ObservedGeneration:0,}"
I0718 18:34:25.001599   50478 worker.go:217] Pod is terminated, exiting probe worker, pod=test-namespace/test-pod, phase=Failed
I0718 18:34:25.001618   50478 worker_test.go:250] "TestDoProbe" probeType="Liveness" testIndex=2 podStatus="&PodStatus{Phase:Running,Conditions:[]PodCondition{},Message:,Reason:,HostIP:,PodIP:,StartTime:<nil>,ContainerStatuses:[]ContainerStatus{},QOSClass:,InitContainerStatuses:[]ContainerStatus{ContainerStatus{Name:cOnTaInEr_NaMe,State:ContainerState{Waiting:nil,Running:&ContainerStateRunning{StartedAt:2025-07-18 18:34:25.001525 +0530 IST m=+0.020464542,},Terminated:nil,},LastTerminationState:ContainerState{Waiting:nil,Running:nil,Terminated:nil,},Ready:false,RestartCount:0,Image:,ImageID:,ContainerID:test://cOnTaInEr_Id,Started:*true,AllocatedResources:ResourceList{},Resources:nil,VolumeMounts:[]VolumeMountStatus{},User:nil,AllocatedResourcesStatus:[]ResourceStatus{},StopSignal:nil,},},NominatedNodeName:,PodIPs:[]PodIP{},EphemeralContainerStatuses:[]ContainerStatus{},Resize:,ResourceClaimStatuses:[]PodResourceClaimStatus{},HostIPs:[]HostIP{},ObservedGeneration:0,}"
I0718 18:34:25.001625   50478 worker.go:254] Pod deletion requested, setting probe result to success, probeType=Liveness, pod=test-namespace/test-pod, containerName=cOnTaInEr_NaMe
I0718 18:34:25.001643   50478 worker_test.go:250] "TestDoProbe" probeType="Liveness" testIndex=3 podStatus="&PodStatus{Phase:Running,Conditions:[]PodCondition{},Message:,Reason:,HostIP:,PodIP:,StartTime:<nil>,ContainerStatuses:[]ContainerStatus{},QOSClass:,InitContainerStatuses:[]ContainerStatus{ContainerStatus{Name:otherContainer,State:ContainerState{Waiting:nil,Running:&ContainerStateRunning{StartedAt:2025-07-18 18:34:25.001526 +0530 IST m=+0.020465751,},Terminated:nil,},LastTerminationState:ContainerState{Waiting:nil,Running:nil,Terminated:nil,},Ready:false,RestartCount:0,Image:,ImageID:,ContainerID:test://cOnTaInEr_Id,Started:*true,AllocatedResources:ResourceList{},Resources:nil,VolumeMounts:[]VolumeMountStatus{},User:nil,AllocatedResourcesStatus:[]ResourceStatus{},StopSignal:nil,},},NominatedNodeName:,PodIPs:[]PodIP{},EphemeralContainerStatuses:[]ContainerStatus{},Resize:,ResourceClaimStatuses:[]PodResourceClaimStatus{},HostIPs:[]HostIP{},ObservedGeneration:0,}"
I0718 18:34:25.001653   50478 worker.go:230] Probe target container not found, pod=test-namespace/test-pod, containerName=cOnTaInEr_NaMe
I0718 18:34:25.001672   50478 worker_test.go:250] "TestDoProbe" probeType="Liveness" testIndex=4 podStatus="&PodStatus{Phase:Running,Conditions:[]PodCondition{},Message:,Reason:,HostIP:,PodIP:,StartTime:<nil>,ContainerStatuses:[]ContainerStatus{},QOSClass:,InitContainerStatuses:[]ContainerStatus{ContainerStatus{Name:cOnTaInEr_NaMe,State:ContainerState{Waiting:nil,Running:nil,Terminated:nil,},LastTerminationState:ContainerState{Waiting:nil,Running:nil,Terminated:nil,},Ready:false,RestartCount:0,Image:,ImageID:,ContainerID:test://cOnTaInEr_Id,Started:*true,AllocatedResources:ResourceList{},Resources:nil,VolumeMounts:[]VolumeMountStatus{},User:nil,AllocatedResourcesStatus:[]ResourceStatus{},StopSignal:nil,},},NominatedNodeName:,PodIPs:[]PodIP{},EphemeralContainerStatuses:[]ContainerStatus{},Resize:,ResourceClaimStatuses:[]PodResourceClaimStatus{},HostIPs:[]HostIP{},ObservedGeneration:0,}"
I0718 18:34:25.001680   50478 worker.go:266] Non-running container probed, pod=test-namespace/test-pod, containerName=cOnTaInEr_NaMe
    worker_test.go:288: [Liveness-4] Expected continue to be true but got false
I0718 18:34:25.001706   50478 worker_test.go:250] "TestDoProbe" probeType="Liveness" testIndex=5 podStatus="&PodStatus{Phase:Running,Conditions:[]PodCondition{},Message:,Reason:,HostIP:,PodIP:,StartTime:<nil>,ContainerStatuses:[]ContainerStatus{},QOSClass:,InitContainerStatuses:[]ContainerStatus{ContainerStatus{Name:cOnTaInEr_NaMe,State:ContainerState{Waiting:nil,Running:nil,Terminated:&ContainerStateTerminated{ExitCode:0,Signal:0,Reason:,Message:,StartedAt:2025-07-18 18:34:25.001526 +0530 IST m=+0.020465417,FinishedAt:0001-01-01 00:00:00 +0000 UTC,ContainerID:,},},LastTerminationState:ContainerState{Waiting:nil,Running:nil,Terminated:nil,},Ready:false,RestartCount:0,Image:,ImageID:,ContainerID:test://cOnTaInEr_Id,Started:*true,AllocatedResources:ResourceList{},Resources:nil,VolumeMounts:[]VolumeMountStatus{},User:nil,AllocatedResourcesStatus:[]ResourceStatus{},StopSignal:nil,},},NominatedNodeName:,PodIPs:[]PodIP{},EphemeralContainerStatuses:[]ContainerStatus{},Resize:,ResourceClaimStatuses:[]PodResourceClaimStatus{},HostIPs:[]HostIP{},ObservedGeneration:0,}"
I0718 18:34:25.001714   50478 worker.go:266] Non-running container probed, pod=test-namespace/test-pod, containerName=cOnTaInEr_NaMe
    worker_test.go:288: [Liveness-5] Expected continue to be false but got true
I0718 18:34:25.001735   50478 worker_test.go:250] "TestDoProbe" probeType="Liveness" testIndex=6 podStatus="&PodStatus{Phase:Running,Conditions:[]PodCondition{},Message:,Reason:,HostIP:,PodIP:,StartTime:<nil>,ContainerStatuses:[]ContainerStatus{},QOSClass:,InitContainerStatuses:[]ContainerStatus{ContainerStatus{Name:cOnTaInEr_NaMe,State:ContainerState{Waiting:nil,Running:&ContainerStateRunning{StartedAt:2025-07-18 18:34:25.001525 +0530 IST m=+0.020464542,},Terminated:nil,},LastTerminationState:ContainerState{Waiting:nil,Running:nil,Terminated:nil,},Ready:false,RestartCount:0,Image:,ImageID:,ContainerID:test://cOnTaInEr_Id,Started:*true,AllocatedResources:ResourceList{},Resources:nil,VolumeMounts:[]VolumeMountStatus{},User:nil,AllocatedResourcesStatus:[]ResourceStatus{},StopSignal:nil,},},NominatedNodeName:,PodIPs:[]PodIP{},EphemeralContainerStatuses:[]ContainerStatus{},Resize:,ResourceClaimStatuses:[]PodResourceClaimStatus{},HostIPs:[]HostIP{},ObservedGeneration:0,}"
I0718 18:34:25.001743   50478 prober.go:153] "Exec-Probe runProbe" pod="test-namespace/test-pod" containerName="cOnTaInEr_NaMe" execCommand=["/bin/true"]
I0718 18:34:25.001746   50478 prober.go:111] "Probe succeeded" probeType="Liveness" pod="test-namespace/test-pod" podUID="pOd_UiD" containerName="cOnTaInEr_NaMe"
I0718 18:34:25.001751   50478 worker.go:306] Debug probe, pod=test-namespace/test-pod, containerName=cOnTaInEr_NaMe, probeType=Liveness, result=Success, err=<nil>
I0718 18:34:25.001771   50478 worker_test.go:250] "TestDoProbe" probeType="Liveness" testIndex=7 podStatus="&PodStatus{Phase:Running,Conditions:[]PodCondition{},Message:,Reason:,HostIP:,PodIP:,StartTime:<nil>,ContainerStatuses:[]ContainerStatus{},QOSClass:,InitContainerStatuses:[]ContainerStatus{ContainerStatus{Name:cOnTaInEr_NaMe,State:ContainerState{Waiting:nil,Running:&ContainerStateRunning{StartedAt:2025-07-18 18:34:25.001525 +0530 IST m=+0.020464542,},Terminated:nil,},LastTerminationState:ContainerState{Waiting:nil,Running:nil,Terminated:nil,},Ready:false,RestartCount:0,Image:,ImageID:,ContainerID:test://cOnTaInEr_Id,Started:*true,AllocatedResources:ResourceList{},Resources:nil,VolumeMounts:[]VolumeMountStatus{},User:nil,AllocatedResourcesStatus:[]ResourceStatus{},StopSignal:nil,},},NominatedNodeName:,PodIPs:[]PodIP{},EphemeralContainerStatuses:[]ContainerStatus{},Resize:,ResourceClaimStatuses:[]PodResourceClaimStatus{},HostIPs:[]HostIP{},ObservedGeneration:0,}"
I0718 18:34:25.001780   50478 prober.go:153] "Exec-Probe runProbe" pod="test-namespace/test-pod" containerName="cOnTaInEr_NaMe" execCommand=["/bin/true"]
I0718 18:34:25.001784   50478 prober.go:111] "Probe succeeded" probeType="Liveness" pod="test-namespace/test-pod" podUID="pOd_UiD" containerName="cOnTaInEr_NaMe"
I0718 18:34:25.001788   50478 worker.go:306] Debug probe, pod=test-namespace/test-pod, containerName=cOnTaInEr_NaMe, probeType=Liveness, result=Success, err=<nil>
I0718 18:34:25.001807   50478 worker_test.go:250] "TestDoProbe" probeType="Liveness" testIndex=8 podStatus="&PodStatus{Phase:Running,Conditions:[]PodCondition{},Message:,Reason:,HostIP:,PodIP:,StartTime:<nil>,ContainerStatuses:[]ContainerStatus{},QOSClass:,InitContainerStatuses:[]ContainerStatus{ContainerStatus{Name:cOnTaInEr_NaMe,State:ContainerState{Waiting:nil,Running:nil,Terminated:&ContainerStateTerminated{ExitCode:0,Signal:0,Reason:,Message:,StartedAt:2025-07-18 18:34:25.001528 +0530 IST m=+0.020467376,FinishedAt:0001-01-01 00:00:00 +0000 UTC,ContainerID:,},},LastTerminationState:ContainerState{Waiting:nil,Running:nil,Terminated:nil,},Ready:false,RestartCount:0,Image:,ImageID:,ContainerID:test://cOnTaInEr_Id,Started:nil,AllocatedResources:ResourceList{},Resources:nil,VolumeMounts:[]VolumeMountStatus{},User:nil,AllocatedResourcesStatus:[]ResourceStatus{},StopSignal:nil,},},NominatedNodeName:,PodIPs:[]PodIP{},EphemeralContainerStatuses:[]ContainerStatus{},Resize:,ResourceClaimStatuses:[]PodResourceClaimStatus{},HostIPs:[]HostIP{},ObservedGeneration:0,}"
I0718 18:34:25.001816   50478 worker.go:266] Non-running container probed, pod=test-namespace/test-pod, containerName=cOnTaInEr_NaMe
    worker_test.go:288: [Liveness-8] Expected continue to be false but got true
I0718 18:34:25.001838   50478 worker_test.go:250] "TestDoProbe" probeType="Liveness" testIndex=9 podStatus="&PodStatus{Phase:Running,Conditions:[]PodCondition{},Message:,Reason:,HostIP:,PodIP:,StartTime:<nil>,ContainerStatuses:[]ContainerStatus{},QOSClass:,InitContainerStatuses:[]ContainerStatus{ContainerStatus{Name:cOnTaInEr_NaMe,State:ContainerState{Waiting:nil,Running:&ContainerStateRunning{StartedAt:2025-07-18 18:34:25.001528 +0530 IST m=+0.020467667,},Terminated:nil,},LastTerminationState:ContainerState{Waiting:nil,Running:nil,Terminated:nil,},Ready:false,RestartCount:0,Image:,ImageID:,ContainerID:test://cOnTaInEr_Id,Started:*true,AllocatedResources:ResourceList{},Resources:nil,VolumeMounts:[]VolumeMountStatus{},User:nil,AllocatedResourcesStatus:[]ResourceStatus{},StopSignal:nil,},},NominatedNodeName:,PodIPs:[]PodIP{},EphemeralContainerStatuses:[]ContainerStatus{},Resize:,ResourceClaimStatuses:[]PodResourceClaimStatus{},HostIPs:[]HostIP{},ObservedGeneration:0,}"
I0718 18:34:25.001846   50478 prober.go:153] "Exec-Probe runProbe" pod="test-namespace/test-pod" containerName="cOnTaInEr_NaMe" execCommand=["/bin/true"]
I0718 18:34:25.001850   50478 prober.go:111] "Probe succeeded" probeType="Liveness" pod="test-namespace/test-pod" podUID="pOd_UiD" containerName="cOnTaInEr_NaMe"
I0718 18:34:25.001855   50478 worker.go:306] Debug probe, pod=test-namespace/test-pod, containerName=cOnTaInEr_NaMe, probeType=Liveness, result=Success, err=<nil>
I0718 18:34:25.001879   50478 worker_test.go:250] "TestDoProbe" probeType="Readiness" testIndex=0 podStatus="&PodStatus{Phase:Running,Conditions:[]PodCondition{},Message:,Reason:,HostIP:,PodIP:,StartTime:<nil>,ContainerStatuses:[]ContainerStatus{},QOSClass:,InitContainerStatuses:[]ContainerStatus{ContainerStatus{Name:cOnTaInEr_NaMe,State:ContainerState{Waiting:nil,Running:&ContainerStateRunning{StartedAt:2025-07-18 18:34:25.001857 +0530 IST m=+0.020796334,},Terminated:nil,},LastTerminationState:ContainerState{Waiting:nil,Running:nil,Terminated:nil,},Ready:false,RestartCount:0,Image:,ImageID:,ContainerID:test://cOnTaInEr_Id,Started:*true,AllocatedResources:ResourceList{},Resources:nil,VolumeMounts:[]VolumeMountStatus{},User:nil,AllocatedResourcesStatus:[]ResourceStatus{},StopSignal:nil,},},NominatedNodeName:,PodIPs:[]PodIP{},EphemeralContainerStatuses:[]ContainerStatus{},Resize:,ResourceClaimStatuses:[]PodResourceClaimStatus{},HostIPs:[]HostIP{},ObservedGeneration:0,}"
I0718 18:34:25.001888   50478 prober.go:153] "Exec-Probe runProbe" pod="test-namespace/test-pod" containerName="cOnTaInEr_NaMe" execCommand=["/bin/true"]
I0718 18:34:25.001892   50478 prober.go:111] "Probe succeeded" probeType="Readiness" pod="test-namespace/test-pod" podUID="pOd_UiD" containerName="cOnTaInEr_NaMe"
I0718 18:34:25.001896   50478 worker.go:306] Debug probe, pod=test-namespace/test-pod, containerName=cOnTaInEr_NaMe, probeType=Readiness, result=Success, err=<nil>
I0718 18:34:25.001915   50478 worker_test.go:250] "TestDoProbe" probeType="Readiness" testIndex=1 podStatus="&PodStatus{Phase:Failed,Conditions:[]PodCondition{},Message:,Reason:,HostIP:,PodIP:,StartTime:<nil>,ContainerStatuses:[]ContainerStatus{},QOSClass:,InitContainerStatuses:[]ContainerStatus{ContainerStatus{Name:cOnTaInEr_NaMe,State:ContainerState{Waiting:nil,Running:&ContainerStateRunning{StartedAt:2025-07-18 18:34:25.001858 +0530 IST m=+0.020797709,},Terminated:nil,},LastTerminationState:ContainerState{Waiting:nil,Running:nil,Terminated:nil,},Ready:false,RestartCount:0,Image:,ImageID:,ContainerID:test://cOnTaInEr_Id,Started:*true,AllocatedResources:ResourceList{},Resources:nil,VolumeMounts:[]VolumeMountStatus{},User:nil,AllocatedResourcesStatus:[]ResourceStatus{},StopSignal:nil,},},NominatedNodeName:,PodIPs:[]PodIP{},EphemeralContainerStatuses:[]ContainerStatus{},Resize:,ResourceClaimStatuses:[]PodResourceClaimStatus{},HostIPs:[]HostIP{},ObservedGeneration:0,}"
I0718 18:34:25.001920   50478 worker.go:217] Pod is terminated, exiting probe worker, pod=test-namespace/test-pod, phase=Failed
I0718 18:34:25.001937   50478 worker_test.go:250] "TestDoProbe" probeType="Readiness" testIndex=2 podStatus="&PodStatus{Phase:Running,Conditions:[]PodCondition{},Message:,Reason:,HostIP:,PodIP:,StartTime:<nil>,ContainerStatuses:[]ContainerStatus{},QOSClass:,InitContainerStatuses:[]ContainerStatus{ContainerStatus{Name:cOnTaInEr_NaMe,State:ContainerState{Waiting:nil,Running:&ContainerStateRunning{StartedAt:2025-07-18 18:34:25.001857 +0530 IST m=+0.020796334,},Terminated:nil,},LastTerminationState:ContainerState{Waiting:nil,Running:nil,Terminated:nil,},Ready:false,RestartCount:0,Image:,ImageID:,ContainerID:test://cOnTaInEr_Id,Started:*true,AllocatedResources:ResourceList{},Resources:nil,VolumeMounts:[]VolumeMountStatus{},User:nil,AllocatedResourcesStatus:[]ResourceStatus{},StopSignal:nil,},},NominatedNodeName:,PodIPs:[]PodIP{},EphemeralContainerStatuses:[]ContainerStatus{},Resize:,ResourceClaimStatuses:[]PodResourceClaimStatus{},HostIPs:[]HostIP{},ObservedGeneration:0,}"
I0718 18:34:25.001945   50478 prober.go:153] "Exec-Probe runProbe" pod="test-namespace/test-pod" containerName="cOnTaInEr_NaMe" execCommand=["/bin/true"]
I0718 18:34:25.001949   50478 prober.go:111] "Probe succeeded" probeType="Readiness" pod="test-namespace/test-pod" podUID="pOd_UiD" containerName="cOnTaInEr_NaMe"
I0718 18:34:25.001953   50478 worker.go:306] Debug probe, pod=test-namespace/test-pod, containerName=cOnTaInEr_NaMe, probeType=Readiness, result=Success, err=<nil>
I0718 18:34:25.001971   50478 worker_test.go:250] "TestDoProbe" probeType="Readiness" testIndex=3 podStatus="&PodStatus{Phase:Running,Conditions:[]PodCondition{},Message:,Reason:,HostIP:,PodIP:,StartTime:<nil>,ContainerStatuses:[]ContainerStatus{},QOSClass:,InitContainerStatuses:[]ContainerStatus{ContainerStatus{Name:otherContainer,State:ContainerState{Waiting:nil,Running:&ContainerStateRunning{StartedAt:2025-07-18 18:34:25.001858 +0530 IST m=+0.020797417,},Terminated:nil,},LastTerminationState:ContainerState{Waiting:nil,Running:nil,Terminated:nil,},Ready:false,RestartCount:0,Image:,ImageID:,ContainerID:test://cOnTaInEr_Id,Started:*true,AllocatedResources:ResourceList{},Resources:nil,VolumeMounts:[]VolumeMountStatus{},User:nil,AllocatedResourcesStatus:[]ResourceStatus{},StopSignal:nil,},},NominatedNodeName:,PodIPs:[]PodIP{},EphemeralContainerStatuses:[]ContainerStatus{},Resize:,ResourceClaimStatuses:[]PodResourceClaimStatus{},HostIPs:[]HostIP{},ObservedGeneration:0,}"
I0718 18:34:25.001980   50478 worker.go:230] Probe target container not found, pod=test-namespace/test-pod, containerName=cOnTaInEr_NaMe
I0718 18:34:25.001997   50478 worker_test.go:250] "TestDoProbe" probeType="Readiness" testIndex=4 podStatus="&PodStatus{Phase:Running,Conditions:[]PodCondition{},Message:,Reason:,HostIP:,PodIP:,StartTime:<nil>,ContainerStatuses:[]ContainerStatus{},QOSClass:,InitContainerStatuses:[]ContainerStatus{ContainerStatus{Name:cOnTaInEr_NaMe,State:ContainerState{Waiting:nil,Running:nil,Terminated:nil,},LastTerminationState:ContainerState{Waiting:nil,Running:nil,Terminated:nil,},Ready:false,RestartCount:0,Image:,ImageID:,ContainerID:test://cOnTaInEr_Id,Started:*true,AllocatedResources:ResourceList{},Resources:nil,VolumeMounts:[]VolumeMountStatus{},User:nil,AllocatedResourcesStatus:[]ResourceStatus{},StopSignal:nil,},},NominatedNodeName:,PodIPs:[]PodIP{},EphemeralContainerStatuses:[]ContainerStatus{},Resize:,ResourceClaimStatuses:[]PodResourceClaimStatus{},HostIPs:[]HostIP{},ObservedGeneration:0,}"
I0718 18:34:25.002005   50478 worker.go:266] Non-running container probed, pod=test-namespace/test-pod, containerName=cOnTaInEr_NaMe
I0718 18:34:25.002025   50478 worker_test.go:250] "TestDoProbe" probeType="Readiness" testIndex=5 podStatus="&PodStatus{Phase:Running,Conditions:[]PodCondition{},Message:,Reason:,HostIP:,PodIP:,StartTime:<nil>,ContainerStatuses:[]ContainerStatus{},QOSClass:,InitContainerStatuses:[]ContainerStatus{ContainerStatus{Name:cOnTaInEr_NaMe,State:ContainerState{Waiting:nil,Running:nil,Terminated:&ContainerStateTerminated{ExitCode:0,Signal:0,Reason:,Message:,StartedAt:2025-07-18 18:34:25.001857 +0530 IST m=+0.020797126,FinishedAt:0001-01-01 00:00:00 +0000 UTC,ContainerID:,},},LastTerminationState:ContainerState{Waiting:nil,Running:nil,Terminated:nil,},Ready:false,RestartCount:0,Image:,ImageID:,ContainerID:test://cOnTaInEr_Id,Started:*true,AllocatedResources:ResourceList{},Resources:nil,VolumeMounts:[]VolumeMountStatus{},User:nil,AllocatedResourcesStatus:[]ResourceStatus{},StopSignal:nil,},},NominatedNodeName:,PodIPs:[]PodIP{},EphemeralContainerStatuses:[]ContainerStatus{},Resize:,ResourceClaimStatuses:[]PodResourceClaimStatus{},HostIPs:[]HostIP{},ObservedGeneration:0,}"
I0718 18:34:25.002032   50478 worker.go:266] Non-running container probed, pod=test-namespace/test-pod, containerName=cOnTaInEr_NaMe
    worker_test.go:288: [Readiness-5] Expected continue to be false but got true
I0718 18:34:25.002055   50478 worker_test.go:250] "TestDoProbe" probeType="Readiness" testIndex=6 podStatus="&PodStatus{Phase:Running,Conditions:[]PodCondition{},Message:,Reason:,HostIP:,PodIP:,StartTime:<nil>,ContainerStatuses:[]ContainerStatus{},QOSClass:,InitContainerStatuses:[]ContainerStatus{ContainerStatus{Name:cOnTaInEr_NaMe,State:ContainerState{Waiting:nil,Running:&ContainerStateRunning{StartedAt:2025-07-18 18:34:25.001857 +0530 IST m=+0.020796334,},Terminated:nil,},LastTerminationState:ContainerState{Waiting:nil,Running:nil,Terminated:nil,},Ready:false,RestartCount:0,Image:,ImageID:,ContainerID:test://cOnTaInEr_Id,Started:*true,AllocatedResources:ResourceList{},Resources:nil,VolumeMounts:[]VolumeMountStatus{},User:nil,AllocatedResourcesStatus:[]ResourceStatus{},StopSignal:nil,},},NominatedNodeName:,PodIPs:[]PodIP{},EphemeralContainerStatuses:[]ContainerStatus{},Resize:,ResourceClaimStatuses:[]PodResourceClaimStatus{},HostIPs:[]HostIP{},ObservedGeneration:0,}"
I0718 18:34:25.002062   50478 prober.go:153] "Exec-Probe runProbe" pod="test-namespace/test-pod" containerName="cOnTaInEr_NaMe" execCommand=["/bin/true"]
I0718 18:34:25.002066   50478 prober.go:111] "Probe succeeded" probeType="Readiness" pod="test-namespace/test-pod" podUID="pOd_UiD" containerName="cOnTaInEr_NaMe"
I0718 18:34:25.002070   50478 worker.go:306] Debug probe, pod=test-namespace/test-pod, containerName=cOnTaInEr_NaMe, probeType=Readiness, result=Success, err=<nil>
I0718 18:34:25.002089   50478 worker_test.go:250] "TestDoProbe" probeType="Readiness" testIndex=7 podStatus="&PodStatus{Phase:Running,Conditions:[]PodCondition{},Message:,Reason:,HostIP:,PodIP:,StartTime:<nil>,ContainerStatuses:[]ContainerStatus{},QOSClass:,InitContainerStatuses:[]ContainerStatus{ContainerStatus{Name:cOnTaInEr_NaMe,State:ContainerState{Waiting:nil,Running:&ContainerStateRunning{StartedAt:2025-07-18 18:34:25.001857 +0530 IST m=+0.020796334,},Terminated:nil,},LastTerminationState:ContainerState{Waiting:nil,Running:nil,Terminated:nil,},Ready:false,RestartCount:0,Image:,ImageID:,ContainerID:test://cOnTaInEr_Id,Started:*true,AllocatedResources:ResourceList{},Resources:nil,VolumeMounts:[]VolumeMountStatus{},User:nil,AllocatedResourcesStatus:[]ResourceStatus{},StopSignal:nil,},},NominatedNodeName:,PodIPs:[]PodIP{},EphemeralContainerStatuses:[]ContainerStatus{},Resize:,ResourceClaimStatuses:[]PodResourceClaimStatus{},HostIPs:[]HostIP{},ObservedGeneration:0,}"
I0718 18:34:25.002097   50478 prober.go:153] "Exec-Probe runProbe" pod="test-namespace/test-pod" containerName="cOnTaInEr_NaMe" execCommand=["/bin/true"]
I0718 18:34:25.002100   50478 prober.go:111] "Probe succeeded" probeType="Readiness" pod="test-namespace/test-pod" podUID="pOd_UiD" containerName="cOnTaInEr_NaMe"
I0718 18:34:25.002104   50478 worker.go:306] Debug probe, pod=test-namespace/test-pod, containerName=cOnTaInEr_NaMe, probeType=Readiness, result=Success, err=<nil>
I0718 18:34:25.002126   50478 worker_test.go:250] "TestDoProbe" probeType="Readiness" testIndex=8 podStatus="&PodStatus{Phase:Running,Conditions:[]PodCondition{},Message:,Reason:,HostIP:,PodIP:,StartTime:<nil>,ContainerStatuses:[]ContainerStatus{},QOSClass:,InitContainerStatuses:[]ContainerStatus{ContainerStatus{Name:cOnTaInEr_NaMe,State:ContainerState{Waiting:nil,Running:nil,Terminated:&ContainerStateTerminated{ExitCode:0,Signal:0,Reason:,Message:,StartedAt:2025-07-18 18:34:25.001859 +0530 IST m=+0.020798834,FinishedAt:0001-01-01 00:00:00 +0000 UTC,ContainerID:,},},LastTerminationState:ContainerState{Waiting:nil,Running:nil,Terminated:nil,},Ready:false,RestartCount:0,Image:,ImageID:,ContainerID:test://cOnTaInEr_Id,Started:nil,AllocatedResources:ResourceList{},Resources:nil,VolumeMounts:[]VolumeMountStatus{},User:nil,AllocatedResourcesStatus:[]ResourceStatus{},StopSignal:nil,},},NominatedNodeName:,PodIPs:[]PodIP{},EphemeralContainerStatuses:[]ContainerStatus{},Resize:,ResourceClaimStatuses:[]PodResourceClaimStatus{},HostIPs:[]HostIP{},ObservedGeneration:0,}"
I0718 18:34:25.002132   50478 worker.go:266] Non-running container probed, pod=test-namespace/test-pod, containerName=cOnTaInEr_NaMe
    worker_test.go:288: [Readiness-8] Expected continue to be false but got true
I0718 18:34:25.002156   50478 worker_test.go:250] "TestDoProbe" probeType="Readiness" testIndex=9 podStatus="&PodStatus{Phase:Running,Conditions:[]PodCondition{},Message:,Reason:,HostIP:,PodIP:,StartTime:<nil>,ContainerStatuses:[]ContainerStatus{},QOSClass:,InitContainerStatuses:[]ContainerStatus{ContainerStatus{Name:cOnTaInEr_NaMe,State:ContainerState{Waiting:nil,Running:&ContainerStateRunning{StartedAt:2025-07-18 18:34:25.001859 +0530 IST m=+0.020799126,},Terminated:nil,},LastTerminationState:ContainerState{Waiting:nil,Running:nil,Terminated:nil,},Ready:false,RestartCount:0,Image:,ImageID:,ContainerID:test://cOnTaInEr_Id,Started:*true,AllocatedResources:ResourceList{},Resources:nil,VolumeMounts:[]VolumeMountStatus{},User:nil,AllocatedResourcesStatus:[]ResourceStatus{},StopSignal:nil,},},NominatedNodeName:,PodIPs:[]PodIP{},EphemeralContainerStatuses:[]ContainerStatus{},Resize:,ResourceClaimStatuses:[]PodResourceClaimStatus{},HostIPs:[]HostIP{},ObservedGeneration:0,}"
I0718 18:34:25.002165   50478 prober.go:153] "Exec-Probe runProbe" pod="test-namespace/test-pod" containerName="cOnTaInEr_NaMe" execCommand=["/bin/true"]
I0718 18:34:25.002169   50478 prober.go:111] "Probe succeeded" probeType="Readiness" pod="test-namespace/test-pod" podUID="pOd_UiD" containerName="cOnTaInEr_NaMe"
I0718 18:34:25.002173   50478 worker.go:306] Debug probe, pod=test-namespace/test-pod, containerName=cOnTaInEr_NaMe, probeType=Readiness, result=Success, err=<nil>
I0718 18:34:25.002194   50478 worker_test.go:250] "TestDoProbe" probeType="Startup" testIndex=0 podStatus="&PodStatus{Phase:Running,Conditions:[]PodCondition{},Message:,Reason:,HostIP:,PodIP:,StartTime:<nil>,ContainerStatuses:[]ContainerStatus{},QOSClass:,InitContainerStatuses:[]ContainerStatus{ContainerStatus{Name:cOnTaInEr_NaMe,State:ContainerState{Waiting:nil,Running:nil,Terminated:nil,},LastTerminationState:ContainerState{Waiting:nil,Running:nil,Terminated:nil,},Ready:false,RestartCount:0,Image:,ImageID:,ContainerID:test://cOnTaInEr_Id,Started:*false,AllocatedResources:ResourceList{},Resources:nil,VolumeMounts:[]VolumeMountStatus{},User:nil,AllocatedResourcesStatus:[]ResourceStatus{},StopSignal:nil,},},NominatedNodeName:,PodIPs:[]PodIP{},EphemeralContainerStatuses:[]ContainerStatus{},Resize:,ResourceClaimStatuses:[]PodResourceClaimStatus{},HostIPs:[]HostIP{},ObservedGeneration:0,}"
I0718 18:34:25.002201   50478 worker.go:266] Non-running container probed, pod=test-namespace/test-pod, containerName=cOnTaInEr_NaMe
    worker_test.go:295: [Startup-0] Expected result: Success but got UNKNOWN
I0718 18:34:25.002222   50478 worker_test.go:250] "TestDoProbe" probeType="Startup" testIndex=1 podStatus="&PodStatus{Phase:Failed,Conditions:[]PodCondition{},Message:,Reason:,HostIP:,PodIP:,StartTime:<nil>,ContainerStatuses:[]ContainerStatus{},QOSClass:,InitContainerStatuses:[]ContainerStatus{ContainerStatus{Name:cOnTaInEr_NaMe,State:ContainerState{Waiting:nil,Running:nil,Terminated:nil,},LastTerminationState:ContainerState{Waiting:nil,Running:nil,Terminated:nil,},Ready:false,RestartCount:0,Image:,ImageID:,ContainerID:test://cOnTaInEr_Id,Started:*false,AllocatedResources:ResourceList{},Resources:nil,VolumeMounts:[]VolumeMountStatus{},User:nil,AllocatedResourcesStatus:[]ResourceStatus{},StopSignal:nil,},},NominatedNodeName:,PodIPs:[]PodIP{},EphemeralContainerStatuses:[]ContainerStatus{},Resize:,ResourceClaimStatuses:[]PodResourceClaimStatus{},HostIPs:[]HostIP{},ObservedGeneration:0,}"
I0718 18:34:25.002228   50478 worker.go:217] Pod is terminated, exiting probe worker, pod=test-namespace/test-pod, phase=Failed
I0718 18:34:25.002244   50478 worker_test.go:250] "TestDoProbe" probeType="Startup" testIndex=2 podStatus="&PodStatus{Phase:Running,Conditions:[]PodCondition{},Message:,Reason:,HostIP:,PodIP:,StartTime:<nil>,ContainerStatuses:[]ContainerStatus{},QOSClass:,InitContainerStatuses:[]ContainerStatus{ContainerStatus{Name:cOnTaInEr_NaMe,State:ContainerState{Waiting:nil,Running:nil,Terminated:nil,},LastTerminationState:ContainerState{Waiting:nil,Running:nil,Terminated:nil,},Ready:false,RestartCount:0,Image:,ImageID:,ContainerID:test://cOnTaInEr_Id,Started:*false,AllocatedResources:ResourceList{},Resources:nil,VolumeMounts:[]VolumeMountStatus{},User:nil,AllocatedResourcesStatus:[]ResourceStatus{},StopSignal:nil,},},NominatedNodeName:,PodIPs:[]PodIP{},EphemeralContainerStatuses:[]ContainerStatus{},Resize:,ResourceClaimStatuses:[]PodResourceClaimStatus{},HostIPs:[]HostIP{},ObservedGeneration:0,}"
I0718 18:34:25.002252   50478 worker.go:254] Pod deletion requested, setting probe result to success, probeType=Startup, pod=test-namespace/test-pod, containerName=cOnTaInEr_NaMe
I0718 18:34:25.002256   50478 worker.go:257] Pod deletion requested before container has fully started, pod=test-namespace/test-pod, containerName=cOnTaInEr_NaMe
I0718 18:34:25.002273   50478 worker_test.go:250] "TestDoProbe" probeType="Startup" testIndex=3 podStatus="&PodStatus{Phase:Running,Conditions:[]PodCondition{},Message:,Reason:,HostIP:,PodIP:,StartTime:<nil>,ContainerStatuses:[]ContainerStatus{},QOSClass:,InitContainerStatuses:[]ContainerStatus{ContainerStatus{Name:otherContainer,State:ContainerState{Waiting:nil,Running:nil,Terminated:nil,},LastTerminationState:ContainerState{Waiting:nil,Running:nil,Terminated:nil,},Ready:false,RestartCount:0,Image:,ImageID:,ContainerID:test://cOnTaInEr_Id,Started:*false,AllocatedResources:ResourceList{},Resources:nil,VolumeMounts:[]VolumeMountStatus{},User:nil,AllocatedResourcesStatus:[]ResourceStatus{},StopSignal:nil,},},NominatedNodeName:,PodIPs:[]PodIP{},EphemeralContainerStatuses:[]ContainerStatus{},Resize:,ResourceClaimStatuses:[]PodResourceClaimStatus{},HostIPs:[]HostIP{},ObservedGeneration:0,}"
I0718 18:34:25.002285   50478 worker.go:230] Probe target container not found, pod=test-namespace/test-pod, containerName=cOnTaInEr_NaMe
I0718 18:34:25.002302   50478 worker_test.go:250] "TestDoProbe" probeType="Startup" testIndex=4 podStatus="&PodStatus{Phase:Running,Conditions:[]PodCondition{},Message:,Reason:,HostIP:,PodIP:,StartTime:<nil>,ContainerStatuses:[]ContainerStatus{},QOSClass:,InitContainerStatuses:[]ContainerStatus{ContainerStatus{Name:cOnTaInEr_NaMe,State:ContainerState{Waiting:nil,Running:nil,Terminated:nil,},LastTerminationState:ContainerState{Waiting:nil,Running:nil,Terminated:nil,},Ready:false,RestartCount:0,Image:,ImageID:,ContainerID:test://cOnTaInEr_Id,Started:*false,AllocatedResources:ResourceList{},Resources:nil,VolumeMounts:[]VolumeMountStatus{},User:nil,AllocatedResourcesStatus:[]ResourceStatus{},StopSignal:nil,},},NominatedNodeName:,PodIPs:[]PodIP{},EphemeralContainerStatuses:[]ContainerStatus{},Resize:,ResourceClaimStatuses:[]PodResourceClaimStatus{},HostIPs:[]HostIP{},ObservedGeneration:0,}"
I0718 18:34:25.002310   50478 worker.go:266] Non-running container probed, pod=test-namespace/test-pod, containerName=cOnTaInEr_NaMe
    worker_test.go:295: [Startup-4] Expected result: Failure but got UNKNOWN
I0718 18:34:25.002333   50478 worker_test.go:250] "TestDoProbe" probeType="Startup" testIndex=5 podStatus="&PodStatus{Phase:Running,Conditions:[]PodCondition{},Message:,Reason:,HostIP:,PodIP:,StartTime:<nil>,ContainerStatuses:[]ContainerStatus{},QOSClass:,InitContainerStatuses:[]ContainerStatus{ContainerStatus{Name:cOnTaInEr_NaMe,State:ContainerState{Waiting:nil,Running:nil,Terminated:&ContainerStateTerminated{ExitCode:0,Signal:0,Reason:,Message:,StartedAt:2025-07-18 18:34:25.002176 +0530 IST m=+0.021115459,FinishedAt:0001-01-01 00:00:00 +0000 UTC,ContainerID:,},},LastTerminationState:ContainerState{Waiting:nil,Running:nil,Terminated:nil,},Ready:false,RestartCount:0,Image:,ImageID:,ContainerID:test://cOnTaInEr_Id,Started:*false,AllocatedResources:ResourceList{},Resources:nil,VolumeMounts:[]VolumeMountStatus{},User:nil,AllocatedResourcesStatus:[]ResourceStatus{},StopSignal:nil,},},NominatedNodeName:,PodIPs:[]PodIP{},EphemeralContainerStatuses:[]ContainerStatus{},Resize:,ResourceClaimStatuses:[]PodResourceClaimStatus{},HostIPs:[]HostIP{},ObservedGeneration:0,}"
I0718 18:34:25.002342   50478 worker.go:266] Non-running container probed, pod=test-namespace/test-pod, containerName=cOnTaInEr_NaMe
    worker_test.go:288: [Startup-5] Expected continue to be false but got true
I0718 18:34:25.002363   50478 worker_test.go:250] "TestDoProbe" probeType="Startup" testIndex=6 podStatus="&PodStatus{Phase:Running,Conditions:[]PodCondition{},Message:,Reason:,HostIP:,PodIP:,StartTime:<nil>,ContainerStatuses:[]ContainerStatus{},QOSClass:,InitContainerStatuses:[]ContainerStatus{ContainerStatus{Name:cOnTaInEr_NaMe,State:ContainerState{Waiting:nil,Running:nil,Terminated:nil,},LastTerminationState:ContainerState{Waiting:nil,Running:nil,Terminated:nil,},Ready:false,RestartCount:0,Image:,ImageID:,ContainerID:test://cOnTaInEr_Id,Started:*false,AllocatedResources:ResourceList{},Resources:nil,VolumeMounts:[]VolumeMountStatus{},User:nil,AllocatedResourcesStatus:[]ResourceStatus{},StopSignal:nil,},},NominatedNodeName:,PodIPs:[]PodIP{},EphemeralContainerStatuses:[]ContainerStatus{},Resize:,ResourceClaimStatuses:[]PodResourceClaimStatus{},HostIPs:[]HostIP{},ObservedGeneration:0,}"
I0718 18:34:25.002370   50478 worker.go:266] Non-running container probed, pod=test-namespace/test-pod, containerName=cOnTaInEr_NaMe
    worker_test.go:295: [Startup-6] Expected result: Success but got UNKNOWN
I0718 18:34:25.002392   50478 worker_test.go:250] "TestDoProbe" probeType="Startup" testIndex=7 podStatus="&PodStatus{Phase:Running,Conditions:[]PodCondition{},Message:,Reason:,HostIP:,PodIP:,StartTime:<nil>,ContainerStatuses:[]ContainerStatus{},QOSClass:,InitContainerStatuses:[]ContainerStatus{ContainerStatus{Name:cOnTaInEr_NaMe,State:ContainerState{Waiting:nil,Running:nil,Terminated:nil,},LastTerminationState:ContainerState{Waiting:nil,Running:nil,Terminated:nil,},Ready:false,RestartCount:0,Image:,ImageID:,ContainerID:test://cOnTaInEr_Id,Started:*false,AllocatedResources:ResourceList{},Resources:nil,VolumeMounts:[]VolumeMountStatus{},User:nil,AllocatedResourcesStatus:[]ResourceStatus{},StopSignal:nil,},},NominatedNodeName:,PodIPs:[]PodIP{},EphemeralContainerStatuses:[]ContainerStatus{},Resize:,ResourceClaimStatuses:[]PodResourceClaimStatus{},HostIPs:[]HostIP{},ObservedGeneration:0,}"
I0718 18:34:25.002400   50478 worker.go:266] Non-running container probed, pod=test-namespace/test-pod, containerName=cOnTaInEr_NaMe
    worker_test.go:295: [Startup-7] Expected result: Success but got UNKNOWN
I0718 18:34:25.002424   50478 worker_test.go:250] "TestDoProbe" probeType="Startup" testIndex=8 podStatus="&PodStatus{Phase:Running,Conditions:[]PodCondition{},Message:,Reason:,HostIP:,PodIP:,StartTime:<nil>,ContainerStatuses:[]ContainerStatus{},QOSClass:,InitContainerStatuses:[]ContainerStatus{ContainerStatus{Name:cOnTaInEr_NaMe,State:ContainerState{Waiting:nil,Running:nil,Terminated:&ContainerStateTerminated{ExitCode:0,Signal:0,Reason:,Message:,StartedAt:2025-07-18 18:34:25.002177 +0530 IST m=+0.021117251,FinishedAt:0001-01-01 00:00:00 +0000 UTC,ContainerID:,},},LastTerminationState:ContainerState{Waiting:nil,Running:nil,Terminated:nil,},Ready:false,RestartCount:0,Image:,ImageID:,ContainerID:test://cOnTaInEr_Id,Started:nil,AllocatedResources:ResourceList{},Resources:nil,VolumeMounts:[]VolumeMountStatus{},User:nil,AllocatedResourcesStatus:[]ResourceStatus{},StopSignal:nil,},},NominatedNodeName:,PodIPs:[]PodIP{},EphemeralContainerStatuses:[]ContainerStatus{},Resize:,ResourceClaimStatuses:[]PodResourceClaimStatus{},HostIPs:[]HostIP{},ObservedGeneration:0,}"
I0718 18:34:25.002432   50478 worker.go:266] Non-running container probed, pod=test-namespace/test-pod, containerName=cOnTaInEr_NaMe
    worker_test.go:288: [Startup-8] Expected continue to be false but got true
I0718 18:34:25.002454   50478 worker_test.go:250] "TestDoProbe" probeType="Startup" testIndex=9 podStatus="&PodStatus{Phase:Running,Conditions:[]PodCondition{},Message:,Reason:,HostIP:,PodIP:,StartTime:<nil>,ContainerStatuses:[]ContainerStatus{},QOSClass:,InitContainerStatuses:[]ContainerStatus{ContainerStatus{Name:cOnTaInEr_NaMe,State:ContainerState{Waiting:nil,Running:&ContainerStateRunning{StartedAt:2025-07-18 18:34:25.002178 +0530 IST m=+0.021117584,},Terminated:nil,},LastTerminationState:ContainerState{Waiting:nil,Running:nil,Terminated:nil,},Ready:false,RestartCount:0,Image:,ImageID:,ContainerID:test://cOnTaInEr_Id,Started:*true,AllocatedResources:ResourceList{},Resources:nil,VolumeMounts:[]VolumeMountStatus{},User:nil,AllocatedResourcesStatus:[]ResourceStatus{},StopSignal:nil,},},NominatedNodeName:,PodIPs:[]PodIP{},EphemeralContainerStatuses:[]ContainerStatus{},Resize:,ResourceClaimStatuses:[]PodResourceClaimStatus{},HostIPs:[]HostIP{},ObservedGeneration:0,}"
I0718 18:34:25.002462   50478 worker.go:292] Startup probe stopped, container started, pod=test-namespace/test-pod, containerName=cOnTaInEr_NaMe
    worker_test.go:288: [Startup-9] Expected continue to be true but got false
--- FAIL: TestDoProbe (0.00s)
=== RUN   TestDoProbe
I0718 18:34:25.002563   50478 worker_test.go:250] "TestDoProbe" probeType="Liveness" testIndex=0 podStatus="&PodStatus{Phase:Running,Conditions:[]PodCondition{},Message:,Reason:,HostIP:,PodIP:,StartTime:<nil>,ContainerStatuses:[]ContainerStatus{},QOSClass:,InitContainerStatuses:[]ContainerStatus{ContainerStatus{Name:cOnTaInEr_NaMe,State:ContainerState{Waiting:nil,Running:&ContainerStateRunning{StartedAt:2025-07-18 18:34:25.002529 +0530 IST m=+0.021469126,},Terminated:nil,},LastTerminationState:ContainerState{Waiting:nil,Running:nil,Terminated:nil,},Ready:false,RestartCount:0,Image:,ImageID:,ContainerID:test://cOnTaInEr_Id,Started:*true,AllocatedResources:ResourceList{},Resources:nil,VolumeMounts:[]VolumeMountStatus{},User:nil,AllocatedResourcesStatus:[]ResourceStatus{},StopSignal:nil,},},NominatedNodeName:,PodIPs:[]PodIP{},EphemeralContainerStatuses:[]ContainerStatus{},Resize:,ResourceClaimStatuses:[]PodResourceClaimStatus{},HostIPs:[]HostIP{},ObservedGeneration:0,}"
I0718 18:34:25.002572   50478 prober.go:153] "Exec-Probe runProbe" pod="test-namespace/test-pod" containerName="cOnTaInEr_NaMe" execCommand=["/bin/true"]
I0718 18:34:25.002576   50478 prober.go:111] "Probe succeeded" probeType="Liveness" pod="test-namespace/test-pod" podUID="pOd_UiD" containerName="cOnTaInEr_NaMe"
I0718 18:34:25.002580   50478 worker.go:306] Debug probe, pod=test-namespace/test-pod, containerName=cOnTaInEr_NaMe, probeType=Liveness, result=Success, err=<nil>
I0718 18:34:25.002599   50478 worker_test.go:250] "TestDoProbe" probeType="Liveness" testIndex=1 podStatus="&PodStatus{Phase:Failed,Conditions:[]PodCondition{},Message:,Reason:,HostIP:,PodIP:,StartTime:<nil>,ContainerStatuses:[]ContainerStatus{},QOSClass:,InitContainerStatuses:[]ContainerStatus{ContainerStatus{Name:cOnTaInEr_NaMe,State:ContainerState{Waiting:nil,Running:&ContainerStateRunning{StartedAt:2025-07-18 18:34:25.002531 +0530 IST m=+0.021470542,},Terminated:nil,},LastTerminationState:ContainerState{Waiting:nil,Running:nil,Terminated:nil,},Ready:false,RestartCount:0,Image:,ImageID:,ContainerID:test://cOnTaInEr_Id,Started:*true,AllocatedResources:ResourceList{},Resources:nil,VolumeMounts:[]VolumeMountStatus{},User:nil,AllocatedResourcesStatus:[]ResourceStatus{},StopSignal:nil,},},NominatedNodeName:,PodIPs:[]PodIP{},EphemeralContainerStatuses:[]ContainerStatus{},Resize:,ResourceClaimStatuses:[]PodResourceClaimStatus{},HostIPs:[]HostIP{},ObservedGeneration:0,}"
I0718 18:34:25.002605   50478 worker.go:217] Pod is terminated, exiting probe worker, pod=test-namespace/test-pod, phase=Failed
I0718 18:34:25.002622   50478 worker_test.go:250] "TestDoProbe" probeType="Liveness" testIndex=2 podStatus="&PodStatus{Phase:Running,Conditions:[]PodCondition{},Message:,Reason:,HostIP:,PodIP:,StartTime:<nil>,ContainerStatuses:[]ContainerStatus{},QOSClass:,InitContainerStatuses:[]ContainerStatus{ContainerStatus{Name:cOnTaInEr_NaMe,State:ContainerState{Waiting:nil,Running:&ContainerStateRunning{StartedAt:2025-07-18 18:34:25.002529 +0530 IST m=+0.021469126,},Terminated:nil,},LastTerminationState:ContainerState{Waiting:nil,Running:nil,Terminated:nil,},Ready:false,RestartCount:0,Image:,ImageID:,ContainerID:test://cOnTaInEr_Id,Started:*true,AllocatedResources:ResourceList{},Resources:nil,VolumeMounts:[]VolumeMountStatus{},User:nil,AllocatedResourcesStatus:[]ResourceStatus{},StopSignal:nil,},},NominatedNodeName:,PodIPs:[]PodIP{},EphemeralContainerStatuses:[]ContainerStatus{},Resize:,ResourceClaimStatuses:[]PodResourceClaimStatus{},HostIPs:[]HostIP{},ObservedGeneration:0,}"
I0718 18:34:25.002629   50478 worker.go:254] Pod deletion requested, setting probe result to success, probeType=Liveness, pod=test-namespace/test-pod, containerName=cOnTaInEr_NaMe
I0718 18:34:25.002647   50478 worker_test.go:250] "TestDoProbe" probeType="Liveness" testIndex=3 podStatus="&PodStatus{Phase:Running,Conditions:[]PodCondition{},Message:,Reason:,HostIP:,PodIP:,StartTime:<nil>,ContainerStatuses:[]ContainerStatus{},QOSClass:,InitContainerStatuses:[]ContainerStatus{ContainerStatus{Name:otherContainer,State:ContainerState{Waiting:nil,Running:&ContainerStateRunning{StartedAt:2025-07-18 18:34:25.00253 +0530 IST m=+0.021470209,},Terminated:nil,},LastTerminationState:ContainerState{Waiting:nil,Running:nil,Terminated:nil,},Ready:false,RestartCount:0,Image:,ImageID:,ContainerID:test://cOnTaInEr_Id,Started:*true,AllocatedResources:ResourceList{},Resources:nil,VolumeMounts:[]VolumeMountStatus{},User:nil,AllocatedResourcesStatus:[]ResourceStatus{},StopSignal:nil,},},NominatedNodeName:,PodIPs:[]PodIP{},EphemeralContainerStatuses:[]ContainerStatus{},Resize:,ResourceClaimStatuses:[]PodResourceClaimStatus{},HostIPs:[]HostIP{},ObservedGeneration:0,}"
I0718 18:34:25.002657   50478 worker.go:230] Probe target container not found, pod=test-namespace/test-pod, containerName=cOnTaInEr_NaMe
I0718 18:34:25.002674   50478 worker_test.go:250] "TestDoProbe" probeType="Liveness" testIndex=4 podStatus="&PodStatus{Phase:Running,Conditions:[]PodCondition{},Message:,Reason:,HostIP:,PodIP:,StartTime:<nil>,ContainerStatuses:[]ContainerStatus{},QOSClass:,InitContainerStatuses:[]ContainerStatus{ContainerStatus{Name:cOnTaInEr_NaMe,State:ContainerState{Waiting:nil,Running:nil,Terminated:nil,},LastTerminationState:ContainerState{Waiting:nil,Running:nil,Terminated:nil,},Ready:false,RestartCount:0,Image:,ImageID:,ContainerID:test://cOnTaInEr_Id,Started:*true,AllocatedResources:ResourceList{},Resources:nil,VolumeMounts:[]VolumeMountStatus{},User:nil,AllocatedResourcesStatus:[]ResourceStatus{},StopSignal:nil,},},NominatedNodeName:,PodIPs:[]PodIP{},EphemeralContainerStatuses:[]ContainerStatus{},Resize:,ResourceClaimStatuses:[]PodResourceClaimStatus{},HostIPs:[]HostIP{},ObservedGeneration:0,}"
I0718 18:34:25.002681   50478 worker.go:266] Non-running container probed, pod=test-namespace/test-pod, containerName=cOnTaInEr_NaMe
    worker_test.go:288: [Liveness-4] Expected continue to be true but got false
I0718 18:34:25.002707   50478 worker_test.go:250] "TestDoProbe" probeType="Liveness" testIndex=5 podStatus="&PodStatus{Phase:Running,Conditions:[]PodCondition{},Message:,Reason:,HostIP:,PodIP:,StartTime:<nil>,ContainerStatuses:[]ContainerStatus{},QOSClass:,InitContainerStatuses:[]ContainerStatus{ContainerStatus{Name:cOnTaInEr_NaMe,State:ContainerState{Waiting:nil,Running:nil,Terminated:&ContainerStateTerminated{ExitCode:0,Signal:0,Reason:,Message:,StartedAt:2025-07-18 18:34:25.00253 +0530 IST m=+0.021469959,FinishedAt:0001-01-01 00:00:00 +0000 UTC,ContainerID:,},},LastTerminationState:ContainerState{Waiting:nil,Running:nil,Terminated:nil,},Ready:false,RestartCount:0,Image:,ImageID:,ContainerID:test://cOnTaInEr_Id,Started:*true,AllocatedResources:ResourceList{},Resources:nil,VolumeMounts:[]VolumeMountStatus{},User:nil,AllocatedResourcesStatus:[]ResourceStatus{},StopSignal:nil,},},NominatedNodeName:,PodIPs:[]PodIP{},EphemeralContainerStatuses:[]ContainerStatus{},Resize:,ResourceClaimStatuses:[]PodResourceClaimStatus{},HostIPs:[]HostIP{},ObservedGeneration:0,}"
I0718 18:34:25.002713   50478 worker.go:266] Non-running container probed, pod=test-namespace/test-pod, containerName=cOnTaInEr_NaMe
    worker_test.go:288: [Liveness-5] Expected continue to be false but got true
I0718 18:34:25.002735   50478 worker_test.go:250] "TestDoProbe" probeType="Liveness" testIndex=6 podStatus="&PodStatus{Phase:Running,Conditions:[]PodCondition{},Message:,Reason:,HostIP:,PodIP:,StartTime:<nil>,ContainerStatuses:[]ContainerStatus{},QOSClass:,InitContainerStatuses:[]ContainerStatus{ContainerStatus{Name:cOnTaInEr_NaMe,State:ContainerState{Waiting:nil,Running:&ContainerStateRunning{StartedAt:2025-07-18 18:34:25.002529 +0530 IST m=+0.021469126,},Terminated:nil,},LastTerminationState:ContainerState{Waiting:nil,Running:nil,Terminated:nil,},Ready:false,RestartCount:0,Image:,ImageID:,ContainerID:test://cOnTaInEr_Id,Started:*true,AllocatedResources:ResourceList{},Resources:nil,VolumeMounts:[]VolumeMountStatus{},User:nil,AllocatedResourcesStatus:[]ResourceStatus{},StopSignal:nil,},},NominatedNodeName:,PodIPs:[]PodIP{},EphemeralContainerStatuses:[]ContainerStatus{},Resize:,ResourceClaimStatuses:[]PodResourceClaimStatus{},HostIPs:[]HostIP{},ObservedGeneration:0,}"
I0718 18:34:25.002744   50478 prober.go:153] "Exec-Probe runProbe" pod="test-namespace/test-pod" containerName="cOnTaInEr_NaMe" execCommand=["/bin/true"]
I0718 18:34:25.002748   50478 prober.go:111] "Probe succeeded" probeType="Liveness" pod="test-namespace/test-pod" podUID="pOd_UiD" containerName="cOnTaInEr_NaMe"
I0718 18:34:25.002752   50478 worker.go:306] Debug probe, pod=test-namespace/test-pod, containerName=cOnTaInEr_NaMe, probeType=Liveness, result=Success, err=<nil>
I0718 18:34:25.002770   50478 worker_test.go:250] "TestDoProbe" probeType="Liveness" testIndex=7 podStatus="&PodStatus{Phase:Running,Conditions:[]PodCondition{},Message:,Reason:,HostIP:,PodIP:,StartTime:<nil>,ContainerStatuses:[]ContainerStatus{},QOSClass:,InitContainerStatuses:[]ContainerStatus{ContainerStatus{Name:cOnTaInEr_NaMe,State:ContainerState{Waiting:nil,Running:&ContainerStateRunning{StartedAt:2025-07-18 18:34:25.002529 +0530 IST m=+0.021469126,},Terminated:nil,},LastTerminationState:ContainerState{Waiting:nil,Running:nil,Terminated:nil,},Ready:false,RestartCount:0,Image:,ImageID:,ContainerID:test://cOnTaInEr_Id,Started:*true,AllocatedResources:ResourceList{},Resources:nil,VolumeMounts:[]VolumeMountStatus{},User:nil,AllocatedResourcesStatus:[]ResourceStatus{},StopSignal:nil,},},NominatedNodeName:,PodIPs:[]PodIP{},EphemeralContainerStatuses:[]ContainerStatus{},Resize:,ResourceClaimStatuses:[]PodResourceClaimStatus{},HostIPs:[]HostIP{},ObservedGeneration:0,}"
I0718 18:34:25.002778   50478 prober.go:153] "Exec-Probe runProbe" pod="test-namespace/test-pod" containerName="cOnTaInEr_NaMe" execCommand=["/bin/true"]
I0718 18:34:25.002782   50478 prober.go:111] "Probe succeeded" probeType="Liveness" pod="test-namespace/test-pod" podUID="pOd_UiD" containerName="cOnTaInEr_NaMe"
I0718 18:34:25.002785   50478 worker.go:306] Debug probe, pod=test-namespace/test-pod, containerName=cOnTaInEr_NaMe, probeType=Liveness, result=Success, err=<nil>
I0718 18:34:25.002805   50478 worker_test.go:250] "TestDoProbe" probeType="Liveness" testIndex=8 podStatus="&PodStatus{Phase:Running,Conditions:[]PodCondition{},Message:,Reason:,HostIP:,PodIP:,StartTime:<nil>,ContainerStatuses:[]ContainerStatus{},QOSClass:,InitContainerStatuses:[]ContainerStatus{ContainerStatus{Name:cOnTaInEr_NaMe,State:ContainerState{Waiting:nil,Running:nil,Terminated:&ContainerStateTerminated{ExitCode:0,Signal:0,Reason:,Message:,StartedAt:2025-07-18 18:34:25.002532 +0530 IST m=+0.021471709,FinishedAt:0001-01-01 00:00:00 +0000 UTC,ContainerID:,},},LastTerminationState:ContainerState{Waiting:nil,Running:nil,Terminated:nil,},Ready:false,RestartCount:0,Image:,ImageID:,ContainerID:test://cOnTaInEr_Id,Started:nil,AllocatedResources:ResourceList{},Resources:nil,VolumeMounts:[]VolumeMountStatus{},User:nil,AllocatedResourcesStatus:[]ResourceStatus{},StopSignal:nil,},},NominatedNodeName:,PodIPs:[]PodIP{},EphemeralContainerStatuses:[]ContainerStatus{},Resize:,ResourceClaimStatuses:[]PodResourceClaimStatus{},HostIPs:[]HostIP{},ObservedGeneration:0,}"
I0718 18:34:25.002811   50478 worker.go:266] Non-running container probed, pod=test-namespace/test-pod, containerName=cOnTaInEr_NaMe
    worker_test.go:288: [Liveness-8] Expected continue to be false but got true
I0718 18:34:25.002834   50478 worker_test.go:250] "TestDoProbe" probeType="Liveness" testIndex=9 podStatus="&PodStatus{Phase:Running,Conditions:[]PodCondition{},Message:,Reason:,HostIP:,PodIP:,StartTime:<nil>,ContainerStatuses:[]ContainerStatus{},QOSClass:,InitContainerStatuses:[]ContainerStatus{ContainerStatus{Name:cOnTaInEr_NaMe,State:ContainerState{Waiting:nil,Running:&ContainerStateRunning{StartedAt:2025-07-18 18:34:25.002532 +0530 IST m=+0.021471959,},Terminated:nil,},LastTerminationState:ContainerState{Waiting:nil,Running:nil,Terminated:nil,},Ready:false,RestartCount:0,Image:,ImageID:,ContainerID:test://cOnTaInEr_Id,Started:*true,AllocatedResources:ResourceList{},Resources:nil,VolumeMounts:[]VolumeMountStatus{},User:nil,AllocatedResourcesStatus:[]ResourceStatus{},StopSignal:nil,},},NominatedNodeName:,PodIPs:[]PodIP{},EphemeralContainerStatuses:[]ContainerStatus{},Resize:,ResourceClaimStatuses:[]PodResourceClaimStatus{},HostIPs:[]HostIP{},ObservedGeneration:0,}"
I0718 18:34:25.002842   50478 prober.go:153] "Exec-Probe runProbe" pod="test-namespace/test-pod" containerName="cOnTaInEr_NaMe" execCommand=["/bin/true"]
I0718 18:34:25.002846   50478 prober.go:111] "Probe succeeded" probeType="Liveness" pod="test-namespace/test-pod" podUID="pOd_UiD" containerName="cOnTaInEr_NaMe"
I0718 18:34:25.002850   50478 worker.go:306] Debug probe, pod=test-namespace/test-pod, containerName=cOnTaInEr_NaMe, probeType=Liveness, result=Success, err=<nil>
I0718 18:34:25.002873   50478 worker_test.go:250] "TestDoProbe" probeType="Readiness" testIndex=0 podStatus="&PodStatus{Phase:Running,Conditions:[]PodCondition{},Message:,Reason:,HostIP:,PodIP:,StartTime:<nil>,ContainerStatuses:[]ContainerStatus{},QOSClass:,InitContainerStatuses:[]ContainerStatus{ContainerStatus{Name:cOnTaInEr_NaMe,State:ContainerState{Waiting:nil,Running:&ContainerStateRunning{StartedAt:2025-07-18 18:34:25.002852 +0530 IST m=+0.021791917,},Terminated:nil,},LastTerminationState:ContainerState{Waiting:nil,Running:nil,Terminated:nil,},Ready:false,RestartCount:0,Image:,ImageID:,ContainerID:test://cOnTaInEr_Id,Started:*true,AllocatedResources:ResourceList{},Resources:nil,VolumeMounts:[]VolumeMountStatus{},User:nil,AllocatedResourcesStatus:[]ResourceStatus{},StopSignal:nil,},},NominatedNodeName:,PodIPs:[]PodIP{},EphemeralContainerStatuses:[]ContainerStatus{},Resize:,ResourceClaimStatuses:[]PodResourceClaimStatus{},HostIPs:[]HostIP{},ObservedGeneration:0,}"
I0718 18:34:25.002883   50478 prober.go:153] "Exec-Probe runProbe" pod="test-namespace/test-pod" containerName="cOnTaInEr_NaMe" execCommand=["/bin/true"]
I0718 18:34:25.002887   50478 prober.go:111] "Probe succeeded" probeType="Readiness" pod="test-namespace/test-pod" podUID="pOd_UiD" containerName="cOnTaInEr_NaMe"
I0718 18:34:25.002891   50478 worker.go:306] Debug probe, pod=test-namespace/test-pod, containerName=cOnTaInEr_NaMe, probeType=Readiness, result=Success, err=<nil>
I0718 18:34:25.002910   50478 worker_test.go:250] "TestDoProbe" probeType="Readiness" testIndex=1 podStatus="&PodStatus{Phase:Failed,Conditions:[]PodCondition{},Message:,Reason:,HostIP:,PodIP:,StartTime:<nil>,ContainerStatuses:[]ContainerStatus{},QOSClass:,InitContainerStatuses:[]ContainerStatus{ContainerStatus{Name:cOnTaInEr_NaMe,State:ContainerState{Waiting:nil,Running:&ContainerStateRunning{StartedAt:2025-07-18 18:34:25.002854 +0530 IST m=+0.021793667,},Terminated:nil,},LastTerminationState:ContainerState{Waiting:nil,Running:nil,Terminated:nil,},Ready:false,RestartCount:0,Image:,ImageID:,ContainerID:test://cOnTaInEr_Id,Started:*true,AllocatedResources:ResourceList{},Resources:nil,VolumeMounts:[]VolumeMountStatus{},User:nil,AllocatedResourcesStatus:[]ResourceStatus{},StopSignal:nil,},},NominatedNodeName:,PodIPs:[]PodIP{},EphemeralContainerStatuses:[]ContainerStatus{},Resize:,ResourceClaimStatuses:[]PodResourceClaimStatus{},HostIPs:[]HostIP{},ObservedGeneration:0,}"
I0718 18:34:25.002915   50478 worker.go:217] Pod is terminated, exiting probe worker, pod=test-namespace/test-pod, phase=Failed
I0718 18:34:25.002932   50478 worker_test.go:250] "TestDoProbe" probeType="Readiness" testIndex=2 podStatus="&PodStatus{Phase:Running,Conditions:[]PodCondition{},Message:,Reason:,HostIP:,PodIP:,StartTime:<nil>,ContainerStatuses:[]ContainerStatus{},QOSClass:,InitContainerStatuses:[]ContainerStatus{ContainerStatus{Name:cOnTaInEr_NaMe,State:ContainerState{Waiting:nil,Running:&ContainerStateRunning{StartedAt:2025-07-18 18:34:25.002852 +0530 IST m=+0.021791917,},Terminated:nil,},LastTerminationState:ContainerState{Waiting:nil,Running:nil,Terminated:nil,},Ready:false,RestartCount:0,Image:,ImageID:,ContainerID:test://cOnTaInEr_Id,Started:*true,AllocatedResources:ResourceList{},Resources:nil,VolumeMounts:[]VolumeMountStatus{},User:nil,AllocatedResourcesStatus:[]ResourceStatus{},StopSignal:nil,},},NominatedNodeName:,PodIPs:[]PodIP{},EphemeralContainerStatuses:[]ContainerStatus{},Resize:,ResourceClaimStatuses:[]PodResourceClaimStatus{},HostIPs:[]HostIP{},ObservedGeneration:0,}"
I0718 18:34:25.002941   50478 prober.go:153] "Exec-Probe runProbe" pod="test-namespace/test-pod" containerName="cOnTaInEr_NaMe" execCommand=["/bin/true"]
I0718 18:34:25.002945   50478 prober.go:111] "Probe succeeded" probeType="Readiness" pod="test-namespace/test-pod" podUID="pOd_UiD" containerName="cOnTaInEr_NaMe"
I0718 18:34:25.002949   50478 worker.go:306] Debug probe, pod=test-namespace/test-pod, containerName=cOnTaInEr_NaMe, probeType=Readiness, result=Success, err=<nil>
I0718 18:34:25.002968   50478 worker_test.go:250] "TestDoProbe" probeType="Readiness" testIndex=3 podStatus="&PodStatus{Phase:Running,Conditions:[]PodCondition{},Message:,Reason:,HostIP:,PodIP:,StartTime:<nil>,ContainerStatuses:[]ContainerStatus{},QOSClass:,InitContainerStatuses:[]ContainerStatus{ContainerStatus{Name:otherContainer,State:ContainerState{Waiting:nil,Running:&ContainerStateRunning{StartedAt:2025-07-18 18:34:25.002854 +0530 IST m=+0.021793292,},Terminated:nil,},LastTerminationState:ContainerState{Waiting:nil,Running:nil,Terminated:nil,},Ready:false,RestartCount:0,Image:,ImageID:,ContainerID:test://cOnTaInEr_Id,Started:*true,AllocatedResources:ResourceList{},Resources:nil,VolumeMounts:[]VolumeMountStatus{},User:nil,AllocatedResourcesStatus:[]ResourceStatus{},StopSignal:nil,},},NominatedNodeName:,PodIPs:[]PodIP{},EphemeralContainerStatuses:[]ContainerStatus{},Resize:,ResourceClaimStatuses:[]PodResourceClaimStatus{},HostIPs:[]HostIP{},ObservedGeneration:0,}"
I0718 18:34:25.002976   50478 worker.go:230] Probe target container not found, pod=test-namespace/test-pod, containerName=cOnTaInEr_NaMe
I0718 18:34:25.002993   50478 worker_test.go:250] "TestDoProbe" probeType="Readiness" testIndex=4 podStatus="&PodStatus{Phase:Running,Conditions:[]PodCondition{},Message:,Reason:,HostIP:,PodIP:,StartTime:<nil>,ContainerStatuses:[]ContainerStatus{},QOSClass:,InitContainerStatuses:[]ContainerStatus{ContainerStatus{Name:cOnTaInEr_NaMe,State:ContainerState{Waiting:nil,Running:nil,Terminated:nil,},LastTerminationState:ContainerState{Waiting:nil,Running:nil,Terminated:nil,},Ready:false,RestartCount:0,Image:,ImageID:,ContainerID:test://cOnTaInEr_Id,Started:*true,AllocatedResources:ResourceList{},Resources:nil,VolumeMounts:[]VolumeMountStatus{},User:nil,AllocatedResourcesStatus:[]ResourceStatus{},StopSignal:nil,},},NominatedNodeName:,PodIPs:[]PodIP{},EphemeralContainerStatuses:[]ContainerStatus{},Resize:,ResourceClaimStatuses:[]PodResourceClaimStatus{},HostIPs:[]HostIP{},ObservedGeneration:0,}"
I0718 18:34:25.003000   50478 worker.go:266] Non-running container probed, pod=test-namespace/test-pod, containerName=cOnTaInEr_NaMe
I0718 18:34:25.003022   50478 worker_test.go:250] "TestDoProbe" probeType="Readiness" testIndex=5 podStatus="&PodStatus{Phase:Running,Conditions:[]PodCondition{},Message:,Reason:,HostIP:,PodIP:,StartTime:<nil>,ContainerStatuses:[]ContainerStatus{},QOSClass:,InitContainerStatuses:[]ContainerStatus{ContainerStatus{Name:cOnTaInEr_NaMe,State:ContainerState{Waiting:nil,Running:nil,Terminated:&ContainerStateTerminated{ExitCode:0,Signal:0,Reason:,Message:,StartedAt:2025-07-18 18:34:25.002853 +0530 IST m=+0.021792917,FinishedAt:0001-01-01 00:00:00 +0000 UTC,ContainerID:,},},LastTerminationState:ContainerState{Waiting:nil,Running:nil,Terminated:nil,},Ready:false,RestartCount:0,Image:,ImageID:,ContainerID:test://cOnTaInEr_Id,Started:*true,AllocatedResources:ResourceList{},Resources:nil,VolumeMounts:[]VolumeMountStatus{},User:nil,AllocatedResourcesStatus:[]ResourceStatus{},StopSignal:nil,},},NominatedNodeName:,PodIPs:[]PodIP{},EphemeralContainerStatuses:[]ContainerStatus{},Resize:,ResourceClaimStatuses:[]PodResourceClaimStatus{},HostIPs:[]HostIP{},ObservedGeneration:0,}"
I0718 18:34:25.003029   50478 worker.go:266] Non-running container probed, pod=test-namespace/test-pod, containerName=cOnTaInEr_NaMe
    worker_test.go:288: [Readiness-5] Expected continue to be false but got true
I0718 18:34:25.003052   50478 worker_test.go:250] "TestDoProbe" probeType="Readiness" testIndex=6 podStatus="&PodStatus{Phase:Running,Conditions:[]PodCondition{},Message:,Reason:,HostIP:,PodIP:,StartTime:<nil>,ContainerStatuses:[]ContainerStatus{},QOSClass:,InitContainerStatuses:[]ContainerStatus{ContainerStatus{Name:cOnTaInEr_NaMe,State:ContainerState{Waiting:nil,Running:&ContainerStateRunning{StartedAt:2025-07-18 18:34:25.002852 +0530 IST m=+0.021791917,},Terminated:nil,},LastTerminationState:ContainerState{Waiting:nil,Running:nil,Terminated:nil,},Ready:false,RestartCount:0,Image:,ImageID:,ContainerID:test://cOnTaInEr_Id,Started:*true,AllocatedResources:ResourceList{},Resources:nil,VolumeMounts:[]VolumeMountStatus{},User:nil,AllocatedResourcesStatus:[]ResourceStatus{},StopSignal:nil,},},NominatedNodeName:,PodIPs:[]PodIP{},EphemeralContainerStatuses:[]ContainerStatus{},Resize:,ResourceClaimStatuses:[]PodResourceClaimStatus{},HostIPs:[]HostIP{},ObservedGeneration:0,}"
I0718 18:34:25.003059   50478 prober.go:153] "Exec-Probe runProbe" pod="test-namespace/test-pod" containerName="cOnTaInEr_NaMe" execCommand=["/bin/true"]
I0718 18:34:25.003062   50478 prober.go:111] "Probe succeeded" probeType="Readiness" pod="test-namespace/test-pod" podUID="pOd_UiD" containerName="cOnTaInEr_NaMe"
I0718 18:34:25.003066   50478 worker.go:306] Debug probe, pod=test-namespace/test-pod, containerName=cOnTaInEr_NaMe, probeType=Readiness, result=Success, err=<nil>
I0718 18:34:25.003084   50478 worker_test.go:250] "TestDoProbe" probeType="Readiness" testIndex=7 podStatus="&PodStatus{Phase:Running,Conditions:[]PodCondition{},Message:,Reason:,HostIP:,PodIP:,StartTime:<nil>,ContainerStatuses:[]ContainerStatus{},QOSClass:,InitContainerStatuses:[]ContainerStatus{ContainerStatus{Name:cOnTaInEr_NaMe,State:ContainerState{Waiting:nil,Running:&ContainerStateRunning{StartedAt:2025-07-18 18:34:25.002852 +0530 IST m=+0.021791917,},Terminated:nil,},LastTerminationState:ContainerState{Waiting:nil,Running:nil,Terminated:nil,},Ready:false,RestartCount:0,Image:,ImageID:,ContainerID:test://cOnTaInEr_Id,Started:*true,AllocatedResources:ResourceList{},Resources:nil,VolumeMounts:[]VolumeMountStatus{},User:nil,AllocatedResourcesStatus:[]ResourceStatus{},StopSignal:nil,},},NominatedNodeName:,PodIPs:[]PodIP{},EphemeralContainerStatuses:[]ContainerStatus{},Resize:,ResourceClaimStatuses:[]PodResourceClaimStatus{},HostIPs:[]HostIP{},ObservedGeneration:0,}"
I0718 18:34:25.003092   50478 prober.go:153] "Exec-Probe runProbe" pod="test-namespace/test-pod" containerName="cOnTaInEr_NaMe" execCommand=["/bin/true"]
I0718 18:34:25.003096   50478 prober.go:111] "Probe succeeded" probeType="Readiness" pod="test-namespace/test-pod" podUID="pOd_UiD" containerName="cOnTaInEr_NaMe"
I0718 18:34:25.003101   50478 worker.go:306] Debug probe, pod=test-namespace/test-pod, containerName=cOnTaInEr_NaMe, probeType=Readiness, result=Success, err=<nil>
I0718 18:34:25.003120   50478 worker_test.go:250] "TestDoProbe" probeType="Readiness" testIndex=8 podStatus="&PodStatus{Phase:Running,Conditions:[]PodCondition{},Message:,Reason:,HostIP:,PodIP:,StartTime:<nil>,ContainerStatuses:[]ContainerStatus{},QOSClass:,InitContainerStatuses:[]ContainerStatus{ContainerStatus{Name:cOnTaInEr_NaMe,State:ContainerState{Waiting:nil,Running:nil,Terminated:&ContainerStateTerminated{ExitCode:0,Signal:0,Reason:,Message:,StartedAt:2025-07-18 18:34:25.002855 +0530 IST m=+0.021794751,FinishedAt:0001-01-01 00:00:00 +0000 UTC,ContainerID:,},},LastTerminationState:ContainerState{Waiting:nil,Running:nil,Terminated:nil,},Ready:false,RestartCount:0,Image:,ImageID:,ContainerID:test://cOnTaInEr_Id,Started:nil,AllocatedResources:ResourceList{},Resources:nil,VolumeMounts:[]VolumeMountStatus{},User:nil,AllocatedResourcesStatus:[]ResourceStatus{},StopSignal:nil,},},NominatedNodeName:,PodIPs:[]PodIP{},EphemeralContainerStatuses:[]ContainerStatus{},Resize:,ResourceClaimStatuses:[]PodResourceClaimStatus{},HostIPs:[]HostIP{},ObservedGeneration:0,}"
I0718 18:34:25.003127   50478 worker.go:266] Non-running container probed, pod=test-namespace/test-pod, containerName=cOnTaInEr_NaMe
    worker_test.go:288: [Readiness-8] Expected continue to be false but got true
I0718 18:34:25.003149   50478 worker_test.go:250] "TestDoProbe" probeType="Readiness" testIndex=9 podStatus="&PodStatus{Phase:Running,Conditions:[]PodCondition{},Message:,Reason:,HostIP:,PodIP:,StartTime:<nil>,ContainerStatuses:[]ContainerStatus{},QOSClass:,InitContainerStatuses:[]ContainerStatus{ContainerStatus{Name:cOnTaInEr_NaMe,State:ContainerState{Waiting:nil,Running:&ContainerStateRunning{StartedAt:2025-07-18 18:34:25.002855 +0530 IST m=+0.021795042,},Terminated:nil,},LastTerminationState:ContainerState{Waiting:nil,Running:nil,Terminated:nil,},Ready:false,RestartCount:0,Image:,ImageID:,ContainerID:test://cOnTaInEr_Id,Started:*true,AllocatedResources:ResourceList{},Resources:nil,VolumeMounts:[]VolumeMountStatus{},User:nil,AllocatedResourcesStatus:[]ResourceStatus{},StopSignal:nil,},},NominatedNodeName:,PodIPs:[]PodIP{},EphemeralContainerStatuses:[]ContainerStatus{},Resize:,ResourceClaimStatuses:[]PodResourceClaimStatus{},HostIPs:[]HostIP{},ObservedGeneration:0,}"
I0718 18:34:25.003158   50478 prober.go:153] "Exec-Probe runProbe" pod="test-namespace/test-pod" containerName="cOnTaInEr_NaMe" execCommand=["/bin/true"]
I0718 18:34:25.003162   50478 prober.go:111] "Probe succeeded" probeType="Readiness" pod="test-namespace/test-pod" podUID="pOd_UiD" containerName="cOnTaInEr_NaMe"
I0718 18:34:25.003167   50478 worker.go:306] Debug probe, pod=test-namespace/test-pod, containerName=cOnTaInEr_NaMe, probeType=Readiness, result=Success, err=<nil>
I0718 18:34:25.003189   50478 worker_test.go:250] "TestDoProbe" probeType="Startup" testIndex=0 podStatus="&PodStatus{Phase:Running,Conditions:[]PodCondition{},Message:,Reason:,HostIP:,PodIP:,StartTime:<nil>,ContainerStatuses:[]ContainerStatus{},QOSClass:,InitContainerStatuses:[]ContainerStatus{ContainerStatus{Name:cOnTaInEr_NaMe,State:ContainerState{Waiting:nil,Running:nil,Terminated:nil,},LastTerminationState:ContainerState{Waiting:nil,Running:nil,Terminated:nil,},Ready:false,RestartCount:0,Image:,ImageID:,ContainerID:test://cOnTaInEr_Id,Started:*false,AllocatedResources:ResourceList{},Resources:nil,VolumeMounts:[]VolumeMountStatus{},User:nil,AllocatedResourcesStatus:[]ResourceStatus{},StopSignal:nil,},},NominatedNodeName:,PodIPs:[]PodIP{},EphemeralContainerStatuses:[]ContainerStatus{},Resize:,ResourceClaimStatuses:[]PodResourceClaimStatus{},HostIPs:[]HostIP{},ObservedGeneration:0,}"
I0718 18:34:25.003197   50478 worker.go:266] Non-running container probed, pod=test-namespace/test-pod, containerName=cOnTaInEr_NaMe
    worker_test.go:295: [Startup-0] Expected result: Success but got UNKNOWN
I0718 18:34:25.003218   50478 worker_test.go:250] "TestDoProbe" probeType="Startup" testIndex=1 podStatus="&PodStatus{Phase:Failed,Conditions:[]PodCondition{},Message:,Reason:,HostIP:,PodIP:,StartTime:<nil>,ContainerStatuses:[]ContainerStatus{},QOSClass:,InitContainerStatuses:[]ContainerStatus{ContainerStatus{Name:cOnTaInEr_NaMe,State:ContainerState{Waiting:nil,Running:nil,Terminated:nil,},LastTerminationState:ContainerState{Waiting:nil,Running:nil,Terminated:nil,},Ready:false,RestartCount:0,Image:,ImageID:,ContainerID:test://cOnTaInEr_Id,Started:*false,AllocatedResources:ResourceList{},Resources:nil,VolumeMounts:[]VolumeMountStatus{},User:nil,AllocatedResourcesStatus:[]ResourceStatus{},StopSignal:nil,},},NominatedNodeName:,PodIPs:[]PodIP{},EphemeralContainerStatuses:[]ContainerStatus{},Resize:,ResourceClaimStatuses:[]PodResourceClaimStatus{},HostIPs:[]HostIP{},ObservedGeneration:0,}"
I0718 18:34:25.003222   50478 worker.go:217] Pod is terminated, exiting probe worker, pod=test-namespace/test-pod, phase=Failed
I0718 18:34:25.003239   50478 worker_test.go:250] "TestDoProbe" probeType="Startup" testIndex=2 podStatus="&PodStatus{Phase:Running,Conditions:[]PodCondition{},Message:,Reason:,HostIP:,PodIP:,StartTime:<nil>,ContainerStatuses:[]ContainerStatus{},QOSClass:,InitContainerStatuses:[]ContainerStatus{ContainerStatus{Name:cOnTaInEr_NaMe,State:ContainerState{Waiting:nil,Running:nil,Terminated:nil,},LastTerminationState:ContainerState{Waiting:nil,Running:nil,Terminated:nil,},Ready:false,RestartCount:0,Image:,ImageID:,ContainerID:test://cOnTaInEr_Id,Started:*false,AllocatedResources:ResourceList{},Resources:nil,VolumeMounts:[]VolumeMountStatus{},User:nil,AllocatedResourcesStatus:[]ResourceStatus{},StopSignal:nil,},},NominatedNodeName:,PodIPs:[]PodIP{},EphemeralContainerStatuses:[]ContainerStatus{},Resize:,ResourceClaimStatuses:[]PodResourceClaimStatus{},HostIPs:[]HostIP{},ObservedGeneration:0,}"
I0718 18:34:25.003247   50478 worker.go:254] Pod deletion requested, setting probe result to success, probeType=Startup, pod=test-namespace/test-pod, containerName=cOnTaInEr_NaMe
I0718 18:34:25.003251   50478 worker.go:257] Pod deletion requested before container has fully started, pod=test-namespace/test-pod, containerName=cOnTaInEr_NaMe
I0718 18:34:25.003267   50478 worker_test.go:250] "TestDoProbe" probeType="Startup" testIndex=3 podStatus="&PodStatus{Phase:Running,Conditions:[]PodCondition{},Message:,Reason:,HostIP:,PodIP:,StartTime:<nil>,ContainerStatuses:[]ContainerStatus{},QOSClass:,InitContainerStatuses:[]ContainerStatus{ContainerStatus{Name:otherContainer,State:ContainerState{Waiting:nil,Running:nil,Terminated:nil,},LastTerminationState:ContainerState{Waiting:nil,Running:nil,Terminated:nil,},Ready:false,RestartCount:0,Image:,ImageID:,ContainerID:test://cOnTaInEr_Id,Started:*false,AllocatedResources:ResourceList{},Resources:nil,VolumeMounts:[]VolumeMountStatus{},User:nil,AllocatedResourcesStatus:[]ResourceStatus{},StopSignal:nil,},},NominatedNodeName:,PodIPs:[]PodIP{},EphemeralContainerStatuses:[]ContainerStatus{},Resize:,ResourceClaimStatuses:[]PodResourceClaimStatus{},HostIPs:[]HostIP{},ObservedGeneration:0,}"
I0718 18:34:25.003277   50478 worker.go:230] Probe target container not found, pod=test-namespace/test-pod, containerName=cOnTaInEr_NaMe
I0718 18:34:25.003294   50478 worker_test.go:250] "TestDoProbe" probeType="Startup" testIndex=4 podStatus="&PodStatus{Phase:Running,Conditions:[]PodCondition{},Message:,Reason:,HostIP:,PodIP:,StartTime:<nil>,ContainerStatuses:[]ContainerStatus{},QOSClass:,InitContainerStatuses:[]ContainerStatus{ContainerStatus{Name:cOnTaInEr_NaMe,State:ContainerState{Waiting:nil,Running:nil,Terminated:nil,},LastTerminationState:ContainerState{Waiting:nil,Running:nil,Terminated:nil,},Ready:false,RestartCount:0,Image:,ImageID:,ContainerID:test://cOnTaInEr_Id,Started:*false,AllocatedResources:ResourceList{},Resources:nil,VolumeMounts:[]VolumeMountStatus{},User:nil,AllocatedResourcesStatus:[]ResourceStatus{},StopSignal:nil,},},NominatedNodeName:,PodIPs:[]PodIP{},EphemeralContainerStatuses:[]ContainerStatus{},Resize:,ResourceClaimStatuses:[]PodResourceClaimStatus{},HostIPs:[]HostIP{},ObservedGeneration:0,}"
I0718 18:34:25.003300   50478 worker.go:266] Non-running container probed, pod=test-namespace/test-pod, containerName=cOnTaInEr_NaMe
    worker_test.go:295: [Startup-4] Expected result: Failure but got UNKNOWN
I0718 18:34:25.003327   50478 worker_test.go:250] "TestDoProbe" probeType="Startup" testIndex=5 podStatus="&PodStatus{Phase:Running,Conditions:[]PodCondition{},Message:,Reason:,HostIP:,PodIP:,StartTime:<nil>,ContainerStatuses:[]ContainerStatus{},QOSClass:,InitContainerStatuses:[]ContainerStatus{ContainerStatus{Name:cOnTaInEr_NaMe,State:ContainerState{Waiting:nil,Running:nil,Terminated:&ContainerStateTerminated{ExitCode:0,Signal:0,Reason:,Message:,StartedAt:2025-07-18 18:34:25.003169 +0530 IST m=+0.022108667,FinishedAt:0001-01-01 00:00:00 +0000 UTC,ContainerID:,},},LastTerminationState:ContainerState{Waiting:nil,Running:nil,Terminated:nil,},Ready:false,RestartCount:0,Image:,ImageID:,ContainerID:test://cOnTaInEr_Id,Started:*false,AllocatedResources:ResourceList{},Resources:nil,VolumeMounts:[]VolumeMountStatus{},User:nil,AllocatedResourcesStatus:[]ResourceStatus{},StopSignal:nil,},},NominatedNodeName:,PodIPs:[]PodIP{},EphemeralContainerStatuses:[]ContainerStatus{},Resize:,ResourceClaimStatuses:[]PodResourceClaimStatus{},HostIPs:[]HostIP{},ObservedGeneration:0,}"
I0718 18:34:25.003334   50478 worker.go:266] Non-running container probed, pod=test-namespace/test-pod, containerName=cOnTaInEr_NaMe
    worker_test.go:288: [Startup-5] Expected continue to be false but got true
I0718 18:34:25.003355   50478 worker_test.go:250] "TestDoProbe" probeType="Startup" testIndex=6 podStatus="&PodStatus{Phase:Running,Conditions:[]PodCondition{},Message:,Reason:,HostIP:,PodIP:,StartTime:<nil>,ContainerStatuses:[]ContainerStatus{},QOSClass:,InitContainerStatuses:[]ContainerStatus{ContainerStatus{Name:cOnTaInEr_NaMe,State:ContainerState{Waiting:nil,Running:nil,Terminated:nil,},LastTerminationState:ContainerState{Waiting:nil,Running:nil,Terminated:nil,},Ready:false,RestartCount:0,Image:,ImageID:,ContainerID:test://cOnTaInEr_Id,Started:*false,AllocatedResources:ResourceList{},Resources:nil,VolumeMounts:[]VolumeMountStatus{},User:nil,AllocatedResourcesStatus:[]ResourceStatus{},StopSignal:nil,},},NominatedNodeName:,PodIPs:[]PodIP{},EphemeralContainerStatuses:[]ContainerStatus{},Resize:,ResourceClaimStatuses:[]PodResourceClaimStatus{},HostIPs:[]HostIP{},ObservedGeneration:0,}"
I0718 18:34:25.003362   50478 worker.go:266] Non-running container probed, pod=test-namespace/test-pod, containerName=cOnTaInEr_NaMe
    worker_test.go:295: [Startup-6] Expected result: Success but got UNKNOWN
I0718 18:34:25.003383   50478 worker_test.go:250] "TestDoProbe" probeType="Startup" testIndex=7 podStatus="&PodStatus{Phase:Running,Conditions:[]PodCondition{},Message:,Reason:,HostIP:,PodIP:,StartTime:<nil>,ContainerStatuses:[]ContainerStatus{},QOSClass:,InitContainerStatuses:[]ContainerStatus{ContainerStatus{Name:cOnTaInEr_NaMe,State:ContainerState{Waiting:nil,Running:nil,Terminated:nil,},LastTerminationState:ContainerState{Waiting:nil,Running:nil,Terminated:nil,},Ready:false,RestartCount:0,Image:,ImageID:,ContainerID:test://cOnTaInEr_Id,Started:*false,AllocatedResources:ResourceList{},Resources:nil,VolumeMounts:[]VolumeMountStatus{},User:nil,AllocatedResourcesStatus:[]ResourceStatus{},StopSignal:nil,},},NominatedNodeName:,PodIPs:[]PodIP{},EphemeralContainerStatuses:[]ContainerStatus{},Resize:,ResourceClaimStatuses:[]PodResourceClaimStatus{},HostIPs:[]HostIP{},ObservedGeneration:0,}"
I0718 18:34:25.003391   50478 worker.go:266] Non-running container probed, pod=test-namespace/test-pod, containerName=cOnTaInEr_NaMe
    worker_test.go:295: [Startup-7] Expected result: Success but got UNKNOWN
I0718 18:34:25.003415   50478 worker_test.go:250] "TestDoProbe" probeType="Startup" testIndex=8 podStatus="&PodStatus{Phase:Running,Conditions:[]PodCondition{},Message:,Reason:,HostIP:,PodIP:,StartTime:<nil>,ContainerStatuses:[]ContainerStatus{},QOSClass:,InitContainerStatuses:[]ContainerStatus{ContainerStatus{Name:cOnTaInEr_NaMe,State:ContainerState{Waiting:nil,Running:nil,Terminated:&ContainerStateTerminated{ExitCode:0,Signal:0,Reason:,Message:,StartedAt:2025-07-18 18:34:25.003171 +0530 IST m=+0.022110501,FinishedAt:0001-01-01 00:00:00 +0000 UTC,ContainerID:,},},LastTerminationState:ContainerState{Waiting:nil,Running:nil,Terminated:nil,},Ready:false,RestartCount:0,Image:,ImageID:,ContainerID:test://cOnTaInEr_Id,Started:nil,AllocatedResources:ResourceList{},Resources:nil,VolumeMounts:[]VolumeMountStatus{},User:nil,AllocatedResourcesStatus:[]ResourceStatus{},StopSignal:nil,},},NominatedNodeName:,PodIPs:[]PodIP{},EphemeralContainerStatuses:[]ContainerStatus{},Resize:,ResourceClaimStatuses:[]PodResourceClaimStatus{},HostIPs:[]HostIP{},ObservedGeneration:0,}"
I0718 18:34:25.003421   50478 worker.go:266] Non-running container probed, pod=test-namespace/test-pod, containerName=cOnTaInEr_NaMe
    worker_test.go:288: [Startup-8] Expected continue to be false but got true
I0718 18:34:25.003444   50478 worker_test.go:250] "TestDoProbe" probeType="Startup" testIndex=9 podStatus="&PodStatus{Phase:Running,Conditions:[]PodCondition{},Message:,Reason:,HostIP:,PodIP:,StartTime:<nil>,ContainerStatuses:[]ContainerStatus{},QOSClass:,InitContainerStatuses:[]ContainerStatus{ContainerStatus{Name:cOnTaInEr_NaMe,State:ContainerState{Waiting:nil,Running:&ContainerStateRunning{StartedAt:2025-07-18 18:34:25.003171 +0530 IST m=+0.022110751,},Terminated:nil,},LastTerminationState:ContainerState{Waiting:nil,Running:nil,Terminated:nil,},Ready:false,RestartCount:0,Image:,ImageID:,ContainerID:test://cOnTaInEr_Id,Started:*true,AllocatedResources:ResourceList{},Resources:nil,VolumeMounts:[]VolumeMountStatus{},User:nil,AllocatedResourcesStatus:[]ResourceStatus{},StopSignal:nil,},},NominatedNodeName:,PodIPs:[]PodIP{},EphemeralContainerStatuses:[]ContainerStatus{},Resize:,ResourceClaimStatuses:[]PodResourceClaimStatus{},HostIPs:[]HostIP{},ObservedGeneration:0,}"
I0718 18:34:25.003452   50478 worker.go:292] Startup probe stopped, container started, pod=test-namespace/test-pod, containerName=cOnTaInEr_NaMe
    worker_test.go:288: [Startup-9] Expected continue to be true but got false
--- FAIL: TestDoProbe (0.00s)
=== RUN   TestDoProbe
I0718 18:34:25.003543   50478 worker_test.go:250] "TestDoProbe" probeType="Liveness" testIndex=0 podStatus="&PodStatus{Phase:Running,Conditions:[]PodCondition{},Message:,Reason:,HostIP:,PodIP:,StartTime:<nil>,ContainerStatuses:[]ContainerStatus{},QOSClass:,InitContainerStatuses:[]ContainerStatus{ContainerStatus{Name:cOnTaInEr_NaMe,State:ContainerState{Waiting:nil,Running:&ContainerStateRunning{StartedAt:2025-07-18 18:34:25.003515 +0530 IST m=+0.022454959,},Terminated:nil,},LastTerminationState:ContainerState{Waiting:nil,Running:nil,Terminated:nil,},Ready:false,RestartCount:0,Image:,ImageID:,ContainerID:test://cOnTaInEr_Id,Started:*true,AllocatedResources:ResourceList{},Resources:nil,VolumeMounts:[]VolumeMountStatus{},User:nil,AllocatedResourcesStatus:[]ResourceStatus{},StopSignal:nil,},},NominatedNodeName:,PodIPs:[]PodIP{},EphemeralContainerStatuses:[]ContainerStatus{},Resize:,ResourceClaimStatuses:[]PodResourceClaimStatus{},HostIPs:[]HostIP{},ObservedGeneration:0,}"
I0718 18:34:25.003552   50478 prober.go:153] "Exec-Probe runProbe" pod="test-namespace/test-pod" containerName="cOnTaInEr_NaMe" execCommand=["/bin/true"]
I0718 18:34:25.003556   50478 prober.go:111] "Probe succeeded" probeType="Liveness" pod="test-namespace/test-pod" podUID="pOd_UiD" containerName="cOnTaInEr_NaMe"
I0718 18:34:25.003560   50478 worker.go:306] Debug probe, pod=test-namespace/test-pod, containerName=cOnTaInEr_NaMe, probeType=Liveness, result=Success, err=<nil>
I0718 18:34:25.003580   50478 worker_test.go:250] "TestDoProbe" probeType="Liveness" testIndex=1 podStatus="&PodStatus{Phase:Failed,Conditions:[]PodCondition{},Message:,Reason:,HostIP:,PodIP:,StartTime:<nil>,ContainerStatuses:[]ContainerStatus{},QOSClass:,InitContainerStatuses:[]ContainerStatus{ContainerStatus{Name:cOnTaInEr_NaMe,State:ContainerState{Waiting:nil,Running:&ContainerStateRunning{StartedAt:2025-07-18 18:34:25.003516 +0530 IST m=+0.022456209,},Terminated:nil,},LastTerminationState:ContainerState{Waiting:nil,Running:nil,Terminated:nil,},Ready:false,RestartCount:0,Image:,ImageID:,ContainerID:test://cOnTaInEr_Id,Started:*true,AllocatedResources:ResourceList{},Resources:nil,VolumeMounts:[]VolumeMountStatus{},User:nil,AllocatedResourcesStatus:[]ResourceStatus{},StopSignal:nil,},},NominatedNodeName:,PodIPs:[]PodIP{},EphemeralContainerStatuses:[]ContainerStatus{},Resize:,ResourceClaimStatuses:[]PodResourceClaimStatus{},HostIPs:[]HostIP{},ObservedGeneration:0,}"
I0718 18:34:25.003585   50478 worker.go:217] Pod is terminated, exiting probe worker, pod=test-namespace/test-pod, phase=Failed
I0718 18:34:25.003603   50478 worker_test.go:250] "TestDoProbe" probeType="Liveness" testIndex=2 podStatus="&PodStatus{Phase:Running,Conditions:[]PodCondition{},Message:,Reason:,HostIP:,PodIP:,StartTime:<nil>,ContainerStatuses:[]ContainerStatus{},QOSClass:,InitContainerStatuses:[]ContainerStatus{ContainerStatus{Name:cOnTaInEr_NaMe,State:ContainerState{Waiting:nil,Running:&ContainerStateRunning{StartedAt:2025-07-18 18:34:25.003515 +0530 IST m=+0.022454959,},Terminated:nil,},LastTerminationState:ContainerState{Waiting:nil,Running:nil,Terminated:nil,},Ready:false,RestartCount:0,Image:,ImageID:,ContainerID:test://cOnTaInEr_Id,Started:*true,AllocatedResources:ResourceList{},Resources:nil,VolumeMounts:[]VolumeMountStatus{},User:nil,AllocatedResourcesStatus:[]ResourceStatus{},StopSignal:nil,},},NominatedNodeName:,PodIPs:[]PodIP{},EphemeralContainerStatuses:[]ContainerStatus{},Resize:,ResourceClaimStatuses:[]PodResourceClaimStatus{},HostIPs:[]HostIP{},ObservedGeneration:0,}"
I0718 18:34:25.003610   50478 worker.go:254] Pod deletion requested, setting probe result to success, probeType=Liveness, pod=test-namespace/test-pod, containerName=cOnTaInEr_NaMe
I0718 18:34:25.003628   50478 worker_test.go:250] "TestDoProbe" probeType="Liveness" testIndex=3 podStatus="&PodStatus{Phase:Running,Conditions:[]PodCondition{},Message:,Reason:,HostIP:,PodIP:,StartTime:<nil>,ContainerStatuses:[]ContainerStatus{},QOSClass:,InitContainerStatuses:[]ContainerStatus{ContainerStatus{Name:otherContainer,State:ContainerState{Waiting:nil,Running:&ContainerStateRunning{StartedAt:2025-07-18 18:34:25.003516 +0530 IST m=+0.022455917,},Terminated:nil,},LastTerminationState:ContainerState{Waiting:nil,Running:nil,Terminated:nil,},Ready:false,RestartCount:0,Image:,ImageID:,ContainerID:test://cOnTaInEr_Id,Started:*true,AllocatedResources:ResourceList{},Resources:nil,VolumeMounts:[]VolumeMountStatus{},User:nil,AllocatedResourcesStatus:[]ResourceStatus{},StopSignal:nil,},},NominatedNodeName:,PodIPs:[]PodIP{},EphemeralContainerStatuses:[]ContainerStatus{},Resize:,ResourceClaimStatuses:[]PodResourceClaimStatus{},HostIPs:[]HostIP{},ObservedGeneration:0,}"
I0718 18:34:25.003639   50478 worker.go:230] Probe target container not found, pod=test-namespace/test-pod, containerName=cOnTaInEr_NaMe
I0718 18:34:25.003656   50478 worker_test.go:250] "TestDoProbe" probeType="Liveness" testIndex=4 podStatus="&PodStatus{Phase:Running,Conditions:[]PodCondition{},Message:,Reason:,HostIP:,PodIP:,StartTime:<nil>,ContainerStatuses:[]ContainerStatus{},QOSClass:,InitContainerStatuses:[]ContainerStatus{ContainerStatus{Name:cOnTaInEr_NaMe,State:ContainerState{Waiting:nil,Running:nil,Terminated:nil,},LastTerminationState:ContainerState{Waiting:nil,Running:nil,Terminated:nil,},Ready:false,RestartCount:0,Image:,ImageID:,ContainerID:test://cOnTaInEr_Id,Started:*true,AllocatedResources:ResourceList{},Resources:nil,VolumeMounts:[]VolumeMountStatus{},User:nil,AllocatedResourcesStatus:[]ResourceStatus{},StopSignal:nil,},},NominatedNodeName:,PodIPs:[]PodIP{},EphemeralContainerStatuses:[]ContainerStatus{},Resize:,ResourceClaimStatuses:[]PodResourceClaimStatus{},HostIPs:[]HostIP{},ObservedGeneration:0,}"
I0718 18:34:25.003670   50478 worker.go:266] Non-running container probed, pod=test-namespace/test-pod, containerName=cOnTaInEr_NaMe
    worker_test.go:288: [Liveness-4] Expected continue to be true but got false
I0718 18:34:25.003697   50478 worker_test.go:250] "TestDoProbe" probeType="Liveness" testIndex=5 podStatus="&PodStatus{Phase:Running,Conditions:[]PodCondition{},Message:,Reason:,HostIP:,PodIP:,StartTime:<nil>,ContainerStatuses:[]ContainerStatus{},QOSClass:,InitContainerStatuses:[]ContainerStatus{ContainerStatus{Name:cOnTaInEr_NaMe,State:ContainerState{Waiting:nil,Running:nil,Terminated:&ContainerStateTerminated{ExitCode:0,Signal:0,Reason:,Message:,StartedAt:2025-07-18 18:34:25.003516 +0530 IST m=+0.022455709,FinishedAt:0001-01-01 00:00:00 +0000 UTC,ContainerID:,},},LastTerminationState:ContainerState{Waiting:nil,Running:nil,Terminated:nil,},Ready:false,RestartCount:0,Image:,ImageID:,ContainerID:test://cOnTaInEr_Id,Started:*true,AllocatedResources:ResourceList{},Resources:nil,VolumeMounts:[]VolumeMountStatus{},User:nil,AllocatedResourcesStatus:[]ResourceStatus{},StopSignal:nil,},},NominatedNodeName:,PodIPs:[]PodIP{},EphemeralContainerStatuses:[]ContainerStatus{},Resize:,ResourceClaimStatuses:[]PodResourceClaimStatus{},HostIPs:[]HostIP{},ObservedGeneration:0,}"
I0718 18:34:25.003704   50478 worker.go:266] Non-running container probed, pod=test-namespace/test-pod, containerName=cOnTaInEr_NaMe
    worker_test.go:288: [Liveness-5] Expected continue to be false but got true
I0718 18:34:25.003732   50478 worker_test.go:250] "TestDoProbe" probeType="Liveness" testIndex=6 podStatus="&PodStatus{Phase:Running,Conditions:[]PodCondition{},Message:,Reason:,HostIP:,PodIP:,StartTime:<nil>,ContainerStatuses:[]ContainerStatus{},QOSClass:,InitContainerStatuses:[]ContainerStatus{ContainerStatus{Name:cOnTaInEr_NaMe,State:ContainerState{Waiting:nil,Running:&ContainerStateRunning{StartedAt:2025-07-18 18:34:25.003515 +0530 IST m=+0.022454959,},Terminated:nil,},LastTerminationState:ContainerState{Waiting:nil,Running:nil,Terminated:nil,},Ready:false,RestartCount:0,Image:,ImageID:,ContainerID:test://cOnTaInEr_Id,Started:*true,AllocatedResources:ResourceList{},Resources:nil,VolumeMounts:[]VolumeMountStatus{},User:nil,AllocatedResourcesStatus:[]ResourceStatus{},StopSignal:nil,},},NominatedNodeName:,PodIPs:[]PodIP{},EphemeralContainerStatuses:[]ContainerStatus{},Resize:,ResourceClaimStatuses:[]PodResourceClaimStatus{},HostIPs:[]HostIP{},ObservedGeneration:0,}"
I0718 18:34:25.003739   50478 prober.go:153] "Exec-Probe runProbe" pod="test-namespace/test-pod" containerName="cOnTaInEr_NaMe" execCommand=["/bin/true"]
I0718 18:34:25.003743   50478 prober.go:111] "Probe succeeded" probeType="Liveness" pod="test-namespace/test-pod" podUID="pOd_UiD" containerName="cOnTaInEr_NaMe"
I0718 18:34:25.003748   50478 worker.go:306] Debug probe, pod=test-namespace/test-pod, containerName=cOnTaInEr_NaMe, probeType=Liveness, result=Success, err=<nil>
I0718 18:34:25.003767   50478 worker_test.go:250] "TestDoProbe" probeType="Liveness" testIndex=7 podStatus="&PodStatus{Phase:Running,Conditions:[]PodCondition{},Message:,Reason:,HostIP:,PodIP:,StartTime:<nil>,ContainerStatuses:[]ContainerStatus{},QOSClass:,InitContainerStatuses:[]ContainerStatus{ContainerStatus{Name:cOnTaInEr_NaMe,State:ContainerState{Waiting:nil,Running:&ContainerStateRunning{StartedAt:2025-07-18 18:34:25.003515 +0530 IST m=+0.022454959,},Terminated:nil,},LastTerminationState:ContainerState{Waiting:nil,Running:nil,Terminated:nil,},Ready:false,RestartCount:0,Image:,ImageID:,ContainerID:test://cOnTaInEr_Id,Started:*true,AllocatedResources:ResourceList{},Resources:nil,VolumeMounts:[]VolumeMountStatus{},User:nil,AllocatedResourcesStatus:[]ResourceStatus{},StopSignal:nil,},},NominatedNodeName:,PodIPs:[]PodIP{},EphemeralContainerStatuses:[]ContainerStatus{},Resize:,ResourceClaimStatuses:[]PodResourceClaimStatus{},HostIPs:[]HostIP{},ObservedGeneration:0,}"
I0718 18:34:25.003775   50478 prober.go:153] "Exec-Probe runProbe" pod="test-namespace/test-pod" containerName="cOnTaInEr_NaMe" execCommand=["/bin/true"]
I0718 18:34:25.003778   50478 prober.go:111] "Probe succeeded" probeType="Liveness" pod="test-namespace/test-pod" podUID="pOd_UiD" containerName="cOnTaInEr_NaMe"
I0718 18:34:25.003785   50478 worker.go:306] Debug probe, pod=test-namespace/test-pod, containerName=cOnTaInEr_NaMe, probeType=Liveness, result=Success, err=<nil>
I0718 18:34:25.003805   50478 worker_test.go:250] "TestDoProbe" probeType="Liveness" testIndex=8 podStatus="&PodStatus{Phase:Running,Conditions:[]PodCondition{},Message:,Reason:,HostIP:,PodIP:,StartTime:<nil>,ContainerStatuses:[]ContainerStatus{},QOSClass:,InitContainerStatuses:[]ContainerStatus{ContainerStatus{Name:cOnTaInEr_NaMe,State:ContainerState{Waiting:nil,Running:nil,Terminated:&ContainerStateTerminated{ExitCode:0,Signal:0,Reason:,Message:,StartedAt:2025-07-18 18:34:25.003518 +0530 IST m=+0.022457417,FinishedAt:0001-01-01 00:00:00 +0000 UTC,ContainerID:,},},LastTerminationState:ContainerState{Waiting:nil,Running:nil,Terminated:nil,},Ready:false,RestartCount:0,Image:,ImageID:,ContainerID:test://cOnTaInEr_Id,Started:nil,AllocatedResources:ResourceList{},Resources:nil,VolumeMounts:[]VolumeMountStatus{},User:nil,AllocatedResourcesStatus:[]ResourceStatus{},StopSignal:nil,},},NominatedNodeName:,PodIPs:[]PodIP{},EphemeralContainerStatuses:[]ContainerStatus{},Resize:,ResourceClaimStatuses:[]PodResourceClaimStatus{},HostIPs:[]HostIP{},ObservedGeneration:0,}"
I0718 18:34:25.003811   50478 worker.go:266] Non-running container probed, pod=test-namespace/test-pod, containerName=cOnTaInEr_NaMe
    worker_test.go:288: [Liveness-8] Expected continue to be false but got true
I0718 18:34:25.003834   50478 worker_test.go:250] "TestDoProbe" probeType="Liveness" testIndex=9 podStatus="&PodStatus{Phase:Running,Conditions:[]PodCondition{},Message:,Reason:,HostIP:,PodIP:,StartTime:<nil>,ContainerStatuses:[]ContainerStatus{},QOSClass:,InitContainerStatuses:[]ContainerStatus{ContainerStatus{Name:cOnTaInEr_NaMe,State:ContainerState{Waiting:nil,Running:&ContainerStateRunning{StartedAt:2025-07-18 18:34:25.003518 +0530 IST m=+0.022457667,},Terminated:nil,},LastTerminationState:ContainerState{Waiting:nil,Running:nil,Terminated:nil,},Ready:false,RestartCount:0,Image:,ImageID:,ContainerID:test://cOnTaInEr_Id,Started:*true,AllocatedResources:ResourceList{},Resources:nil,VolumeMounts:[]VolumeMountStatus{},User:nil,AllocatedResourcesStatus:[]ResourceStatus{},StopSignal:nil,},},NominatedNodeName:,PodIPs:[]PodIP{},EphemeralContainerStatuses:[]ContainerStatus{},Resize:,ResourceClaimStatuses:[]PodResourceClaimStatus{},HostIPs:[]HostIP{},ObservedGeneration:0,}"
I0718 18:34:25.003843   50478 prober.go:153] "Exec-Probe runProbe" pod="test-namespace/test-pod" containerName="cOnTaInEr_NaMe" execCommand=["/bin/true"]
I0718 18:34:25.003847   50478 prober.go:111] "Probe succeeded" probeType="Liveness" pod="test-namespace/test-pod" podUID="pOd_UiD" containerName="cOnTaInEr_NaMe"
I0718 18:34:25.003851   50478 worker.go:306] Debug probe, pod=test-namespace/test-pod, containerName=cOnTaInEr_NaMe, probeType=Liveness, result=Success, err=<nil>
I0718 18:34:25.003874   50478 worker_test.go:250] "TestDoProbe" probeType="Readiness" testIndex=0 podStatus="&PodStatus{Phase:Running,Conditions:[]PodCondition{},Message:,Reason:,HostIP:,PodIP:,StartTime:<nil>,ContainerStatuses:[]ContainerStatus{},QOSClass:,InitContainerStatuses:[]ContainerStatus{ContainerStatus{Name:cOnTaInEr_NaMe,State:ContainerState{Waiting:nil,Running:&ContainerStateRunning{StartedAt:2025-07-18 18:34:25.003853 +0530 IST m=+0.022792917,},Terminated:nil,},LastTerminationState:ContainerState{Waiting:nil,Running:nil,Terminated:nil,},Ready:false,RestartCount:0,Image:,ImageID:,ContainerID:test://cOnTaInEr_Id,Started:*true,AllocatedResources:ResourceList{},Resources:nil,VolumeMounts:[]VolumeMountStatus{},User:nil,AllocatedResourcesStatus:[]ResourceStatus{},StopSignal:nil,},},NominatedNodeName:,PodIPs:[]PodIP{},EphemeralContainerStatuses:[]ContainerStatus{},Resize:,ResourceClaimStatuses:[]PodResourceClaimStatus{},HostIPs:[]HostIP{},ObservedGeneration:0,}"
I0718 18:34:25.003884   50478 prober.go:153] "Exec-Probe runProbe" pod="test-namespace/test-pod" containerName="cOnTaInEr_NaMe" execCommand=["/bin/true"]
I0718 18:34:25.003889   50478 prober.go:111] "Probe succeeded" probeType="Readiness" pod="test-namespace/test-pod" podUID="pOd_UiD" containerName="cOnTaInEr_NaMe"
I0718 18:34:25.003895   50478 worker.go:306] Debug probe, pod=test-namespace/test-pod, containerName=cOnTaInEr_NaMe, probeType=Readiness, result=Success, err=<nil>
I0718 18:34:25.003920   50478 worker_test.go:250] "TestDoProbe" probeType="Readiness" testIndex=1 podStatus="&PodStatus{Phase:Failed,Conditions:[]PodCondition{},Message:,Reason:,HostIP:,PodIP:,StartTime:<nil>,ContainerStatuses:[]ContainerStatus{},QOSClass:,InitContainerStatuses:[]ContainerStatus{ContainerStatus{Name:cOnTaInEr_NaMe,State:ContainerState{Waiting:nil,Running:&ContainerStateRunning{StartedAt:2025-07-18 18:34:25.003854 +0530 IST m=+0.022794209,},Terminated:nil,},LastTerminationState:ContainerState{Waiting:nil,Running:nil,Terminated:nil,},Ready:false,RestartCount:0,Image:,ImageID:,ContainerID:test://cOnTaInEr_Id,Started:*true,AllocatedResources:ResourceList{},Resources:nil,VolumeMounts:[]VolumeMountStatus{},User:nil,AllocatedResourcesStatus:[]ResourceStatus{},StopSignal:nil,},},NominatedNodeName:,PodIPs:[]PodIP{},EphemeralContainerStatuses:[]ContainerStatus{},Resize:,ResourceClaimStatuses:[]PodResourceClaimStatus{},HostIPs:[]HostIP{},ObservedGeneration:0,}"
I0718 18:34:25.003927   50478 worker.go:217] Pod is terminated, exiting probe worker, pod=test-namespace/test-pod, phase=Failed
I0718 18:34:25.003951   50478 worker_test.go:250] "TestDoProbe" probeType="Readiness" testIndex=2 podStatus="&PodStatus{Phase:Running,Conditions:[]PodCondition{},Message:,Reason:,HostIP:,PodIP:,StartTime:<nil>,ContainerStatuses:[]ContainerStatus{},QOSClass:,InitContainerStatuses:[]ContainerStatus{ContainerStatus{Name:cOnTaInEr_NaMe,State:ContainerState{Waiting:nil,Running:&ContainerStateRunning{StartedAt:2025-07-18 18:34:25.003853 +0530 IST m=+0.022792917,},Terminated:nil,},LastTerminationState:ContainerState{Waiting:nil,Running:nil,Terminated:nil,},Ready:false,RestartCount:0,Image:,ImageID:,ContainerID:test://cOnTaInEr_Id,Started:*true,AllocatedResources:ResourceList{},Resources:nil,VolumeMounts:[]VolumeMountStatus{},User:nil,AllocatedResourcesStatus:[]ResourceStatus{},StopSignal:nil,},},NominatedNodeName:,PodIPs:[]PodIP{},EphemeralContainerStatuses:[]ContainerStatus{},Resize:,ResourceClaimStatuses:[]PodResourceClaimStatus{},HostIPs:[]HostIP{},ObservedGeneration:0,}"
I0718 18:34:25.003963   50478 prober.go:153] "Exec-Probe runProbe" pod="test-namespace/test-pod" containerName="cOnTaInEr_NaMe" execCommand=["/bin/true"]
I0718 18:34:25.003968   50478 prober.go:111] "Probe succeeded" probeType="Readiness" pod="test-namespace/test-pod" podUID="pOd_UiD" containerName="cOnTaInEr_NaMe"
I0718 18:34:25.003974   50478 worker.go:306] Debug probe, pod=test-namespace/test-pod, containerName=cOnTaInEr_NaMe, probeType=Readiness, result=Success, err=<nil>
I0718 18:34:25.004000   50478 worker_test.go:250] "TestDoProbe" probeType="Readiness" testIndex=3 podStatus="&PodStatus{Phase:Running,Conditions:[]PodCondition{},Message:,Reason:,HostIP:,PodIP:,StartTime:<nil>,ContainerStatuses:[]ContainerStatus{},QOSClass:,InitContainerStatuses:[]ContainerStatus{ContainerStatus{Name:otherContainer,State:ContainerState{Waiting:nil,Running:&ContainerStateRunning{StartedAt:2025-07-18 18:34:25.003854 +0530 IST m=+0.022793876,},Terminated:nil,},LastTerminationState:ContainerState{Waiting:nil,Running:nil,Terminated:nil,},Ready:false,RestartCount:0,Image:,ImageID:,ContainerID:test://cOnTaInEr_Id,Started:*true,AllocatedResources:ResourceList{},Resources:nil,VolumeMounts:[]VolumeMountStatus{},User:nil,AllocatedResourcesStatus:[]ResourceStatus{},StopSignal:nil,},},NominatedNodeName:,PodIPs:[]PodIP{},EphemeralContainerStatuses:[]ContainerStatus{},Resize:,ResourceClaimStatuses:[]PodResourceClaimStatus{},HostIPs:[]HostIP{},ObservedGeneration:0,}"
I0718 18:34:25.004013   50478 worker.go:230] Probe target container not found, pod=test-namespace/test-pod, containerName=cOnTaInEr_NaMe
I0718 18:34:25.004035   50478 worker_test.go:250] "TestDoProbe" probeType="Readiness" testIndex=4 podStatus="&PodStatus{Phase:Running,Conditions:[]PodCondition{},Message:,Reason:,HostIP:,PodIP:,StartTime:<nil>,ContainerStatuses:[]ContainerStatus{},QOSClass:,InitContainerStatuses:[]ContainerStatus{ContainerStatus{Name:cOnTaInEr_NaMe,State:ContainerState{Waiting:nil,Running:nil,Terminated:nil,},LastTerminationState:ContainerState{Waiting:nil,Running:nil,Terminated:nil,},Ready:false,RestartCount:0,Image:,ImageID:,ContainerID:test://cOnTaInEr_Id,Started:*true,AllocatedResources:ResourceList{},Resources:nil,VolumeMounts:[]VolumeMountStatus{},User:nil,AllocatedResourcesStatus:[]ResourceStatus{},StopSignal:nil,},},NominatedNodeName:,PodIPs:[]PodIP{},EphemeralContainerStatuses:[]ContainerStatus{},Resize:,ResourceClaimStatuses:[]PodResourceClaimStatus{},HostIPs:[]HostIP{},ObservedGeneration:0,}"
I0718 18:34:25.004045   50478 worker.go:266] Non-running container probed, pod=test-namespace/test-pod, containerName=cOnTaInEr_NaMe
I0718 18:34:25.004071   50478 worker_test.go:250] "TestDoProbe" probeType="Readiness" testIndex=5 podStatus="&PodStatus{Phase:Running,Conditions:[]PodCondition{},Message:,Reason:,HostIP:,PodIP:,StartTime:<nil>,ContainerStatuses:[]ContainerStatus{},QOSClass:,InitContainerStatuses:[]ContainerStatus{ContainerStatus{Name:cOnTaInEr_NaMe,State:ContainerState{Waiting:nil,Running:nil,Terminated:&ContainerStateTerminated{ExitCode:0,Signal:0,Reason:,Message:,StartedAt:2025-07-18 18:34:25.003854 +0530 IST m=+0.022793667,FinishedAt:0001-01-01 00:00:00 +0000 UTC,ContainerID:,},},LastTerminationState:ContainerState{Waiting:nil,Running:nil,Terminated:nil,},Ready:false,RestartCount:0,Image:,ImageID:,ContainerID:test://cOnTaInEr_Id,Started:*true,AllocatedResources:ResourceList{},Resources:nil,VolumeMounts:[]VolumeMountStatus{},User:nil,AllocatedResourcesStatus:[]ResourceStatus{},StopSignal:nil,},},NominatedNodeName:,PodIPs:[]PodIP{},EphemeralContainerStatuses:[]ContainerStatus{},Resize:,ResourceClaimStatuses:[]PodResourceClaimStatus{},HostIPs:[]HostIP{},ObservedGeneration:0,}"
I0718 18:34:25.004081   50478 worker.go:266] Non-running container probed, pod=test-namespace/test-pod, containerName=cOnTaInEr_NaMe
    worker_test.go:288: [Readiness-5] Expected continue to be false but got true
I0718 18:34:25.004112   50478 worker_test.go:250] "TestDoProbe" probeType="Readiness" testIndex=6 podStatus="&PodStatus{Phase:Running,Conditions:[]PodCondition{},Message:,Reason:,HostIP:,PodIP:,StartTime:<nil>,ContainerStatuses:[]ContainerStatus{},QOSClass:,InitContainerStatuses:[]ContainerStatus{ContainerStatus{Name:cOnTaInEr_NaMe,State:ContainerState{Waiting:nil,Running:&ContainerStateRunning{StartedAt:2025-07-18 18:34:25.003853 +0530 IST m=+0.022792917,},Terminated:nil,},LastTerminationState:ContainerState{Waiting:nil,Running:nil,Terminated:nil,},Ready:false,RestartCount:0,Image:,ImageID:,ContainerID:test://cOnTaInEr_Id,Started:*true,AllocatedResources:ResourceList{},Resources:nil,VolumeMounts:[]VolumeMountStatus{},User:nil,AllocatedResourcesStatus:[]ResourceStatus{},StopSignal:nil,},},NominatedNodeName:,PodIPs:[]PodIP{},EphemeralContainerStatuses:[]ContainerStatus{},Resize:,ResourceClaimStatuses:[]PodResourceClaimStatus{},HostIPs:[]HostIP{},ObservedGeneration:0,}"
I0718 18:34:25.004123   50478 prober.go:153] "Exec-Probe runProbe" pod="test-namespace/test-pod" containerName="cOnTaInEr_NaMe" execCommand=["/bin/true"]
I0718 18:34:25.004128   50478 prober.go:111] "Probe succeeded" probeType="Readiness" pod="test-namespace/test-pod" podUID="pOd_UiD" containerName="cOnTaInEr_NaMe"
I0718 18:34:25.004134   50478 worker.go:306] Debug probe, pod=test-namespace/test-pod, containerName=cOnTaInEr_NaMe, probeType=Readiness, result=Success, err=<nil>
I0718 18:34:25.004159   50478 worker_test.go:250] "TestDoProbe" probeType="Readiness" testIndex=7 podStatus="&PodStatus{Phase:Running,Conditions:[]PodCondition{},Message:,Reason:,HostIP:,PodIP:,StartTime:<nil>,ContainerStatuses:[]ContainerStatus{},QOSClass:,InitContainerStatuses:[]ContainerStatus{ContainerStatus{Name:cOnTaInEr_NaMe,State:ContainerState{Waiting:nil,Running:&ContainerStateRunning{StartedAt:2025-07-18 18:34:25.003853 +0530 IST m=+0.022792917,},Terminated:nil,},LastTerminationState:ContainerState{Waiting:nil,Running:nil,Terminated:nil,},Ready:false,RestartCount:0,Image:,ImageID:,ContainerID:test://cOnTaInEr_Id,Started:*true,AllocatedResources:ResourceList{},Resources:nil,VolumeMounts:[]VolumeMountStatus{},User:nil,AllocatedResourcesStatus:[]ResourceStatus{},StopSignal:nil,},},NominatedNodeName:,PodIPs:[]PodIP{},EphemeralContainerStatuses:[]ContainerStatus{},Resize:,ResourceClaimStatuses:[]PodResourceClaimStatus{},HostIPs:[]HostIP{},ObservedGeneration:0,}"
I0718 18:34:25.004168   50478 prober.go:153] "Exec-Probe runProbe" pod="test-namespace/test-pod" containerName="cOnTaInEr_NaMe" execCommand=["/bin/true"]
I0718 18:34:25.004173   50478 prober.go:111] "Probe succeeded" probeType="Readiness" pod="test-namespace/test-pod" podUID="pOd_UiD" containerName="cOnTaInEr_NaMe"
I0718 18:34:25.004179   50478 worker.go:306] Debug probe, pod=test-namespace/test-pod, containerName=cOnTaInEr_NaMe, probeType=Readiness, result=Success, err=<nil>
I0718 18:34:25.004206   50478 worker_test.go:250] "TestDoProbe" probeType="Readiness" testIndex=8 podStatus="&PodStatus{Phase:Running,Conditions:[]PodCondition{},Message:,Reason:,HostIP:,PodIP:,StartTime:<nil>,ContainerStatuses:[]ContainerStatus{},QOSClass:,InitContainerStatuses:[]ContainerStatus{ContainerStatus{Name:cOnTaInEr_NaMe,State:ContainerState{Waiting:nil,Running:nil,Terminated:&ContainerStateTerminated{ExitCode:0,Signal:0,Reason:,Message:,StartedAt:2025-07-18 18:34:25.003856 +0530 IST m=+0.022795542,FinishedAt:0001-01-01 00:00:00 +0000 UTC,ContainerID:,},},LastTerminationState:ContainerState{Waiting:nil,Running:nil,Terminated:nil,},Ready:false,RestartCount:0,Image:,ImageID:,ContainerID:test://cOnTaInEr_Id,Started:nil,AllocatedResources:ResourceList{},Resources:nil,VolumeMounts:[]VolumeMountStatus{},User:nil,AllocatedResourcesStatus:[]ResourceStatus{},StopSignal:nil,},},NominatedNodeName:,PodIPs:[]PodIP{},EphemeralContainerStatuses:[]ContainerStatus{},Resize:,ResourceClaimStatuses:[]PodResourceClaimStatus{},HostIPs:[]HostIP{},ObservedGeneration:0,}"
I0718 18:34:25.004215   50478 worker.go:266] Non-running container probed, pod=test-namespace/test-pod, containerName=cOnTaInEr_NaMe
    worker_test.go:288: [Readiness-8] Expected continue to be false but got true
I0718 18:34:25.004245   50478 worker_test.go:250] "TestDoProbe" probeType="Readiness" testIndex=9 podStatus="&PodStatus{Phase:Running,Conditions:[]PodCondition{},Message:,Reason:,HostIP:,PodIP:,StartTime:<nil>,ContainerStatuses:[]ContainerStatus{},QOSClass:,InitContainerStatuses:[]ContainerStatus{ContainerStatus{Name:cOnTaInEr_NaMe,State:ContainerState{Waiting:nil,Running:&ContainerStateRunning{StartedAt:2025-07-18 18:34:25.003856 +0530 IST m=+0.022795792,},Terminated:nil,},LastTerminationState:ContainerState{Waiting:nil,Running:nil,Terminated:nil,},Ready:false,RestartCount:0,Image:,ImageID:,ContainerID:test://cOnTaInEr_Id,Started:*true,AllocatedResources:ResourceList{},Resources:nil,VolumeMounts:[]VolumeMountStatus{},User:nil,AllocatedResourcesStatus:[]ResourceStatus{},StopSignal:nil,},},NominatedNodeName:,PodIPs:[]PodIP{},EphemeralContainerStatuses:[]ContainerStatus{},Resize:,ResourceClaimStatuses:[]PodResourceClaimStatus{},HostIPs:[]HostIP{},ObservedGeneration:0,}"
I0718 18:34:25.004258   50478 prober.go:153] "Exec-Probe runProbe" pod="test-namespace/test-pod" containerName="cOnTaInEr_NaMe" execCommand=["/bin/true"]
I0718 18:34:25.004263   50478 prober.go:111] "Probe succeeded" probeType="Readiness" pod="test-namespace/test-pod" podUID="pOd_UiD" containerName="cOnTaInEr_NaMe"
I0718 18:34:25.004269   50478 worker.go:306] Debug probe, pod=test-namespace/test-pod, containerName=cOnTaInEr_NaMe, probeType=Readiness, result=Success, err=<nil>
I0718 18:34:25.004298   50478 worker_test.go:250] "TestDoProbe" probeType="Startup" testIndex=0 podStatus="&PodStatus{Phase:Running,Conditions:[]PodCondition{},Message:,Reason:,HostIP:,PodIP:,StartTime:<nil>,ContainerStatuses:[]ContainerStatus{},QOSClass:,InitContainerStatuses:[]ContainerStatus{ContainerStatus{Name:cOnTaInEr_NaMe,State:ContainerState{Waiting:nil,Running:nil,Terminated:nil,},LastTerminationState:ContainerState{Waiting:nil,Running:nil,Terminated:nil,},Ready:false,RestartCount:0,Image:,ImageID:,ContainerID:test://cOnTaInEr_Id,Started:*false,AllocatedResources:ResourceList{},Resources:nil,VolumeMounts:[]VolumeMountStatus{},User:nil,AllocatedResourcesStatus:[]ResourceStatus{},StopSignal:nil,},},NominatedNodeName:,PodIPs:[]PodIP{},EphemeralContainerStatuses:[]ContainerStatus{},Resize:,ResourceClaimStatuses:[]PodResourceClaimStatus{},HostIPs:[]HostIP{},ObservedGeneration:0,}"
I0718 18:34:25.004308   50478 worker.go:266] Non-running container probed, pod=test-namespace/test-pod, containerName=cOnTaInEr_NaMe
    worker_test.go:295: [Startup-0] Expected result: Success but got UNKNOWN
I0718 18:34:25.004337   50478 worker_test.go:250] "TestDoProbe" probeType="Startup" testIndex=1 podStatus="&PodStatus{Phase:Failed,Conditions:[]PodCondition{},Message:,Reason:,HostIP:,PodIP:,StartTime:<nil>,ContainerStatuses:[]ContainerStatus{},QOSClass:,InitContainerStatuses:[]ContainerStatus{ContainerStatus{Name:cOnTaInEr_NaMe,State:ContainerState{Waiting:nil,Running:nil,Terminated:nil,},LastTerminationState:ContainerState{Waiting:nil,Running:nil,Terminated:nil,},Ready:false,RestartCount:0,Image:,ImageID:,ContainerID:test://cOnTaInEr_Id,Started:*false,AllocatedResources:ResourceList{},Resources:nil,VolumeMounts:[]VolumeMountStatus{},User:nil,AllocatedResourcesStatus:[]ResourceStatus{},StopSignal:nil,},},NominatedNodeName:,PodIPs:[]PodIP{},EphemeralContainerStatuses:[]ContainerStatus{},Resize:,ResourceClaimStatuses:[]PodResourceClaimStatus{},HostIPs:[]HostIP{},ObservedGeneration:0,}"
I0718 18:34:25.004345   50478 worker.go:217] Pod is terminated, exiting probe worker, pod=test-namespace/test-pod, phase=Failed
I0718 18:34:25.004372   50478 worker_test.go:250] "TestDoProbe" probeType="Startup" testIndex=2 podStatus="&PodStatus{Phase:Running,Conditions:[]PodCondition{},Message:,Reason:,HostIP:,PodIP:,StartTime:<nil>,ContainerStatuses:[]ContainerStatus{},QOSClass:,InitContainerStatuses:[]ContainerStatus{ContainerStatus{Name:cOnTaInEr_NaMe,State:ContainerState{Waiting:nil,Running:nil,Terminated:nil,},LastTerminationState:ContainerState{Waiting:nil,Running:nil,Terminated:nil,},Ready:false,RestartCount:0,Image:,ImageID:,ContainerID:test://cOnTaInEr_Id,Started:*false,AllocatedResources:ResourceList{},Resources:nil,VolumeMounts:[]VolumeMountStatus{},User:nil,AllocatedResourcesStatus:[]ResourceStatus{},StopSignal:nil,},},NominatedNodeName:,PodIPs:[]PodIP{},EphemeralContainerStatuses:[]ContainerStatus{},Resize:,ResourceClaimStatuses:[]PodResourceClaimStatus{},HostIPs:[]HostIP{},ObservedGeneration:0,}"
I0718 18:34:25.004382   50478 worker.go:254] Pod deletion requested, setting probe result to success, probeType=Startup, pod=test-namespace/test-pod, containerName=cOnTaInEr_NaMe
I0718 18:34:25.004389   50478 worker.go:257] Pod deletion requested before container has fully started, pod=test-namespace/test-pod, containerName=cOnTaInEr_NaMe
I0718 18:34:25.004412   50478 worker_test.go:250] "TestDoProbe" probeType="Startup" testIndex=3 podStatus="&PodStatus{Phase:Running,Conditions:[]PodCondition{},Message:,Reason:,HostIP:,PodIP:,StartTime:<nil>,ContainerStatuses:[]ContainerStatus{},QOSClass:,InitContainerStatuses:[]ContainerStatus{ContainerStatus{Name:otherContainer,State:ContainerState{Waiting:nil,Running:nil,Terminated:nil,},LastTerminationState:ContainerState{Waiting:nil,Running:nil,Terminated:nil,},Ready:false,RestartCount:0,Image:,ImageID:,ContainerID:test://cOnTaInEr_Id,Started:*false,AllocatedResources:ResourceList{},Resources:nil,VolumeMounts:[]VolumeMountStatus{},User:nil,AllocatedResourcesStatus:[]ResourceStatus{},StopSignal:nil,},},NominatedNodeName:,PodIPs:[]PodIP{},EphemeralContainerStatuses:[]ContainerStatus{},Resize:,ResourceClaimStatuses:[]PodResourceClaimStatus{},HostIPs:[]HostIP{},ObservedGeneration:0,}"
I0718 18:34:25.004426   50478 worker.go:230] Probe target container not found, pod=test-namespace/test-pod, containerName=cOnTaInEr_NaMe
I0718 18:34:25.004448   50478 worker_test.go:250] "TestDoProbe" probeType="Startup" testIndex=4 podStatus="&PodStatus{Phase:Running,Conditions:[]PodCondition{},Message:,Reason:,HostIP:,PodIP:,StartTime:<nil>,ContainerStatuses:[]ContainerStatus{},QOSClass:,InitContainerStatuses:[]ContainerStatus{ContainerStatus{Name:cOnTaInEr_NaMe,State:ContainerState{Waiting:nil,Running:nil,Terminated:nil,},LastTerminationState:ContainerState{Waiting:nil,Running:nil,Terminated:nil,},Ready:false,RestartCount:0,Image:,ImageID:,ContainerID:test://cOnTaInEr_Id,Started:*false,AllocatedResources:ResourceList{},Resources:nil,VolumeMounts:[]VolumeMountStatus{},User:nil,AllocatedResourcesStatus:[]ResourceStatus{},StopSignal:nil,},},NominatedNodeName:,PodIPs:[]PodIP{},EphemeralContainerStatuses:[]ContainerStatus{},Resize:,ResourceClaimStatuses:[]PodResourceClaimStatus{},HostIPs:[]HostIP{},ObservedGeneration:0,}"
I0718 18:34:25.004457   50478 worker.go:266] Non-running container probed, pod=test-namespace/test-pod, containerName=cOnTaInEr_NaMe
    worker_test.go:295: [Startup-4] Expected result: Failure but got UNKNOWN
I0718 18:34:25.004492   50478 worker_test.go:250] "TestDoProbe" probeType="Startup" testIndex=5 podStatus="&PodStatus{Phase:Running,Conditions:[]PodCondition{},Message:,Reason:,HostIP:,PodIP:,StartTime:<nil>,ContainerStatuses:[]ContainerStatus{},QOSClass:,InitContainerStatuses:[]ContainerStatus{ContainerStatus{Name:cOnTaInEr_NaMe,State:ContainerState{Waiting:nil,Running:nil,Terminated:&ContainerStateTerminated{ExitCode:0,Signal:0,Reason:,Message:,StartedAt:2025-07-18 18:34:25.004273 +0530 IST m=+0.023212751,FinishedAt:0001-01-01 00:00:00 +0000 UTC,ContainerID:,},},LastTerminationState:ContainerState{Waiting:nil,Running:nil,Terminated:nil,},Ready:false,RestartCount:0,Image:,ImageID:,ContainerID:test://cOnTaInEr_Id,Started:*false,AllocatedResources:ResourceList{},Resources:nil,VolumeMounts:[]VolumeMountStatus{},User:nil,AllocatedResourcesStatus:[]ResourceStatus{},StopSignal:nil,},},NominatedNodeName:,PodIPs:[]PodIP{},EphemeralContainerStatuses:[]ContainerStatus{},Resize:,ResourceClaimStatuses:[]PodResourceClaimStatus{},HostIPs:[]HostIP{},ObservedGeneration:0,}"
I0718 18:34:25.004505   50478 worker.go:266] Non-running container probed, pod=test-namespace/test-pod, containerName=cOnTaInEr_NaMe
    worker_test.go:288: [Startup-5] Expected continue to be false but got true
I0718 18:34:25.004538   50478 worker_test.go:250] "TestDoProbe" probeType="Startup" testIndex=6 podStatus="&PodStatus{Phase:Running,Conditions:[]PodCondition{},Message:,Reason:,HostIP:,PodIP:,StartTime:<nil>,ContainerStatuses:[]ContainerStatus{},QOSClass:,InitContainerStatuses:[]ContainerStatus{ContainerStatus{Name:cOnTaInEr_NaMe,State:ContainerState{Waiting:nil,Running:nil,Terminated:nil,},LastTerminationState:ContainerState{Waiting:nil,Running:nil,Terminated:nil,},Ready:false,RestartCount:0,Image:,ImageID:,ContainerID:test://cOnTaInEr_Id,Started:*false,AllocatedResources:ResourceList{},Resources:nil,VolumeMounts:[]VolumeMountStatus{},User:nil,AllocatedResourcesStatus:[]ResourceStatus{},StopSignal:nil,},},NominatedNodeName:,PodIPs:[]PodIP{},EphemeralContainerStatuses:[]ContainerStatus{},Resize:,ResourceClaimStatuses:[]PodResourceClaimStatus{},HostIPs:[]HostIP{},ObservedGeneration:0,}"
I0718 18:34:25.004549   50478 worker.go:266] Non-running container probed, pod=test-namespace/test-pod, containerName=cOnTaInEr_NaMe
    worker_test.go:295: [Startup-6] Expected result: Success but got UNKNOWN
I0718 18:34:25.004581   50478 worker_test.go:250] "TestDoProbe" probeType="Startup" testIndex=7 podStatus="&PodStatus{Phase:Running,Conditions:[]PodCondition{},Message:,Reason:,HostIP:,PodIP:,StartTime:<nil>,ContainerStatuses:[]ContainerStatus{},QOSClass:,InitContainerStatuses:[]ContainerStatus{ContainerStatus{Name:cOnTaInEr_NaMe,State:ContainerState{Waiting:nil,Running:nil,Terminated:nil,},LastTerminationState:ContainerState{Waiting:nil,Running:nil,Terminated:nil,},Ready:false,RestartCount:0,Image:,ImageID:,ContainerID:test://cOnTaInEr_Id,Started:*false,AllocatedResources:ResourceList{},Resources:nil,VolumeMounts:[]VolumeMountStatus{},User:nil,AllocatedResourcesStatus:[]ResourceStatus{},StopSignal:nil,},},NominatedNodeName:,PodIPs:[]PodIP{},EphemeralContainerStatuses:[]ContainerStatus{},Resize:,ResourceClaimStatuses:[]PodResourceClaimStatus{},HostIPs:[]HostIP{},ObservedGeneration:0,}"
I0718 18:34:25.004592   50478 worker.go:266] Non-running container probed, pod=test-namespace/test-pod, containerName=cOnTaInEr_NaMe
    worker_test.go:295: [Startup-7] Expected result: Success but got UNKNOWN
I0718 18:34:25.004630   50478 worker_test.go:250] "TestDoProbe" probeType="Startup" testIndex=8 podStatus="&PodStatus{Phase:Running,Conditions:[]PodCondition{},Message:,Reason:,HostIP:,PodIP:,StartTime:<nil>,ContainerStatuses:[]ContainerStatus{},QOSClass:,InitContainerStatuses:[]ContainerStatus{ContainerStatus{Name:cOnTaInEr_NaMe,State:ContainerState{Waiting:nil,Running:nil,Terminated:&ContainerStateTerminated{ExitCode:0,Signal:0,Reason:,Message:,StartedAt:2025-07-18 18:34:25.004275 +0530 IST m=+0.023214584,FinishedAt:0001-01-01 00:00:00 +0000 UTC,ContainerID:,},},LastTerminationState:ContainerState{Waiting:nil,Running:nil,Terminated:nil,},Ready:false,RestartCount:0,Image:,ImageID:,ContainerID:test://cOnTaInEr_Id,Started:nil,AllocatedResources:ResourceList{},Resources:nil,VolumeMounts:[]VolumeMountStatus{},User:nil,AllocatedResourcesStatus:[]ResourceStatus{},StopSignal:nil,},},NominatedNodeName:,PodIPs:[]PodIP{},EphemeralContainerStatuses:[]ContainerStatus{},Resize:,ResourceClaimStatuses:[]PodResourceClaimStatus{},HostIPs:[]HostIP{},ObservedGeneration:0,}"
I0718 18:34:25.004638   50478 worker.go:266] Non-running container probed, pod=test-namespace/test-pod, containerName=cOnTaInEr_NaMe
    worker_test.go:288: [Startup-8] Expected continue to be false but got true
I0718 18:34:25.004664   50478 worker_test.go:250] "TestDoProbe" probeType="Startup" testIndex=9 podStatus="&PodStatus{Phase:Running,Conditions:[]PodCondition{},Message:,Reason:,HostIP:,PodIP:,StartTime:<nil>,ContainerStatuses:[]ContainerStatus{},QOSClass:,InitContainerStatuses:[]ContainerStatus{ContainerStatus{Name:cOnTaInEr_NaMe,State:ContainerState{Waiting:nil,Running:&ContainerStateRunning{StartedAt:2025-07-18 18:34:25.004275 +0530 IST m=+0.023214959,},Terminated:nil,},LastTerminationState:ContainerState{Waiting:nil,Running:nil,Terminated:nil,},Ready:false,RestartCount:0,Image:,ImageID:,ContainerID:test://cOnTaInEr_Id,Started:*true,AllocatedResources:ResourceList{},Resources:nil,VolumeMounts:[]VolumeMountStatus{},User:nil,AllocatedResourcesStatus:[]ResourceStatus{},StopSignal:nil,},},NominatedNodeName:,PodIPs:[]PodIP{},EphemeralContainerStatuses:[]ContainerStatus{},Resize:,ResourceClaimStatuses:[]PodResourceClaimStatus{},HostIPs:[]HostIP{},ObservedGeneration:0,}"
I0718 18:34:25.004673   50478 worker.go:292] Startup probe stopped, container started, pod=test-namespace/test-pod, containerName=cOnTaInEr_NaMe
    worker_test.go:288: [Startup-9] Expected continue to be true but got false
--- FAIL: TestDoProbe (0.00s)
=== RUN   TestDoProbe
I0718 18:34:25.004763   50478 worker_test.go:250] "TestDoProbe" probeType="Liveness" testIndex=0 podStatus="&PodStatus{Phase:Running,Conditions:[]PodCondition{},Message:,Reason:,HostIP:,PodIP:,StartTime:<nil>,ContainerStatuses:[]ContainerStatus{},QOSClass:,InitContainerStatuses:[]ContainerStatus{ContainerStatus{Name:cOnTaInEr_NaMe,State:ContainerState{Waiting:nil,Running:&ContainerStateRunning{StartedAt:2025-07-18 18:34:25.004736 +0530 IST m=+0.023676126,},Terminated:nil,},LastTerminationState:ContainerState{Waiting:nil,Running:nil,Terminated:nil,},Ready:false,RestartCount:0,Image:,ImageID:,ContainerID:test://cOnTaInEr_Id,Started:*true,AllocatedResources:ResourceList{},Resources:nil,VolumeMounts:[]VolumeMountStatus{},User:nil,AllocatedResourcesStatus:[]ResourceStatus{},StopSignal:nil,},},NominatedNodeName:,PodIPs:[]PodIP{},EphemeralContainerStatuses:[]ContainerStatus{},Resize:,ResourceClaimStatuses:[]PodResourceClaimStatus{},HostIPs:[]HostIP{},ObservedGeneration:0,}"
I0718 18:34:25.004777   50478 prober.go:153] "Exec-Probe runProbe" pod="test-namespace/test-pod" containerName="cOnTaInEr_NaMe" execCommand=["/bin/true"]
I0718 18:34:25.004781   50478 prober.go:111] "Probe succeeded" probeType="Liveness" pod="test-namespace/test-pod" podUID="pOd_UiD" containerName="cOnTaInEr_NaMe"
I0718 18:34:25.004786   50478 worker.go:306] Debug probe, pod=test-namespace/test-pod, containerName=cOnTaInEr_NaMe, probeType=Liveness, result=Success, err=<nil>
I0718 18:34:25.004806   50478 worker_test.go:250] "TestDoProbe" probeType="Liveness" testIndex=1 podStatus="&PodStatus{Phase:Failed,Conditions:[]PodCondition{},Message:,Reason:,HostIP:,PodIP:,StartTime:<nil>,ContainerStatuses:[]ContainerStatus{},QOSClass:,InitContainerStatuses:[]ContainerStatus{ContainerStatus{Name:cOnTaInEr_NaMe,State:ContainerState{Waiting:nil,Running:&ContainerStateRunning{StartedAt:2025-07-18 18:34:25.004738 +0530 IST m=+0.023677501,},Terminated:nil,},LastTerminationState:ContainerState{Waiting:nil,Running:nil,Terminated:nil,},Ready:false,RestartCount:0,Image:,ImageID:,ContainerID:test://cOnTaInEr_Id,Started:*true,AllocatedResources:ResourceList{},Resources:nil,VolumeMounts:[]VolumeMountStatus{},User:nil,AllocatedResourcesStatus:[]ResourceStatus{},StopSignal:nil,},},NominatedNodeName:,PodIPs:[]PodIP{},EphemeralContainerStatuses:[]ContainerStatus{},Resize:,ResourceClaimStatuses:[]PodResourceClaimStatus{},HostIPs:[]HostIP{},ObservedGeneration:0,}"
I0718 18:34:25.004812   50478 worker.go:217] Pod is terminated, exiting probe worker, pod=test-namespace/test-pod, phase=Failed
I0718 18:34:25.004833   50478 worker_test.go:250] "TestDoProbe" probeType="Liveness" testIndex=2 podStatus="&PodStatus{Phase:Running,Conditions:[]PodCondition{},Message:,Reason:,HostIP:,PodIP:,StartTime:<nil>,ContainerStatuses:[]ContainerStatus{},QOSClass:,InitContainerStatuses:[]ContainerStatus{ContainerStatus{Name:cOnTaInEr_NaMe,State:ContainerState{Waiting:nil,Running:&ContainerStateRunning{StartedAt:2025-07-18 18:34:25.004736 +0530 IST m=+0.023676126,},Terminated:nil,},LastTerminationState:ContainerState{Waiting:nil,Running:nil,Terminated:nil,},Ready:false,RestartCount:0,Image:,ImageID:,ContainerID:test://cOnTaInEr_Id,Started:*true,AllocatedResources:ResourceList{},Resources:nil,VolumeMounts:[]VolumeMountStatus{},User:nil,AllocatedResourcesStatus:[]ResourceStatus{},StopSignal:nil,},},NominatedNodeName:,PodIPs:[]PodIP{},EphemeralContainerStatuses:[]ContainerStatus{},Resize:,ResourceClaimStatuses:[]PodResourceClaimStatus{},HostIPs:[]HostIP{},ObservedGeneration:0,}"
I0718 18:34:25.004842   50478 worker.go:254] Pod deletion requested, setting probe result to success, probeType=Liveness, pod=test-namespace/test-pod, containerName=cOnTaInEr_NaMe
I0718 18:34:25.004859   50478 worker_test.go:250] "TestDoProbe" probeType="Liveness" testIndex=3 podStatus="&PodStatus{Phase:Running,Conditions:[]PodCondition{},Message:,Reason:,HostIP:,PodIP:,StartTime:<nil>,ContainerStatuses:[]ContainerStatus{},QOSClass:,InitContainerStatuses:[]ContainerStatus{ContainerStatus{Name:otherContainer,State:ContainerState{Waiting:nil,Running:&ContainerStateRunning{StartedAt:2025-07-18 18:34:25.004737 +0530 IST m=+0.023677209,},Terminated:nil,},LastTerminationState:ContainerState{Waiting:nil,Running:nil,Terminated:nil,},Ready:false,RestartCount:0,Image:,ImageID:,ContainerID:test://cOnTaInEr_Id,Started:*true,AllocatedResources:ResourceList{},Resources:nil,VolumeMounts:[]VolumeMountStatus{},User:nil,AllocatedResourcesStatus:[]ResourceStatus{},StopSignal:nil,},},NominatedNodeName:,PodIPs:[]PodIP{},EphemeralContainerStatuses:[]ContainerStatus{},Resize:,ResourceClaimStatuses:[]PodResourceClaimStatus{},HostIPs:[]HostIP{},ObservedGeneration:0,}"
I0718 18:34:25.004869   50478 worker.go:230] Probe target container not found, pod=test-namespace/test-pod, containerName=cOnTaInEr_NaMe
I0718 18:34:25.004886   50478 worker_test.go:250] "TestDoProbe" probeType="Liveness" testIndex=4 podStatus="&PodStatus{Phase:Running,Conditions:[]PodCondition{},Message:,Reason:,HostIP:,PodIP:,StartTime:<nil>,ContainerStatuses:[]ContainerStatus{},QOSClass:,InitContainerStatuses:[]ContainerStatus{ContainerStatus{Name:cOnTaInEr_NaMe,State:ContainerState{Waiting:nil,Running:nil,Terminated:nil,},LastTerminationState:ContainerState{Waiting:nil,Running:nil,Terminated:nil,},Ready:false,RestartCount:0,Image:,ImageID:,ContainerID:test://cOnTaInEr_Id,Started:*true,AllocatedResources:ResourceList{},Resources:nil,VolumeMounts:[]VolumeMountStatus{},User:nil,AllocatedResourcesStatus:[]ResourceStatus{},StopSignal:nil,},},NominatedNodeName:,PodIPs:[]PodIP{},EphemeralContainerStatuses:[]ContainerStatus{},Resize:,ResourceClaimStatuses:[]PodResourceClaimStatus{},HostIPs:[]HostIP{},ObservedGeneration:0,}"
I0718 18:34:25.004892   50478 worker.go:266] Non-running container probed, pod=test-namespace/test-pod, containerName=cOnTaInEr_NaMe
    worker_test.go:288: [Liveness-4] Expected continue to be true but got false
I0718 18:34:25.004918   50478 worker_test.go:250] "TestDoProbe" probeType="Liveness" testIndex=5 podStatus="&PodStatus{Phase:Running,Conditions:[]PodCondition{},Message:,Reason:,HostIP:,PodIP:,StartTime:<nil>,ContainerStatuses:[]ContainerStatus{},QOSClass:,InitContainerStatuses:[]ContainerStatus{ContainerStatus{Name:cOnTaInEr_NaMe,State:ContainerState{Waiting:nil,Running:nil,Terminated:&ContainerStateTerminated{ExitCode:0,Signal:0,Reason:,Message:,StartedAt:2025-07-18 18:34:25.004737 +0530 IST m=+0.023676917,FinishedAt:0001-01-01 00:00:00 +0000 UTC,ContainerID:,},},LastTerminationState:ContainerState{Waiting:nil,Running:nil,Terminated:nil,},Ready:false,RestartCount:0,Image:,ImageID:,ContainerID:test://cOnTaInEr_Id,Started:*true,AllocatedResources:ResourceList{},Resources:nil,VolumeMounts:[]VolumeMountStatus{},User:nil,AllocatedResourcesStatus:[]ResourceStatus{},StopSignal:nil,},},NominatedNodeName:,PodIPs:[]PodIP{},EphemeralContainerStatuses:[]ContainerStatus{},Resize:,ResourceClaimStatuses:[]PodResourceClaimStatus{},HostIPs:[]HostIP{},ObservedGeneration:0,}"
I0718 18:34:25.004926   50478 worker.go:266] Non-running container probed, pod=test-namespace/test-pod, containerName=cOnTaInEr_NaMe
    worker_test.go:288: [Liveness-5] Expected continue to be false but got true
I0718 18:34:25.004951   50478 worker_test.go:250] "TestDoProbe" probeType="Liveness" testIndex=6 podStatus="&PodStatus{Phase:Running,Conditions:[]PodCondition{},Message:,Reason:,HostIP:,PodIP:,StartTime:<nil>,ContainerStatuses:[]ContainerStatus{},QOSClass:,InitContainerStatuses:[]ContainerStatus{ContainerStatus{Name:cOnTaInEr_NaMe,State:ContainerState{Waiting:nil,Running:&ContainerStateRunning{StartedAt:2025-07-18 18:34:25.004736 +0530 IST m=+0.023676126,},Terminated:nil,},LastTerminationState:ContainerState{Waiting:nil,Running:nil,Terminated:nil,},Ready:false,RestartCount:0,Image:,ImageID:,ContainerID:test://cOnTaInEr_Id,Started:*true,AllocatedResources:ResourceList{},Resources:nil,VolumeMounts:[]VolumeMountStatus{},User:nil,AllocatedResourcesStatus:[]ResourceStatus{},StopSignal:nil,},},NominatedNodeName:,PodIPs:[]PodIP{},EphemeralContainerStatuses:[]ContainerStatus{},Resize:,ResourceClaimStatuses:[]PodResourceClaimStatus{},HostIPs:[]HostIP{},ObservedGeneration:0,}"
I0718 18:34:25.004960   50478 prober.go:153] "Exec-Probe runProbe" pod="test-namespace/test-pod" containerName="cOnTaInEr_NaMe" execCommand=["/bin/true"]
I0718 18:34:25.004964   50478 prober.go:111] "Probe succeeded" probeType="Liveness" pod="test-namespace/test-pod" podUID="pOd_UiD" containerName="cOnTaInEr_NaMe"
I0718 18:34:25.004968   50478 worker.go:306] Debug probe, pod=test-namespace/test-pod, containerName=cOnTaInEr_NaMe, probeType=Liveness, result=Success, err=<nil>
I0718 18:34:25.005094   50478 worker_test.go:250] "TestDoProbe" probeType="Liveness" testIndex=7 podStatus="&PodStatus{Phase:Running,Conditions:[]PodCondition{},Message:,Reason:,HostIP:,PodIP:,StartTime:<nil>,ContainerStatuses:[]ContainerStatus{},QOSClass:,InitContainerStatuses:[]ContainerStatus{ContainerStatus{Name:cOnTaInEr_NaMe,State:ContainerState{Waiting:nil,Running:&ContainerStateRunning{StartedAt:2025-07-18 18:34:25.004736 +0530 IST m=+0.023676126,},Terminated:nil,},LastTerminationState:ContainerState{Waiting:nil,Running:nil,Terminated:nil,},Ready:false,RestartCount:0,Image:,ImageID:,ContainerID:test://cOnTaInEr_Id,Started:*true,AllocatedResources:ResourceList{},Resources:nil,VolumeMounts:[]VolumeMountStatus{},User:nil,AllocatedResourcesStatus:[]ResourceStatus{},StopSignal:nil,},},NominatedNodeName:,PodIPs:[]PodIP{},EphemeralContainerStatuses:[]ContainerStatus{},Resize:,ResourceClaimStatuses:[]PodResourceClaimStatus{},HostIPs:[]HostIP{},ObservedGeneration:0,}"
I0718 18:34:25.005124   50478 prober.go:153] "Exec-Probe runProbe" pod="test-namespace/test-pod" containerName="cOnTaInEr_NaMe" execCommand=["/bin/true"]
I0718 18:34:25.005129   50478 prober.go:111] "Probe succeeded" probeType="Liveness" pod="test-namespace/test-pod" podUID="pOd_UiD" containerName="cOnTaInEr_NaMe"
I0718 18:34:25.005134   50478 worker.go:306] Debug probe, pod=test-namespace/test-pod, containerName=cOnTaInEr_NaMe, probeType=Liveness, result=Success, err=<nil>
I0718 18:34:25.005328   50478 worker_test.go:250] "TestDoProbe" probeType="Liveness" testIndex=8 podStatus="&PodStatus{Phase:Running,Conditions:[]PodCondition{},Message:,Reason:,HostIP:,PodIP:,StartTime:<nil>,ContainerStatuses:[]ContainerStatus{},QOSClass:,InitContainerStatuses:[]ContainerStatus{ContainerStatus{Name:cOnTaInEr_NaMe,State:ContainerState{Waiting:nil,Running:nil,Terminated:&ContainerStateTerminated{ExitCode:0,Signal:0,Reason:,Message:,StartedAt:2025-07-18 18:34:25.004739 +0530 IST m=+0.023678667,FinishedAt:0001-01-01 00:00:00 +0000 UTC,ContainerID:,},},LastTerminationState:ContainerState{Waiting:nil,Running:nil,Terminated:nil,},Ready:false,RestartCount:0,Image:,ImageID:,ContainerID:test://cOnTaInEr_Id,Started:nil,AllocatedResources:ResourceList{},Resources:nil,VolumeMounts:[]VolumeMountStatus{},User:nil,AllocatedResourcesStatus:[]ResourceStatus{},StopSignal:nil,},},NominatedNodeName:,PodIPs:[]PodIP{},EphemeralContainerStatuses:[]ContainerStatus{},Resize:,ResourceClaimStatuses:[]PodResourceClaimStatus{},HostIPs:[]HostIP{},ObservedGeneration:0,}"
I0718 18:34:25.005359   50478 worker.go:266] Non-running container probed, pod=test-namespace/test-pod, containerName=cOnTaInEr_NaMe
    worker_test.go:288: [Liveness-8] Expected continue to be false but got true
I0718 18:34:25.005439   50478 worker_test.go:250] "TestDoProbe" probeType="Liveness" testIndex=9 podStatus="&PodStatus{Phase:Running,Conditions:[]PodCondition{},Message:,Reason:,HostIP:,PodIP:,StartTime:<nil>,ContainerStatuses:[]ContainerStatus{},QOSClass:,InitContainerStatuses:[]ContainerStatus{ContainerStatus{Name:cOnTaInEr_NaMe,State:ContainerState{Waiting:nil,Running:&ContainerStateRunning{StartedAt:2025-07-18 18:34:25.004739 +0530 IST m=+0.023678917,},Terminated:nil,},LastTerminationState:ContainerState{Waiting:nil,Running:nil,Terminated:nil,},Ready:false,RestartCount:0,Image:,ImageID:,ContainerID:test://cOnTaInEr_Id,Started:*true,AllocatedResources:ResourceList{},Resources:nil,VolumeMounts:[]VolumeMountStatus{},User:nil,AllocatedResourcesStatus:[]ResourceStatus{},StopSignal:nil,},},NominatedNodeName:,PodIPs:[]PodIP{},EphemeralContainerStatuses:[]ContainerStatus{},Resize:,ResourceClaimStatuses:[]PodResourceClaimStatus{},HostIPs:[]HostIP{},ObservedGeneration:0,}"
I0718 18:34:25.005505   50478 prober.go:153] "Exec-Probe runProbe" pod="test-namespace/test-pod" containerName="cOnTaInEr_NaMe" execCommand=["/bin/true"]
I0718 18:34:25.005509   50478 prober.go:111] "Probe succeeded" probeType="Liveness" pod="test-namespace/test-pod" podUID="pOd_UiD" containerName="cOnTaInEr_NaMe"
I0718 18:34:25.005514   50478 worker.go:306] Debug probe, pod=test-namespace/test-pod, containerName=cOnTaInEr_NaMe, probeType=Liveness, result=Success, err=<nil>
I0718 18:34:25.005540   50478 worker_test.go:250] "TestDoProbe" probeType="Readiness" testIndex=0 podStatus="&PodStatus{Phase:Running,Conditions:[]PodCondition{},Message:,Reason:,HostIP:,PodIP:,StartTime:<nil>,ContainerStatuses:[]ContainerStatus{},QOSClass:,InitContainerStatuses:[]ContainerStatus{ContainerStatus{Name:cOnTaInEr_NaMe,State:ContainerState{Waiting:nil,Running:&ContainerStateRunning{StartedAt:2025-07-18 18:34:25.005516 +0530 IST m=+0.024456042,},Terminated:nil,},LastTerminationState:ContainerState{Waiting:nil,Running:nil,Terminated:nil,},Ready:false,RestartCount:0,Image:,ImageID:,ContainerID:test://cOnTaInEr_Id,Started:*true,AllocatedResources:ResourceList{},Resources:nil,VolumeMounts:[]VolumeMountStatus{},User:nil,AllocatedResourcesStatus:[]ResourceStatus{},StopSignal:nil,},},NominatedNodeName:,PodIPs:[]PodIP{},EphemeralContainerStatuses:[]ContainerStatus{},Resize:,ResourceClaimStatuses:[]PodResourceClaimStatus{},HostIPs:[]HostIP{},ObservedGeneration:0,}"
I0718 18:34:25.005548   50478 prober.go:153] "Exec-Probe runProbe" pod="test-namespace/test-pod" containerName="cOnTaInEr_NaMe" execCommand=["/bin/true"]
I0718 18:34:25.005552   50478 prober.go:111] "Probe succeeded" probeType="Readiness" pod="test-namespace/test-pod" podUID="pOd_UiD" containerName="cOnTaInEr_NaMe"
I0718 18:34:25.005556   50478 worker.go:306] Debug probe, pod=test-namespace/test-pod, containerName=cOnTaInEr_NaMe, probeType=Readiness, result=Success, err=<nil>
I0718 18:34:25.005574   50478 worker_test.go:250] "TestDoProbe" probeType="Readiness" testIndex=1 podStatus="&PodStatus{Phase:Failed,Conditions:[]PodCondition{},Message:,Reason:,HostIP:,PodIP:,StartTime:<nil>,ContainerStatuses:[]ContainerStatus{},QOSClass:,InitContainerStatuses:[]ContainerStatus{ContainerStatus{Name:cOnTaInEr_NaMe,State:ContainerState{Waiting:nil,Running:&ContainerStateRunning{StartedAt:2025-07-18 18:34:25.005518 +0530 IST m=+0.024457584,},Terminated:nil,},LastTerminationState:ContainerState{Waiting:nil,Running:nil,Terminated:nil,},Ready:false,RestartCount:0,Image:,ImageID:,ContainerID:test://cOnTaInEr_Id,Started:*true,AllocatedResources:ResourceList{},Resources:nil,VolumeMounts:[]VolumeMountStatus{},User:nil,AllocatedResourcesStatus:[]ResourceStatus{},StopSignal:nil,},},NominatedNodeName:,PodIPs:[]PodIP{},EphemeralContainerStatuses:[]ContainerStatus{},Resize:,ResourceClaimStatuses:[]PodResourceClaimStatus{},HostIPs:[]HostIP{},ObservedGeneration:0,}"
I0718 18:34:25.005580   50478 worker.go:217] Pod is terminated, exiting probe worker, pod=test-namespace/test-pod, phase=Failed
I0718 18:34:25.005598   50478 worker_test.go:250] "TestDoProbe" probeType="Readiness" testIndex=2 podStatus="&PodStatus{Phase:Running,Conditions:[]PodCondition{},Message:,Reason:,HostIP:,PodIP:,StartTime:<nil>,ContainerStatuses:[]ContainerStatus{},QOSClass:,InitContainerStatuses:[]ContainerStatus{ContainerStatus{Name:cOnTaInEr_NaMe,State:ContainerState{Waiting:nil,Running:&ContainerStateRunning{StartedAt:2025-07-18 18:34:25.005516 +0530 IST m=+0.024456042,},Terminated:nil,},LastTerminationState:ContainerState{Waiting:nil,Running:nil,Terminated:nil,},Ready:false,RestartCount:0,Image:,ImageID:,ContainerID:test://cOnTaInEr_Id,Started:*true,AllocatedResources:ResourceList{},Resources:nil,VolumeMounts:[]VolumeMountStatus{},User:nil,AllocatedResourcesStatus:[]ResourceStatus{},StopSignal:nil,},},NominatedNodeName:,PodIPs:[]PodIP{},EphemeralContainerStatuses:[]ContainerStatus{},Resize:,ResourceClaimStatuses:[]PodResourceClaimStatus{},HostIPs:[]HostIP{},ObservedGeneration:0,}"
I0718 18:34:25.005606   50478 prober.go:153] "Exec-Probe runProbe" pod="test-namespace/test-pod" containerName="cOnTaInEr_NaMe" execCommand=["/bin/true"]
I0718 18:34:25.005610   50478 prober.go:111] "Probe succeeded" probeType="Readiness" pod="test-namespace/test-pod" podUID="pOd_UiD" containerName="cOnTaInEr_NaMe"
I0718 18:34:25.005614   50478 worker.go:306] Debug probe, pod=test-namespace/test-pod, containerName=cOnTaInEr_NaMe, probeType=Readiness, result=Success, err=<nil>
I0718 18:34:25.005633   50478 worker_test.go:250] "TestDoProbe" probeType="Readiness" testIndex=3 podStatus="&PodStatus{Phase:Running,Conditions:[]PodCondition{},Message:,Reason:,HostIP:,PodIP:,StartTime:<nil>,ContainerStatuses:[]ContainerStatus{},QOSClass:,InitContainerStatuses:[]ContainerStatus{ContainerStatus{Name:otherContainer,State:ContainerState{Waiting:nil,Running:&ContainerStateRunning{StartedAt:2025-07-18 18:34:25.005517 +0530 IST m=+0.024457251,},Terminated:nil,},LastTerminationState:ContainerState{Waiting:nil,Running:nil,Terminated:nil,},Ready:false,RestartCount:0,Image:,ImageID:,ContainerID:test://cOnTaInEr_Id,Started:*true,AllocatedResources:ResourceList{},Resources:nil,VolumeMounts:[]VolumeMountStatus{},User:nil,AllocatedResourcesStatus:[]ResourceStatus{},StopSignal:nil,},},NominatedNodeName:,PodIPs:[]PodIP{},EphemeralContainerStatuses:[]ContainerStatus{},Resize:,ResourceClaimStatuses:[]PodResourceClaimStatus{},HostIPs:[]HostIP{},ObservedGeneration:0,}"
I0718 18:34:25.005642   50478 worker.go:230] Probe target container not found, pod=test-namespace/test-pod, containerName=cOnTaInEr_NaMe
I0718 18:34:25.005660   50478 worker_test.go:250] "TestDoProbe" probeType="Readiness" testIndex=4 podStatus="&PodStatus{Phase:Running,Conditions:[]PodCondition{},Message:,Reason:,HostIP:,PodIP:,StartTime:<nil>,ContainerStatuses:[]ContainerStatus{},QOSClass:,InitContainerStatuses:[]ContainerStatus{ContainerStatus{Name:cOnTaInEr_NaMe,State:ContainerState{Waiting:nil,Running:nil,Terminated:nil,},LastTerminationState:ContainerState{Waiting:nil,Running:nil,Terminated:nil,},Ready:false,RestartCount:0,Image:,ImageID:,ContainerID:test://cOnTaInEr_Id,Started:*true,AllocatedResources:ResourceList{},Resources:nil,VolumeMounts:[]VolumeMountStatus{},User:nil,AllocatedResourcesStatus:[]ResourceStatus{},StopSignal:nil,},},NominatedNodeName:,PodIPs:[]PodIP{},EphemeralContainerStatuses:[]ContainerStatus{},Resize:,ResourceClaimStatuses:[]PodResourceClaimStatus{},HostIPs:[]HostIP{},ObservedGeneration:0,}"
I0718 18:34:25.005688   50478 worker.go:266] Non-running container probed, pod=test-namespace/test-pod, containerName=cOnTaInEr_NaMe
I0718 18:34:25.005710   50478 worker_test.go:250] "TestDoProbe" probeType="Readiness" testIndex=5 podStatus="&PodStatus{Phase:Running,Conditions:[]PodCondition{},Message:,Reason:,HostIP:,PodIP:,StartTime:<nil>,ContainerStatuses:[]ContainerStatus{},QOSClass:,InitContainerStatuses:[]ContainerStatus{ContainerStatus{Name:cOnTaInEr_NaMe,State:ContainerState{Waiting:nil,Running:nil,Terminated:&ContainerStateTerminated{ExitCode:0,Signal:0,Reason:,Message:,StartedAt:2025-07-18 18:34:25.005517 +0530 IST m=+0.024457001,FinishedAt:0001-01-01 00:00:00 +0000 UTC,ContainerID:,},},LastTerminationState:ContainerState{Waiting:nil,Running:nil,Terminated:nil,},Ready:false,RestartCount:0,Image:,ImageID:,ContainerID:test://cOnTaInEr_Id,Started:*true,AllocatedResources:ResourceList{},Resources:nil,VolumeMounts:[]VolumeMountStatus{},User:nil,AllocatedResourcesStatus:[]ResourceStatus{},StopSignal:nil,},},NominatedNodeName:,PodIPs:[]PodIP{},EphemeralContainerStatuses:[]ContainerStatus{},Resize:,ResourceClaimStatuses:[]PodResourceClaimStatus{},HostIPs:[]HostIP{},ObservedGeneration:0,}"
I0718 18:34:25.005716   50478 worker.go:266] Non-running container probed, pod=test-namespace/test-pod, containerName=cOnTaInEr_NaMe
    worker_test.go:288: [Readiness-5] Expected continue to be false but got true
I0718 18:34:25.005739   50478 worker_test.go:250] "TestDoProbe" probeType="Readiness" testIndex=6 podStatus="&PodStatus{Phase:Running,Conditions:[]PodCondition{},Message:,Reason:,HostIP:,PodIP:,StartTime:<nil>,ContainerStatuses:[]ContainerStatus{},QOSClass:,InitContainerStatuses:[]ContainerStatus{ContainerStatus{Name:cOnTaInEr_NaMe,State:ContainerState{Waiting:nil,Running:&ContainerStateRunning{StartedAt:2025-07-18 18:34:25.005516 +0530 IST m=+0.024456042,},Terminated:nil,},LastTerminationState:ContainerState{Waiting:nil,Running:nil,Terminated:nil,},Ready:false,RestartCount:0,Image:,ImageID:,ContainerID:test://cOnTaInEr_Id,Started:*true,AllocatedResources:ResourceList{},Resources:nil,VolumeMounts:[]VolumeMountStatus{},User:nil,AllocatedResourcesStatus:[]ResourceStatus{},StopSignal:nil,},},NominatedNodeName:,PodIPs:[]PodIP{},EphemeralContainerStatuses:[]ContainerStatus{},Resize:,ResourceClaimStatuses:[]PodResourceClaimStatus{},HostIPs:[]HostIP{},ObservedGeneration:0,}"
I0718 18:34:25.005746   50478 prober.go:153] "Exec-Probe runProbe" pod="test-namespace/test-pod" containerName="cOnTaInEr_NaMe" execCommand=["/bin/true"]
I0718 18:34:25.005750   50478 prober.go:111] "Probe succeeded" probeType="Readiness" pod="test-namespace/test-pod" podUID="pOd_UiD" containerName="cOnTaInEr_NaMe"
I0718 18:34:25.005754   50478 worker.go:306] Debug probe, pod=test-namespace/test-pod, containerName=cOnTaInEr_NaMe, probeType=Readiness, result=Success, err=<nil>
I0718 18:34:25.005774   50478 worker_test.go:250] "TestDoProbe" probeType="Readiness" testIndex=7 podStatus="&PodStatus{Phase:Running,Conditions:[]PodCondition{},Message:,Reason:,HostIP:,PodIP:,StartTime:<nil>,ContainerStatuses:[]ContainerStatus{},QOSClass:,InitContainerStatuses:[]ContainerStatus{ContainerStatus{Name:cOnTaInEr_NaMe,State:ContainerState{Waiting:nil,Running:&ContainerStateRunning{StartedAt:2025-07-18 18:34:25.005516 +0530 IST m=+0.024456042,},Terminated:nil,},LastTerminationState:ContainerState{Waiting:nil,Running:nil,Terminated:nil,},Ready:false,RestartCount:0,Image:,ImageID:,ContainerID:test://cOnTaInEr_Id,Started:*true,AllocatedResources:ResourceList{},Resources:nil,VolumeMounts:[]VolumeMountStatus{},User:nil,AllocatedResourcesStatus:[]ResourceStatus{},StopSignal:nil,},},NominatedNodeName:,PodIPs:[]PodIP{},EphemeralContainerStatuses:[]ContainerStatus{},Resize:,ResourceClaimStatuses:[]PodResourceClaimStatus{},HostIPs:[]HostIP{},ObservedGeneration:0,}"
I0718 18:34:25.005781   50478 prober.go:153] "Exec-Probe runProbe" pod="test-namespace/test-pod" containerName="cOnTaInEr_NaMe" execCommand=["/bin/true"]
I0718 18:34:25.005785   50478 prober.go:111] "Probe succeeded" probeType="Readiness" pod="test-namespace/test-pod" podUID="pOd_UiD" containerName="cOnTaInEr_NaMe"
I0718 18:34:25.005789   50478 worker.go:306] Debug probe, pod=test-namespace/test-pod, containerName=cOnTaInEr_NaMe, probeType=Readiness, result=Success, err=<nil>
I0718 18:34:25.005810   50478 worker_test.go:250] "TestDoProbe" probeType="Readiness" testIndex=8 podStatus="&PodStatus{Phase:Running,Conditions:[]PodCondition{},Message:,Reason:,HostIP:,PodIP:,StartTime:<nil>,ContainerStatuses:[]ContainerStatus{},QOSClass:,InitContainerStatuses:[]ContainerStatus{ContainerStatus{Name:cOnTaInEr_NaMe,State:ContainerState{Waiting:nil,Running:nil,Terminated:&ContainerStateTerminated{ExitCode:0,Signal:0,Reason:,Message:,StartedAt:2025-07-18 18:34:25.005519 +0530 IST m=+0.024458667,FinishedAt:0001-01-01 00:00:00 +0000 UTC,ContainerID:,},},LastTerminationState:ContainerState{Waiting:nil,Running:nil,Terminated:nil,},Ready:false,RestartCount:0,Image:,ImageID:,ContainerID:test://cOnTaInEr_Id,Started:nil,AllocatedResources:ResourceList{},Resources:nil,VolumeMounts:[]VolumeMountStatus{},User:nil,AllocatedResourcesStatus:[]ResourceStatus{},StopSignal:nil,},},NominatedNodeName:,PodIPs:[]PodIP{},EphemeralContainerStatuses:[]ContainerStatus{},Resize:,ResourceClaimStatuses:[]PodResourceClaimStatus{},HostIPs:[]HostIP{},ObservedGeneration:0,}"
I0718 18:34:25.005818   50478 worker.go:266] Non-running container probed, pod=test-namespace/test-pod, containerName=cOnTaInEr_NaMe
    worker_test.go:288: [Readiness-8] Expected continue to be false but got true
I0718 18:34:25.005840   50478 worker_test.go:250] "TestDoProbe" probeType="Readiness" testIndex=9 podStatus="&PodStatus{Phase:Running,Conditions:[]PodCondition{},Message:,Reason:,HostIP:,PodIP:,StartTime:<nil>,ContainerStatuses:[]ContainerStatus{},QOSClass:,InitContainerStatuses:[]ContainerStatus{ContainerStatus{Name:cOnTaInEr_NaMe,State:ContainerState{Waiting:nil,Running:&ContainerStateRunning{StartedAt:2025-07-18 18:34:25.005519 +0530 IST m=+0.024458917,},Terminated:nil,},LastTerminationState:ContainerState{Waiting:nil,Running:nil,Terminated:nil,},Ready:false,RestartCount:0,Image:,ImageID:,ContainerID:test://cOnTaInEr_Id,Started:*true,AllocatedResources:ResourceList{},Resources:nil,VolumeMounts:[]VolumeMountStatus{},User:nil,AllocatedResourcesStatus:[]ResourceStatus{},StopSignal:nil,},},NominatedNodeName:,PodIPs:[]PodIP{},EphemeralContainerStatuses:[]ContainerStatus{},Resize:,ResourceClaimStatuses:[]PodResourceClaimStatus{},HostIPs:[]HostIP{},ObservedGeneration:0,}"
I0718 18:34:25.005847   50478 prober.go:153] "Exec-Probe runProbe" pod="test-namespace/test-pod" containerName="cOnTaInEr_NaMe" execCommand=["/bin/true"]
I0718 18:34:25.005850   50478 prober.go:111] "Probe succeeded" probeType="Readiness" pod="test-namespace/test-pod" podUID="pOd_UiD" containerName="cOnTaInEr_NaMe"
I0718 18:34:25.005855   50478 worker.go:306] Debug probe, pod=test-namespace/test-pod, containerName=cOnTaInEr_NaMe, probeType=Readiness, result=Success, err=<nil>
I0718 18:34:25.005938   50478 worker_test.go:250] "TestDoProbe" probeType="Startup" testIndex=0 podStatus="&PodStatus{Phase:Running,Conditions:[]PodCondition{},Message:,Reason:,HostIP:,PodIP:,StartTime:<nil>,ContainerStatuses:[]ContainerStatus{},QOSClass:,InitContainerStatuses:[]ContainerStatus{ContainerStatus{Name:cOnTaInEr_NaMe,State:ContainerState{Waiting:nil,Running:nil,Terminated:nil,},LastTerminationState:ContainerState{Waiting:nil,Running:nil,Terminated:nil,},Ready:false,RestartCount:0,Image:,ImageID:,ContainerID:test://cOnTaInEr_Id,Started:*false,AllocatedResources:ResourceList{},Resources:nil,VolumeMounts:[]VolumeMountStatus{},User:nil,AllocatedResourcesStatus:[]ResourceStatus{},StopSignal:nil,},},NominatedNodeName:,PodIPs:[]PodIP{},EphemeralContainerStatuses:[]ContainerStatus{},Resize:,ResourceClaimStatuses:[]PodResourceClaimStatus{},HostIPs:[]HostIP{},ObservedGeneration:0,}"
I0718 18:34:25.005946   50478 worker.go:266] Non-running container probed, pod=test-namespace/test-pod, containerName=cOnTaInEr_NaMe
    worker_test.go:295: [Startup-0] Expected result: Success but got UNKNOWN
I0718 18:34:25.005968   50478 worker_test.go:250] "TestDoProbe" probeType="Startup" testIndex=1 podStatus="&PodStatus{Phase:Failed,Conditions:[]PodCondition{},Message:,Reason:,HostIP:,PodIP:,StartTime:<nil>,ContainerStatuses:[]ContainerStatus{},QOSClass:,InitContainerStatuses:[]ContainerStatus{ContainerStatus{Name:cOnTaInEr_NaMe,State:ContainerState{Waiting:nil,Running:nil,Terminated:nil,},LastTerminationState:ContainerState{Waiting:nil,Running:nil,Terminated:nil,},Ready:false,RestartCount:0,Image:,ImageID:,ContainerID:test://cOnTaInEr_Id,Started:*false,AllocatedResources:ResourceList{},Resources:nil,VolumeMounts:[]VolumeMountStatus{},User:nil,AllocatedResourcesStatus:[]ResourceStatus{},StopSignal:nil,},},NominatedNodeName:,PodIPs:[]PodIP{},EphemeralContainerStatuses:[]ContainerStatus{},Resize:,ResourceClaimStatuses:[]PodResourceClaimStatus{},HostIPs:[]HostIP{},ObservedGeneration:0,}"
I0718 18:34:25.005973   50478 worker.go:217] Pod is terminated, exiting probe worker, pod=test-namespace/test-pod, phase=Failed
I0718 18:34:25.005989   50478 worker_test.go:250] "TestDoProbe" probeType="Startup" testIndex=2 podStatus="&PodStatus{Phase:Running,Conditions:[]PodCondition{},Message:,Reason:,HostIP:,PodIP:,StartTime:<nil>,ContainerStatuses:[]ContainerStatus{},QOSClass:,InitContainerStatuses:[]ContainerStatus{ContainerStatus{Name:cOnTaInEr_NaMe,State:ContainerState{Waiting:nil,Running:nil,Terminated:nil,},LastTerminationState:ContainerState{Waiting:nil,Running:nil,Terminated:nil,},Ready:false,RestartCount:0,Image:,ImageID:,ContainerID:test://cOnTaInEr_Id,Started:*false,AllocatedResources:ResourceList{},Resources:nil,VolumeMounts:[]VolumeMountStatus{},User:nil,AllocatedResourcesStatus:[]ResourceStatus{},StopSignal:nil,},},NominatedNodeName:,PodIPs:[]PodIP{},EphemeralContainerStatuses:[]ContainerStatus{},Resize:,ResourceClaimStatuses:[]PodResourceClaimStatus{},HostIPs:[]HostIP{},ObservedGeneration:0,}"
I0718 18:34:25.005997   50478 worker.go:254] Pod deletion requested, setting probe result to success, probeType=Startup, pod=test-namespace/test-pod, containerName=cOnTaInEr_NaMe
I0718 18:34:25.006001   50478 worker.go:257] Pod deletion requested before container has fully started, pod=test-namespace/test-pod, containerName=cOnTaInEr_NaMe
I0718 18:34:25.006018   50478 worker_test.go:250] "TestDoProbe" probeType="Startup" testIndex=3 podStatus="&PodStatus{Phase:Running,Conditions:[]PodCondition{},Message:,Reason:,HostIP:,PodIP:,StartTime:<nil>,ContainerStatuses:[]ContainerStatus{},QOSClass:,InitContainerStatuses:[]ContainerStatus{ContainerStatus{Name:otherContainer,State:ContainerState{Waiting:nil,Running:nil,Terminated:nil,},LastTerminationState:ContainerState{Waiting:nil,Running:nil,Terminated:nil,},Ready:false,RestartCount:0,Image:,ImageID:,ContainerID:test://cOnTaInEr_Id,Started:*false,AllocatedResources:ResourceList{},Resources:nil,VolumeMounts:[]VolumeMountStatus{},User:nil,AllocatedResourcesStatus:[]ResourceStatus{},StopSignal:nil,},},NominatedNodeName:,PodIPs:[]PodIP{},EphemeralContainerStatuses:[]ContainerStatus{},Resize:,ResourceClaimStatuses:[]PodResourceClaimStatus{},HostIPs:[]HostIP{},ObservedGeneration:0,}"
I0718 18:34:25.006029   50478 worker.go:230] Probe target container not found, pod=test-namespace/test-pod, containerName=cOnTaInEr_NaMe
I0718 18:34:25.006046   50478 worker_test.go:250] "TestDoProbe" probeType="Startup" testIndex=4 podStatus="&PodStatus{Phase:Running,Conditions:[]PodCondition{},Message:,Reason:,HostIP:,PodIP:,StartTime:<nil>,ContainerStatuses:[]ContainerStatus{},QOSClass:,InitContainerStatuses:[]ContainerStatus{ContainerStatus{Name:cOnTaInEr_NaMe,State:ContainerState{Waiting:nil,Running:nil,Terminated:nil,},LastTerminationState:ContainerState{Waiting:nil,Running:nil,Terminated:nil,},Ready:false,RestartCount:0,Image:,ImageID:,ContainerID:test://cOnTaInEr_Id,Started:*false,AllocatedResources:ResourceList{},Resources:nil,VolumeMounts:[]VolumeMountStatus{},User:nil,AllocatedResourcesStatus:[]ResourceStatus{},StopSignal:nil,},},NominatedNodeName:,PodIPs:[]PodIP{},EphemeralContainerStatuses:[]ContainerStatus{},Resize:,ResourceClaimStatuses:[]PodResourceClaimStatus{},HostIPs:[]HostIP{},ObservedGeneration:0,}"
I0718 18:34:25.006055   50478 worker.go:266] Non-running container probed, pod=test-namespace/test-pod, containerName=cOnTaInEr_NaMe
    worker_test.go:295: [Startup-4] Expected result: Failure but got UNKNOWN
I0718 18:34:25.006080   50478 worker_test.go:250] "TestDoProbe" probeType="Startup" testIndex=5 podStatus="&PodStatus{Phase:Running,Conditions:[]PodCondition{},Message:,Reason:,HostIP:,PodIP:,StartTime:<nil>,ContainerStatuses:[]ContainerStatus{},QOSClass:,InitContainerStatuses:[]ContainerStatus{ContainerStatus{Name:cOnTaInEr_NaMe,State:ContainerState{Waiting:nil,Running:nil,Terminated:&ContainerStateTerminated{ExitCode:0,Signal:0,Reason:,Message:,StartedAt:2025-07-18 18:34:25.005857 +0530 IST m=+0.024796917,FinishedAt:0001-01-01 00:00:00 +0000 UTC,ContainerID:,},},LastTerminationState:ContainerState{Waiting:nil,Running:nil,Terminated:nil,},Ready:false,RestartCount:0,Image:,ImageID:,ContainerID:test://cOnTaInEr_Id,Started:*false,AllocatedResources:ResourceList{},Resources:nil,VolumeMounts:[]VolumeMountStatus{},User:nil,AllocatedResourcesStatus:[]ResourceStatus{},StopSignal:nil,},},NominatedNodeName:,PodIPs:[]PodIP{},EphemeralContainerStatuses:[]ContainerStatus{},Resize:,ResourceClaimStatuses:[]PodResourceClaimStatus{},HostIPs:[]HostIP{},ObservedGeneration:0,}"
I0718 18:34:25.006088   50478 worker.go:266] Non-running container probed, pod=test-namespace/test-pod, containerName=cOnTaInEr_NaMe
    worker_test.go:288: [Startup-5] Expected continue to be false but got true
I0718 18:34:25.006109   50478 worker_test.go:250] "TestDoProbe" probeType="Startup" testIndex=6 podStatus="&PodStatus{Phase:Running,Conditions:[]PodCondition{},Message:,Reason:,HostIP:,PodIP:,StartTime:<nil>,ContainerStatuses:[]ContainerStatus{},QOSClass:,InitContainerStatuses:[]ContainerStatus{ContainerStatus{Name:cOnTaInEr_NaMe,State:ContainerState{Waiting:nil,Running:nil,Terminated:nil,},LastTerminationState:ContainerState{Waiting:nil,Running:nil,Terminated:nil,},Ready:false,RestartCount:0,Image:,ImageID:,ContainerID:test://cOnTaInEr_Id,Started:*false,AllocatedResources:ResourceList{},Resources:nil,VolumeMounts:[]VolumeMountStatus{},User:nil,AllocatedResourcesStatus:[]ResourceStatus{},StopSignal:nil,},},NominatedNodeName:,PodIPs:[]PodIP{},EphemeralContainerStatuses:[]ContainerStatus{},Resize:,ResourceClaimStatuses:[]PodResourceClaimStatus{},HostIPs:[]HostIP{},ObservedGeneration:0,}"
I0718 18:34:25.006116   50478 worker.go:266] Non-running container probed, pod=test-namespace/test-pod, containerName=cOnTaInEr_NaMe
    worker_test.go:295: [Startup-6] Expected result: Success but got UNKNOWN
I0718 18:34:25.006136   50478 worker_test.go:250] "TestDoProbe" probeType="Startup" testIndex=7 podStatus="&PodStatus{Phase:Running,Conditions:[]PodCondition{},Message:,Reason:,HostIP:,PodIP:,StartTime:<nil>,ContainerStatuses:[]ContainerStatus{},QOSClass:,InitContainerStatuses:[]ContainerStatus{ContainerStatus{Name:cOnTaInEr_NaMe,State:ContainerState{Waiting:nil,Running:nil,Terminated:nil,},LastTerminationState:ContainerState{Waiting:nil,Running:nil,Terminated:nil,},Ready:false,RestartCount:0,Image:,ImageID:,ContainerID:test://cOnTaInEr_Id,Started:*false,AllocatedResources:ResourceList{},Resources:nil,VolumeMounts:[]VolumeMountStatus{},User:nil,AllocatedResourcesStatus:[]ResourceStatus{},StopSignal:nil,},},NominatedNodeName:,PodIPs:[]PodIP{},EphemeralContainerStatuses:[]ContainerStatus{},Resize:,ResourceClaimStatuses:[]PodResourceClaimStatus{},HostIPs:[]HostIP{},ObservedGeneration:0,}"
I0718 18:34:25.006143   50478 worker.go:266] Non-running container probed, pod=test-namespace/test-pod, containerName=cOnTaInEr_NaMe
    worker_test.go:295: [Startup-7] Expected result: Success but got UNKNOWN
I0718 18:34:25.006168   50478 worker_test.go:250] "TestDoProbe" probeType="Startup" testIndex=8 podStatus="&PodStatus{Phase:Running,Conditions:[]PodCondition{},Message:,Reason:,HostIP:,PodIP:,StartTime:<nil>,ContainerStatuses:[]ContainerStatus{},QOSClass:,InitContainerStatuses:[]ContainerStatus{ContainerStatus{Name:cOnTaInEr_NaMe,State:ContainerState{Waiting:nil,Running:nil,Terminated:&ContainerStateTerminated{ExitCode:0,Signal:0,Reason:,Message:,StartedAt:2025-07-18 18:34:25.005859 +0530 IST m=+0.024798417,FinishedAt:0001-01-01 00:00:00 +0000 UTC,ContainerID:,},},LastTerminationState:ContainerState{Waiting:nil,Running:nil,Terminated:nil,},Ready:false,RestartCount:0,Image:,ImageID:,ContainerID:test://cOnTaInEr_Id,Started:nil,AllocatedResources:ResourceList{},Resources:nil,VolumeMounts:[]VolumeMountStatus{},User:nil,AllocatedResourcesStatus:[]ResourceStatus{},StopSignal:nil,},},NominatedNodeName:,PodIPs:[]PodIP{},EphemeralContainerStatuses:[]ContainerStatus{},Resize:,ResourceClaimStatuses:[]PodResourceClaimStatus{},HostIPs:[]HostIP{},ObservedGeneration:0,}"
I0718 18:34:25.006176   50478 worker.go:266] Non-running container probed, pod=test-namespace/test-pod, containerName=cOnTaInEr_NaMe
    worker_test.go:288: [Startup-8] Expected continue to be false but got true
I0718 18:34:25.006199   50478 worker_test.go:250] "TestDoProbe" probeType="Startup" testIndex=9 podStatus="&PodStatus{Phase:Running,Conditions:[]PodCondition{},Message:,Reason:,HostIP:,PodIP:,StartTime:<nil>,ContainerStatuses:[]ContainerStatus{},QOSClass:,InitContainerStatuses:[]ContainerStatus{ContainerStatus{Name:cOnTaInEr_NaMe,State:ContainerState{Waiting:nil,Running:&ContainerStateRunning{StartedAt:2025-07-18 18:34:25.005859 +0530 IST m=+0.024798709,},Terminated:nil,},LastTerminationState:ContainerState{Waiting:nil,Running:nil,Terminated:nil,},Ready:false,RestartCount:0,Image:,ImageID:,ContainerID:test://cOnTaInEr_Id,Started:*true,AllocatedResources:ResourceList{},Resources:nil,VolumeMounts:[]VolumeMountStatus{},User:nil,AllocatedResourcesStatus:[]ResourceStatus{},StopSignal:nil,},},NominatedNodeName:,PodIPs:[]PodIP{},EphemeralContainerStatuses:[]ContainerStatus{},Resize:,ResourceClaimStatuses:[]PodResourceClaimStatus{},HostIPs:[]HostIP{},ObservedGeneration:0,}"
I0718 18:34:25.006207   50478 worker.go:292] Startup probe stopped, container started, pod=test-namespace/test-pod, containerName=cOnTaInEr_NaMe
    worker_test.go:288: [Startup-9] Expected continue to be true but got false
--- FAIL: TestDoProbe (0.00s)
=== RUN   TestDoProbe
I0718 18:34:25.006301   50478 worker_test.go:250] "TestDoProbe" probeType="Liveness" testIndex=0 podStatus="&PodStatus{Phase:Running,Conditions:[]PodCondition{},Message:,Reason:,HostIP:,PodIP:,StartTime:<nil>,ContainerStatuses:[]ContainerStatus{},QOSClass:,InitContainerStatuses:[]ContainerStatus{ContainerStatus{Name:cOnTaInEr_NaMe,State:ContainerState{Waiting:nil,Running:&ContainerStateRunning{StartedAt:2025-07-18 18:34:25.006274 +0530 IST m=+0.025213667,},Terminated:nil,},LastTerminationState:ContainerState{Waiting:nil,Running:nil,Terminated:nil,},Ready:false,RestartCount:0,Image:,ImageID:,ContainerID:test://cOnTaInEr_Id,Started:*true,AllocatedResources:ResourceList{},Resources:nil,VolumeMounts:[]VolumeMountStatus{},User:nil,AllocatedResourcesStatus:[]ResourceStatus{},StopSignal:nil,},},NominatedNodeName:,PodIPs:[]PodIP{},EphemeralContainerStatuses:[]ContainerStatus{},Resize:,ResourceClaimStatuses:[]PodResourceClaimStatus{},HostIPs:[]HostIP{},ObservedGeneration:0,}"
I0718 18:34:25.006310   50478 prober.go:153] "Exec-Probe runProbe" pod="test-namespace/test-pod" containerName="cOnTaInEr_NaMe" execCommand=["/bin/true"]
I0718 18:34:25.006314   50478 prober.go:111] "Probe succeeded" probeType="Liveness" pod="test-namespace/test-pod" podUID="pOd_UiD" containerName="cOnTaInEr_NaMe"
I0718 18:34:25.006319   50478 worker.go:306] Debug probe, pod=test-namespace/test-pod, containerName=cOnTaInEr_NaMe, probeType=Liveness, result=Success, err=<nil>
I0718 18:34:25.006337   50478 worker_test.go:250] "TestDoProbe" probeType="Liveness" testIndex=1 podStatus="&PodStatus{Phase:Failed,Conditions:[]PodCondition{},Message:,Reason:,HostIP:,PodIP:,StartTime:<nil>,ContainerStatuses:[]ContainerStatus{},QOSClass:,InitContainerStatuses:[]ContainerStatus{ContainerStatus{Name:cOnTaInEr_NaMe,State:ContainerState{Waiting:nil,Running:&ContainerStateRunning{StartedAt:2025-07-18 18:34:25.006275 +0530 IST m=+0.025214917,},Terminated:nil,},LastTerminationState:ContainerState{Waiting:nil,Running:nil,Terminated:nil,},Ready:false,RestartCount:0,Image:,ImageID:,ContainerID:test://cOnTaInEr_Id,Started:*true,AllocatedResources:ResourceList{},Resources:nil,VolumeMounts:[]VolumeMountStatus{},User:nil,AllocatedResourcesStatus:[]ResourceStatus{},StopSignal:nil,},},NominatedNodeName:,PodIPs:[]PodIP{},EphemeralContainerStatuses:[]ContainerStatus{},Resize:,ResourceClaimStatuses:[]PodResourceClaimStatus{},HostIPs:[]HostIP{},ObservedGeneration:0,}"
I0718 18:34:25.006343   50478 worker.go:217] Pod is terminated, exiting probe worker, pod=test-namespace/test-pod, phase=Failed
I0718 18:34:25.006361   50478 worker_test.go:250] "TestDoProbe" probeType="Liveness" testIndex=2 podStatus="&PodStatus{Phase:Running,Conditions:[]PodCondition{},Message:,Reason:,HostIP:,PodIP:,StartTime:<nil>,ContainerStatuses:[]ContainerStatus{},QOSClass:,InitContainerStatuses:[]ContainerStatus{ContainerStatus{Name:cOnTaInEr_NaMe,State:ContainerState{Waiting:nil,Running:&ContainerStateRunning{StartedAt:2025-07-18 18:34:25.006274 +0530 IST m=+0.025213667,},Terminated:nil,},LastTerminationState:ContainerState{Waiting:nil,Running:nil,Terminated:nil,},Ready:false,RestartCount:0,Image:,ImageID:,ContainerID:test://cOnTaInEr_Id,Started:*true,AllocatedResources:ResourceList{},Resources:nil,VolumeMounts:[]VolumeMountStatus{},User:nil,AllocatedResourcesStatus:[]ResourceStatus{},StopSignal:nil,},},NominatedNodeName:,PodIPs:[]PodIP{},EphemeralContainerStatuses:[]ContainerStatus{},Resize:,ResourceClaimStatuses:[]PodResourceClaimStatus{},HostIPs:[]HostIP{},ObservedGeneration:0,}"
I0718 18:34:25.006368   50478 worker.go:254] Pod deletion requested, setting probe result to success, probeType=Liveness, pod=test-namespace/test-pod, containerName=cOnTaInEr_NaMe
I0718 18:34:25.006386   50478 worker_test.go:250] "TestDoProbe" probeType="Liveness" testIndex=3 podStatus="&PodStatus{Phase:Running,Conditions:[]PodCondition{},Message:,Reason:,HostIP:,PodIP:,StartTime:<nil>,ContainerStatuses:[]ContainerStatus{},QOSClass:,InitContainerStatuses:[]ContainerStatus{ContainerStatus{Name:otherContainer,State:ContainerState{Waiting:nil,Running:&ContainerStateRunning{StartedAt:2025-07-18 18:34:25.006275 +0530 IST m=+0.025214667,},Terminated:nil,},LastTerminationState:ContainerState{Waiting:nil,Running:nil,Terminated:nil,},Ready:false,RestartCount:0,Image:,ImageID:,ContainerID:test://cOnTaInEr_Id,Started:*true,AllocatedResources:ResourceList{},Resources:nil,VolumeMounts:[]VolumeMountStatus{},User:nil,AllocatedResourcesStatus:[]ResourceStatus{},StopSignal:nil,},},NominatedNodeName:,PodIPs:[]PodIP{},EphemeralContainerStatuses:[]ContainerStatus{},Resize:,ResourceClaimStatuses:[]PodResourceClaimStatus{},HostIPs:[]HostIP{},ObservedGeneration:0,}"
I0718 18:34:25.006394   50478 worker.go:230] Probe target container not found, pod=test-namespace/test-pod, containerName=cOnTaInEr_NaMe
I0718 18:34:25.006412   50478 worker_test.go:250] "TestDoProbe" probeType="Liveness" testIndex=4 podStatus="&PodStatus{Phase:Running,Conditions:[]PodCondition{},Message:,Reason:,HostIP:,PodIP:,StartTime:<nil>,ContainerStatuses:[]ContainerStatus{},QOSClass:,InitContainerStatuses:[]ContainerStatus{ContainerStatus{Name:cOnTaInEr_NaMe,State:ContainerState{Waiting:nil,Running:nil,Terminated:nil,},LastTerminationState:ContainerState{Waiting:nil,Running:nil,Terminated:nil,},Ready:false,RestartCount:0,Image:,ImageID:,ContainerID:test://cOnTaInEr_Id,Started:*true,AllocatedResources:ResourceList{},Resources:nil,VolumeMounts:[]VolumeMountStatus{},User:nil,AllocatedResourcesStatus:[]ResourceStatus{},StopSignal:nil,},},NominatedNodeName:,PodIPs:[]PodIP{},EphemeralContainerStatuses:[]ContainerStatus{},Resize:,ResourceClaimStatuses:[]PodResourceClaimStatus{},HostIPs:[]HostIP{},ObservedGeneration:0,}"
I0718 18:34:25.006419   50478 worker.go:266] Non-running container probed, pod=test-namespace/test-pod, containerName=cOnTaInEr_NaMe
    worker_test.go:288: [Liveness-4] Expected continue to be true but got false
I0718 18:34:25.006444   50478 worker_test.go:250] "TestDoProbe" probeType="Liveness" testIndex=5 podStatus="&PodStatus{Phase:Running,Conditions:[]PodCondition{},Message:,Reason:,HostIP:,PodIP:,StartTime:<nil>,ContainerStatuses:[]ContainerStatus{},QOSClass:,InitContainerStatuses:[]ContainerStatus{ContainerStatus{Name:cOnTaInEr_NaMe,State:ContainerState{Waiting:nil,Running:nil,Terminated:&ContainerStateTerminated{ExitCode:0,Signal:0,Reason:,Message:,StartedAt:2025-07-18 18:34:25.006275 +0530 IST m=+0.025214417,FinishedAt:0001-01-01 00:00:00 +0000 UTC,ContainerID:,},},LastTerminationState:ContainerState{Waiting:nil,Running:nil,Terminated:nil,},Ready:false,RestartCount:0,Image:,ImageID:,ContainerID:test://cOnTaInEr_Id,Started:*true,AllocatedResources:ResourceList{},Resources:nil,VolumeMounts:[]VolumeMountStatus{},User:nil,AllocatedResourcesStatus:[]ResourceStatus{},StopSignal:nil,},},NominatedNodeName:,PodIPs:[]PodIP{},EphemeralContainerStatuses:[]ContainerStatus{},Resize:,ResourceClaimStatuses:[]PodResourceClaimStatus{},HostIPs:[]HostIP{},ObservedGeneration:0,}"
I0718 18:34:25.006452   50478 worker.go:266] Non-running container probed, pod=test-namespace/test-pod, containerName=cOnTaInEr_NaMe
    worker_test.go:288: [Liveness-5] Expected continue to be false but got true
I0718 18:34:25.006475   50478 worker_test.go:250] "TestDoProbe" probeType="Liveness" testIndex=6 podStatus="&PodStatus{Phase:Running,Conditions:[]PodCondition{},Message:,Reason:,HostIP:,PodIP:,StartTime:<nil>,ContainerStatuses:[]ContainerStatus{},QOSClass:,InitContainerStatuses:[]ContainerStatus{ContainerStatus{Name:cOnTaInEr_NaMe,State:ContainerState{Waiting:nil,Running:&ContainerStateRunning{StartedAt:2025-07-18 18:34:25.006274 +0530 IST m=+0.025213667,},Terminated:nil,},LastTerminationState:ContainerState{Waiting:nil,Running:nil,Terminated:nil,},Ready:false,RestartCount:0,Image:,ImageID:,ContainerID:test://cOnTaInEr_Id,Started:*true,AllocatedResources:ResourceList{},Resources:nil,VolumeMounts:[]VolumeMountStatus{},User:nil,AllocatedResourcesStatus:[]ResourceStatus{},StopSignal:nil,},},NominatedNodeName:,PodIPs:[]PodIP{},EphemeralContainerStatuses:[]ContainerStatus{},Resize:,ResourceClaimStatuses:[]PodResourceClaimStatus{},HostIPs:[]HostIP{},ObservedGeneration:0,}"
I0718 18:34:25.006488   50478 prober.go:153] "Exec-Probe runProbe" pod="test-namespace/test-pod" containerName="cOnTaInEr_NaMe" execCommand=["/bin/true"]
I0718 18:34:25.006492   50478 prober.go:111] "Probe succeeded" probeType="Liveness" pod="test-namespace/test-pod" podUID="pOd_UiD" containerName="cOnTaInEr_NaMe"
I0718 18:34:25.006496   50478 worker.go:306] Debug probe, pod=test-namespace/test-pod, containerName=cOnTaInEr_NaMe, probeType=Liveness, result=Success, err=<nil>
I0718 18:34:25.006515   50478 worker_test.go:250] "TestDoProbe" probeType="Liveness" testIndex=7 podStatus="&PodStatus{Phase:Running,Conditions:[]PodCondition{},Message:,Reason:,HostIP:,PodIP:,StartTime:<nil>,ContainerStatuses:[]ContainerStatus{},QOSClass:,InitContainerStatuses:[]ContainerStatus{ContainerStatus{Name:cOnTaInEr_NaMe,State:ContainerState{Waiting:nil,Running:&ContainerStateRunning{StartedAt:2025-07-18 18:34:25.006274 +0530 IST m=+0.025213667,},Terminated:nil,},LastTerminationState:ContainerState{Waiting:nil,Running:nil,Terminated:nil,},Ready:false,RestartCount:0,Image:,ImageID:,ContainerID:test://cOnTaInEr_Id,Started:*true,AllocatedResources:ResourceList{},Resources:nil,VolumeMounts:[]VolumeMountStatus{},User:nil,AllocatedResourcesStatus:[]ResourceStatus{},StopSignal:nil,},},NominatedNodeName:,PodIPs:[]PodIP{},EphemeralContainerStatuses:[]ContainerStatus{},Resize:,ResourceClaimStatuses:[]PodResourceClaimStatus{},HostIPs:[]HostIP{},ObservedGeneration:0,}"
I0718 18:34:25.006523   50478 prober.go:153] "Exec-Probe runProbe" pod="test-namespace/test-pod" containerName="cOnTaInEr_NaMe" execCommand=["/bin/true"]
I0718 18:34:25.006527   50478 prober.go:111] "Probe succeeded" probeType="Liveness" pod="test-namespace/test-pod" podUID="pOd_UiD" containerName="cOnTaInEr_NaMe"
I0718 18:34:25.006531   50478 worker.go:306] Debug probe, pod=test-namespace/test-pod, containerName=cOnTaInEr_NaMe, probeType=Liveness, result=Success, err=<nil>
I0718 18:34:25.006551   50478 worker_test.go:250] "TestDoProbe" probeType="Liveness" testIndex=8 podStatus="&PodStatus{Phase:Running,Conditions:[]PodCondition{},Message:,Reason:,HostIP:,PodIP:,StartTime:<nil>,ContainerStatuses:[]ContainerStatus{},QOSClass:,InitContainerStatuses:[]ContainerStatus{ContainerStatus{Name:cOnTaInEr_NaMe,State:ContainerState{Waiting:nil,Running:nil,Terminated:&ContainerStateTerminated{ExitCode:0,Signal:0,Reason:,Message:,StartedAt:2025-07-18 18:34:25.006276 +0530 IST m=+0.025215917,FinishedAt:0001-01-01 00:00:00 +0000 UTC,ContainerID:,},},LastTerminationState:ContainerState{Waiting:nil,Running:nil,Terminated:nil,},Ready:false,RestartCount:0,Image:,ImageID:,ContainerID:test://cOnTaInEr_Id,Started:nil,AllocatedResources:ResourceList{},Resources:nil,VolumeMounts:[]VolumeMountStatus{},User:nil,AllocatedResourcesStatus:[]ResourceStatus{},StopSignal:nil,},},NominatedNodeName:,PodIPs:[]PodIP{},EphemeralContainerStatuses:[]ContainerStatus{},Resize:,ResourceClaimStatuses:[]PodResourceClaimStatus{},HostIPs:[]HostIP{},ObservedGeneration:0,}"
I0718 18:34:25.006559   50478 worker.go:266] Non-running container probed, pod=test-namespace/test-pod, containerName=cOnTaInEr_NaMe
    worker_test.go:288: [Liveness-8] Expected continue to be false but got true
I0718 18:34:25.006581   50478 worker_test.go:250] "TestDoProbe" probeType="Liveness" testIndex=9 podStatus="&PodStatus{Phase:Running,Conditions:[]PodCondition{},Message:,Reason:,HostIP:,PodIP:,StartTime:<nil>,ContainerStatuses:[]ContainerStatus{},QOSClass:,InitContainerStatuses:[]ContainerStatus{ContainerStatus{Name:cOnTaInEr_NaMe,State:ContainerState{Waiting:nil,Running:&ContainerStateRunning{StartedAt:2025-07-18 18:34:25.006276 +0530 IST m=+0.025216126,},Terminated:nil,},LastTerminationState:ContainerState{Waiting:nil,Running:nil,Terminated:nil,},Ready:false,RestartCount:0,Image:,ImageID:,ContainerID:test://cOnTaInEr_Id,Started:*true,AllocatedResources:ResourceList{},Resources:nil,VolumeMounts:[]VolumeMountStatus{},User:nil,AllocatedResourcesStatus:[]ResourceStatus{},StopSignal:nil,},},NominatedNodeName:,PodIPs:[]PodIP{},EphemeralContainerStatuses:[]ContainerStatus{},Resize:,ResourceClaimStatuses:[]PodResourceClaimStatus{},HostIPs:[]HostIP{},ObservedGeneration:0,}"
I0718 18:34:25.006589   50478 prober.go:153] "Exec-Probe runProbe" pod="test-namespace/test-pod" containerName="cOnTaInEr_NaMe" execCommand=["/bin/true"]
I0718 18:34:25.006593   50478 prober.go:111] "Probe succeeded" probeType="Liveness" pod="test-namespace/test-pod" podUID="pOd_UiD" containerName="cOnTaInEr_NaMe"
I0718 18:34:25.006597   50478 worker.go:306] Debug probe, pod=test-namespace/test-pod, containerName=cOnTaInEr_NaMe, probeType=Liveness, result=Success, err=<nil>
I0718 18:34:25.006620   50478 worker_test.go:250] "TestDoProbe" probeType="Readiness" testIndex=0 podStatus="&PodStatus{Phase:Running,Conditions:[]PodCondition{},Message:,Reason:,HostIP:,PodIP:,StartTime:<nil>,ContainerStatuses:[]ContainerStatus{},QOSClass:,InitContainerStatuses:[]ContainerStatus{ContainerStatus{Name:cOnTaInEr_NaMe,State:ContainerState{Waiting:nil,Running:&ContainerStateRunning{StartedAt:2025-07-18 18:34:25.006599 +0530 IST m=+0.025538542,},Terminated:nil,},LastTerminationState:ContainerState{Waiting:nil,Running:nil,Terminated:nil,},Ready:false,RestartCount:0,Image:,ImageID:,ContainerID:test://cOnTaInEr_Id,Started:*true,AllocatedResources:ResourceList{},Resources:nil,VolumeMounts:[]VolumeMountStatus{},User:nil,AllocatedResourcesStatus:[]ResourceStatus{},StopSignal:nil,},},NominatedNodeName:,PodIPs:[]PodIP{},EphemeralContainerStatuses:[]ContainerStatus{},Resize:,ResourceClaimStatuses:[]PodResourceClaimStatus{},HostIPs:[]HostIP{},ObservedGeneration:0,}"
I0718 18:34:25.006629   50478 prober.go:153] "Exec-Probe runProbe" pod="test-namespace/test-pod" containerName="cOnTaInEr_NaMe" execCommand=["/bin/true"]
I0718 18:34:25.006632   50478 prober.go:111] "Probe succeeded" probeType="Readiness" pod="test-namespace/test-pod" podUID="pOd_UiD" containerName="cOnTaInEr_NaMe"
I0718 18:34:25.006637   50478 worker.go:306] Debug probe, pod=test-namespace/test-pod, containerName=cOnTaInEr_NaMe, probeType=Readiness, result=Success, err=<nil>
I0718 18:34:25.006656   50478 worker_test.go:250] "TestDoProbe" probeType="Readiness" testIndex=1 podStatus="&PodStatus{Phase:Failed,Conditions:[]PodCondition{},Message:,Reason:,HostIP:,PodIP:,StartTime:<nil>,ContainerStatuses:[]ContainerStatus{},QOSClass:,InitContainerStatuses:[]ContainerStatus{ContainerStatus{Name:cOnTaInEr_NaMe,State:ContainerState{Waiting:nil,Running:&ContainerStateRunning{StartedAt:2025-07-18 18:34:25.0066 +0530 IST m=+0.025540001,},Terminated:nil,},LastTerminationState:ContainerState{Waiting:nil,Running:nil,Terminated:nil,},Ready:false,RestartCount:0,Image:,ImageID:,ContainerID:test://cOnTaInEr_Id,Started:*true,AllocatedResources:ResourceList{},Resources:nil,VolumeMounts:[]VolumeMountStatus{},User:nil,AllocatedResourcesStatus:[]ResourceStatus{},StopSignal:nil,},},NominatedNodeName:,PodIPs:[]PodIP{},EphemeralContainerStatuses:[]ContainerStatus{},Resize:,ResourceClaimStatuses:[]PodResourceClaimStatus{},HostIPs:[]HostIP{},ObservedGeneration:0,}"
I0718 18:34:25.006661   50478 worker.go:217] Pod is terminated, exiting probe worker, pod=test-namespace/test-pod, phase=Failed
I0718 18:34:25.006679   50478 worker_test.go:250] "TestDoProbe" probeType="Readiness" testIndex=2 podStatus="&PodStatus{Phase:Running,Conditions:[]PodCondition{},Message:,Reason:,HostIP:,PodIP:,StartTime:<nil>,ContainerStatuses:[]ContainerStatus{},QOSClass:,InitContainerStatuses:[]ContainerStatus{ContainerStatus{Name:cOnTaInEr_NaMe,State:ContainerState{Waiting:nil,Running:&ContainerStateRunning{StartedAt:2025-07-18 18:34:25.006599 +0530 IST m=+0.025538542,},Terminated:nil,},LastTerminationState:ContainerState{Waiting:nil,Running:nil,Terminated:nil,},Ready:false,RestartCount:0,Image:,ImageID:,ContainerID:test://cOnTaInEr_Id,Started:*true,AllocatedResources:ResourceList{},Resources:nil,VolumeMounts:[]VolumeMountStatus{},User:nil,AllocatedResourcesStatus:[]ResourceStatus{},StopSignal:nil,},},NominatedNodeName:,PodIPs:[]PodIP{},EphemeralContainerStatuses:[]ContainerStatus{},Resize:,ResourceClaimStatuses:[]PodResourceClaimStatus{},HostIPs:[]HostIP{},ObservedGeneration:0,}"
I0718 18:34:25.006688   50478 prober.go:153] "Exec-Probe runProbe" pod="test-namespace/test-pod" containerName="cOnTaInEr_NaMe" execCommand=["/bin/true"]
I0718 18:34:25.006691   50478 prober.go:111] "Probe succeeded" probeType="Readiness" pod="test-namespace/test-pod" podUID="pOd_UiD" containerName="cOnTaInEr_NaMe"
I0718 18:34:25.006696   50478 worker.go:306] Debug probe, pod=test-namespace/test-pod, containerName=cOnTaInEr_NaMe, probeType=Readiness, result=Success, err=<nil>
I0718 18:34:25.006715   50478 worker_test.go:250] "TestDoProbe" probeType="Readiness" testIndex=3 podStatus="&PodStatus{Phase:Running,Conditions:[]PodCondition{},Message:,Reason:,HostIP:,PodIP:,StartTime:<nil>,ContainerStatuses:[]ContainerStatus{},QOSClass:,InitContainerStatuses:[]ContainerStatus{ContainerStatus{Name:otherContainer,State:ContainerState{Waiting:nil,Running:&ContainerStateRunning{StartedAt:2025-07-18 18:34:25.0066 +0530 IST m=+0.025539709,},Terminated:nil,},LastTerminationState:ContainerState{Waiting:nil,Running:nil,Terminated:nil,},Ready:false,RestartCount:0,Image:,ImageID:,ContainerID:test://cOnTaInEr_Id,Started:*true,AllocatedResources:ResourceList{},Resources:nil,VolumeMounts:[]VolumeMountStatus{},User:nil,AllocatedResourcesStatus:[]ResourceStatus{},StopSignal:nil,},},NominatedNodeName:,PodIPs:[]PodIP{},EphemeralContainerStatuses:[]ContainerStatus{},Resize:,ResourceClaimStatuses:[]PodResourceClaimStatus{},HostIPs:[]HostIP{},ObservedGeneration:0,}"
I0718 18:34:25.006725   50478 worker.go:230] Probe target container not found, pod=test-namespace/test-pod, containerName=cOnTaInEr_NaMe
I0718 18:34:25.006743   50478 worker_test.go:250] "TestDoProbe" probeType="Readiness" testIndex=4 podStatus="&PodStatus{Phase:Running,Conditions:[]PodCondition{},Message:,Reason:,HostIP:,PodIP:,StartTime:<nil>,ContainerStatuses:[]ContainerStatus{},QOSClass:,InitContainerStatuses:[]ContainerStatus{ContainerStatus{Name:cOnTaInEr_NaMe,State:ContainerState{Waiting:nil,Running:nil,Terminated:nil,},LastTerminationState:ContainerState{Waiting:nil,Running:nil,Terminated:nil,},Ready:false,RestartCount:0,Image:,ImageID:,ContainerID:test://cOnTaInEr_Id,Started:*true,AllocatedResources:ResourceList{},Resources:nil,VolumeMounts:[]VolumeMountStatus{},User:nil,AllocatedResourcesStatus:[]ResourceStatus{},StopSignal:nil,},},NominatedNodeName:,PodIPs:[]PodIP{},EphemeralContainerStatuses:[]ContainerStatus{},Resize:,ResourceClaimStatuses:[]PodResourceClaimStatus{},HostIPs:[]HostIP{},ObservedGeneration:0,}"
I0718 18:34:25.006751   50478 worker.go:266] Non-running container probed, pod=test-namespace/test-pod, containerName=cOnTaInEr_NaMe
I0718 18:34:25.006771   50478 worker_test.go:250] "TestDoProbe" probeType="Readiness" testIndex=5 podStatus="&PodStatus{Phase:Running,Conditions:[]PodCondition{},Message:,Reason:,HostIP:,PodIP:,StartTime:<nil>,ContainerStatuses:[]ContainerStatus{},QOSClass:,InitContainerStatuses:[]ContainerStatus{ContainerStatus{Name:cOnTaInEr_NaMe,State:ContainerState{Waiting:nil,Running:nil,Terminated:&ContainerStateTerminated{ExitCode:0,Signal:0,Reason:,Message:,StartedAt:2025-07-18 18:34:25.0066 +0530 IST m=+0.025539542,FinishedAt:0001-01-01 00:00:00 +0000 UTC,ContainerID:,},},LastTerminationState:ContainerState{Waiting:nil,Running:nil,Terminated:nil,},Ready:false,RestartCount:0,Image:,ImageID:,ContainerID:test://cOnTaInEr_Id,Started:*true,AllocatedResources:ResourceList{},Resources:nil,VolumeMounts:[]VolumeMountStatus{},User:nil,AllocatedResourcesStatus:[]ResourceStatus{},StopSignal:nil,},},NominatedNodeName:,PodIPs:[]PodIP{},EphemeralContainerStatuses:[]ContainerStatus{},Resize:,ResourceClaimStatuses:[]PodResourceClaimStatus{},HostIPs:[]HostIP{},ObservedGeneration:0,}"
I0718 18:34:25.006778   50478 worker.go:266] Non-running container probed, pod=test-namespace/test-pod, containerName=cOnTaInEr_NaMe
    worker_test.go:288: [Readiness-5] Expected continue to be false but got true
I0718 18:34:25.006800   50478 worker_test.go:250] "TestDoProbe" probeType="Readiness" testIndex=6 podStatus="&PodStatus{Phase:Running,Conditions:[]PodCondition{},Message:,Reason:,HostIP:,PodIP:,StartTime:<nil>,ContainerStatuses:[]ContainerStatus{},QOSClass:,InitContainerStatuses:[]ContainerStatus{ContainerStatus{Name:cOnTaInEr_NaMe,State:ContainerState{Waiting:nil,Running:&ContainerStateRunning{StartedAt:2025-07-18 18:34:25.006599 +0530 IST m=+0.025538542,},Terminated:nil,},LastTerminationState:ContainerState{Waiting:nil,Running:nil,Terminated:nil,},Ready:false,RestartCount:0,Image:,ImageID:,ContainerID:test://cOnTaInEr_Id,Started:*true,AllocatedResources:ResourceList{},Resources:nil,VolumeMounts:[]VolumeMountStatus{},User:nil,AllocatedResourcesStatus:[]ResourceStatus{},StopSignal:nil,},},NominatedNodeName:,PodIPs:[]PodIP{},EphemeralContainerStatuses:[]ContainerStatus{},Resize:,ResourceClaimStatuses:[]PodResourceClaimStatus{},HostIPs:[]HostIP{},ObservedGeneration:0,}"
I0718 18:34:25.006808   50478 prober.go:153] "Exec-Probe runProbe" pod="test-namespace/test-pod" containerName="cOnTaInEr_NaMe" execCommand=["/bin/true"]
I0718 18:34:25.006812   50478 prober.go:111] "Probe succeeded" probeType="Readiness" pod="test-namespace/test-pod" podUID="pOd_UiD" containerName="cOnTaInEr_NaMe"
I0718 18:34:25.006817   50478 worker.go:306] Debug probe, pod=test-namespace/test-pod, containerName=cOnTaInEr_NaMe, probeType=Readiness, result=Success, err=<nil>
I0718 18:34:25.006836   50478 worker_test.go:250] "TestDoProbe" probeType="Readiness" testIndex=7 podStatus="&PodStatus{Phase:Running,Conditions:[]PodCondition{},Message:,Reason:,HostIP:,PodIP:,StartTime:<nil>,ContainerStatuses:[]ContainerStatus{},QOSClass:,InitContainerStatuses:[]ContainerStatus{ContainerStatus{Name:cOnTaInEr_NaMe,State:ContainerState{Waiting:nil,Running:&ContainerStateRunning{StartedAt:2025-07-18 18:34:25.006599 +0530 IST m=+0.025538542,},Terminated:nil,},LastTerminationState:ContainerState{Waiting:nil,Running:nil,Terminated:nil,},Ready:false,RestartCount:0,Image:,ImageID:,ContainerID:test://cOnTaInEr_Id,Started:*true,AllocatedResources:ResourceList{},Resources:nil,VolumeMounts:[]VolumeMountStatus{},User:nil,AllocatedResourcesStatus:[]ResourceStatus{},StopSignal:nil,},},NominatedNodeName:,PodIPs:[]PodIP{},EphemeralContainerStatuses:[]ContainerStatus{},Resize:,ResourceClaimStatuses:[]PodResourceClaimStatus{},HostIPs:[]HostIP{},ObservedGeneration:0,}"
I0718 18:34:25.006845   50478 prober.go:153] "Exec-Probe runProbe" pod="test-namespace/test-pod" containerName="cOnTaInEr_NaMe" execCommand=["/bin/true"]
I0718 18:34:25.006848   50478 prober.go:111] "Probe succeeded" probeType="Readiness" pod="test-namespace/test-pod" podUID="pOd_UiD" containerName="cOnTaInEr_NaMe"
I0718 18:34:25.006853   50478 worker.go:306] Debug probe, pod=test-namespace/test-pod, containerName=cOnTaInEr_NaMe, probeType=Readiness, result=Success, err=<nil>
I0718 18:34:25.006874   50478 worker_test.go:250] "TestDoProbe" probeType="Readiness" testIndex=8 podStatus="&PodStatus{Phase:Running,Conditions:[]PodCondition{},Message:,Reason:,HostIP:,PodIP:,StartTime:<nil>,ContainerStatuses:[]ContainerStatus{},QOSClass:,InitContainerStatuses:[]ContainerStatus{ContainerStatus{Name:cOnTaInEr_NaMe,State:ContainerState{Waiting:nil,Running:nil,Terminated:&ContainerStateTerminated{ExitCode:0,Signal:0,Reason:,Message:,StartedAt:2025-07-18 18:34:25.006601 +0530 IST m=+0.025540917,FinishedAt:0001-01-01 00:00:00 +0000 UTC,ContainerID:,},},LastTerminationState:ContainerState{Waiting:nil,Running:nil,Terminated:nil,},Ready:false,RestartCount:0,Image:,ImageID:,ContainerID:test://cOnTaInEr_Id,Started:nil,AllocatedResources:ResourceList{},Resources:nil,VolumeMounts:[]VolumeMountStatus{},User:nil,AllocatedResourcesStatus:[]ResourceStatus{},StopSignal:nil,},},NominatedNodeName:,PodIPs:[]PodIP{},EphemeralContainerStatuses:[]ContainerStatus{},Resize:,ResourceClaimStatuses:[]PodResourceClaimStatus{},HostIPs:[]HostIP{},ObservedGeneration:0,}"
I0718 18:34:25.006881   50478 worker.go:266] Non-running container probed, pod=test-namespace/test-pod, containerName=cOnTaInEr_NaMe
    worker_test.go:288: [Readiness-8] Expected continue to be false but got true
I0718 18:34:25.006903   50478 worker_test.go:250] "TestDoProbe" probeType="Readiness" testIndex=9 podStatus="&PodStatus{Phase:Running,Conditions:[]PodCondition{},Message:,Reason:,HostIP:,PodIP:,StartTime:<nil>,ContainerStatuses:[]ContainerStatus{},QOSClass:,InitContainerStatuses:[]ContainerStatus{ContainerStatus{Name:cOnTaInEr_NaMe,State:ContainerState{Waiting:nil,Running:&ContainerStateRunning{StartedAt:2025-07-18 18:34:25.006601 +0530 IST m=+0.025541126,},Terminated:nil,},LastTerminationState:ContainerState{Waiting:nil,Running:nil,Terminated:nil,},Ready:false,RestartCount:0,Image:,ImageID:,ContainerID:test://cOnTaInEr_Id,Started:*true,AllocatedResources:ResourceList{},Resources:nil,VolumeMounts:[]VolumeMountStatus{},User:nil,AllocatedResourcesStatus:[]ResourceStatus{},StopSignal:nil,},},NominatedNodeName:,PodIPs:[]PodIP{},EphemeralContainerStatuses:[]ContainerStatus{},Resize:,ResourceClaimStatuses:[]PodResourceClaimStatus{},HostIPs:[]HostIP{},ObservedGeneration:0,}"
I0718 18:34:25.006910   50478 prober.go:153] "Exec-Probe runProbe" pod="test-namespace/test-pod" containerName="cOnTaInEr_NaMe" execCommand=["/bin/true"]
I0718 18:34:25.006914   50478 prober.go:111] "Probe succeeded" probeType="Readiness" pod="test-namespace/test-pod" podUID="pOd_UiD" containerName="cOnTaInEr_NaMe"
I0718 18:34:25.006918   50478 worker.go:306] Debug probe, pod=test-namespace/test-pod, containerName=cOnTaInEr_NaMe, probeType=Readiness, result=Success, err=<nil>
I0718 18:34:25.006939   50478 worker_test.go:250] "TestDoProbe" probeType="Startup" testIndex=0 podStatus="&PodStatus{Phase:Running,Conditions:[]PodCondition{},Message:,Reason:,HostIP:,PodIP:,StartTime:<nil>,ContainerStatuses:[]ContainerStatus{},QOSClass:,InitContainerStatuses:[]ContainerStatus{ContainerStatus{Name:cOnTaInEr_NaMe,State:ContainerState{Waiting:nil,Running:nil,Terminated:nil,},LastTerminationState:ContainerState{Waiting:nil,Running:nil,Terminated:nil,},Ready:false,RestartCount:0,Image:,ImageID:,ContainerID:test://cOnTaInEr_Id,Started:*false,AllocatedResources:ResourceList{},Resources:nil,VolumeMounts:[]VolumeMountStatus{},User:nil,AllocatedResourcesStatus:[]ResourceStatus{},StopSignal:nil,},},NominatedNodeName:,PodIPs:[]PodIP{},EphemeralContainerStatuses:[]ContainerStatus{},Resize:,ResourceClaimStatuses:[]PodResourceClaimStatus{},HostIPs:[]HostIP{},ObservedGeneration:0,}"
I0718 18:34:25.006947   50478 worker.go:266] Non-running container probed, pod=test-namespace/test-pod, containerName=cOnTaInEr_NaMe
    worker_test.go:295: [Startup-0] Expected result: Success but got UNKNOWN
I0718 18:34:25.006969   50478 worker_test.go:250] "TestDoProbe" probeType="Startup" testIndex=1 podStatus="&PodStatus{Phase:Failed,Conditions:[]PodCondition{},Message:,Reason:,HostIP:,PodIP:,StartTime:<nil>,ContainerStatuses:[]ContainerStatus{},QOSClass:,InitContainerStatuses:[]ContainerStatus{ContainerStatus{Name:cOnTaInEr_NaMe,State:ContainerState{Waiting:nil,Running:nil,Terminated:nil,},LastTerminationState:ContainerState{Waiting:nil,Running:nil,Terminated:nil,},Ready:false,RestartCount:0,Image:,ImageID:,ContainerID:test://cOnTaInEr_Id,Started:*false,AllocatedResources:ResourceList{},Resources:nil,VolumeMounts:[]VolumeMountStatus{},User:nil,AllocatedResourcesStatus:[]ResourceStatus{},StopSignal:nil,},},NominatedNodeName:,PodIPs:[]PodIP{},EphemeralContainerStatuses:[]ContainerStatus{},Resize:,ResourceClaimStatuses:[]PodResourceClaimStatus{},HostIPs:[]HostIP{},ObservedGeneration:0,}"
I0718 18:34:25.006975   50478 worker.go:217] Pod is terminated, exiting probe worker, pod=test-namespace/test-pod, phase=Failed
I0718 18:34:25.006992   50478 worker_test.go:250] "TestDoProbe" probeType="Startup" testIndex=2 podStatus="&PodStatus{Phase:Running,Conditions:[]PodCondition{},Message:,Reason:,HostIP:,PodIP:,StartTime:<nil>,ContainerStatuses:[]ContainerStatus{},QOSClass:,InitContainerStatuses:[]ContainerStatus{ContainerStatus{Name:cOnTaInEr_NaMe,State:ContainerState{Waiting:nil,Running:nil,Terminated:nil,},LastTerminationState:ContainerState{Waiting:nil,Running:nil,Terminated:nil,},Ready:false,RestartCount:0,Image:,ImageID:,ContainerID:test://cOnTaInEr_Id,Started:*false,AllocatedResources:ResourceList{},Resources:nil,VolumeMounts:[]VolumeMountStatus{},User:nil,AllocatedResourcesStatus:[]ResourceStatus{},StopSignal:nil,},},NominatedNodeName:,PodIPs:[]PodIP{},EphemeralContainerStatuses:[]ContainerStatus{},Resize:,ResourceClaimStatuses:[]PodResourceClaimStatus{},HostIPs:[]HostIP{},ObservedGeneration:0,}"
I0718 18:34:25.006998   50478 worker.go:254] Pod deletion requested, setting probe result to success, probeType=Startup, pod=test-namespace/test-pod, containerName=cOnTaInEr_NaMe
I0718 18:34:25.007002   50478 worker.go:257] Pod deletion requested before container has fully started, pod=test-namespace/test-pod, containerName=cOnTaInEr_NaMe
I0718 18:34:25.007019   50478 worker_test.go:250] "TestDoProbe" probeType="Startup" testIndex=3 podStatus="&PodStatus{Phase:Running,Conditions:[]PodCondition{},Message:,Reason:,HostIP:,PodIP:,StartTime:<nil>,ContainerStatuses:[]ContainerStatus{},QOSClass:,InitContainerStatuses:[]ContainerStatus{ContainerStatus{Name:otherContainer,State:ContainerState{Waiting:nil,Running:nil,Terminated:nil,},LastTerminationState:ContainerState{Waiting:nil,Running:nil,Terminated:nil,},Ready:false,RestartCount:0,Image:,ImageID:,ContainerID:test://cOnTaInEr_Id,Started:*false,AllocatedResources:ResourceList{},Resources:nil,VolumeMounts:[]VolumeMountStatus{},User:nil,AllocatedResourcesStatus:[]ResourceStatus{},StopSignal:nil,},},NominatedNodeName:,PodIPs:[]PodIP{},EphemeralContainerStatuses:[]ContainerStatus{},Resize:,ResourceClaimStatuses:[]PodResourceClaimStatus{},HostIPs:[]HostIP{},ObservedGeneration:0,}"
I0718 18:34:25.007027   50478 worker.go:230] Probe target container not found, pod=test-namespace/test-pod, containerName=cOnTaInEr_NaMe
I0718 18:34:25.007045   50478 worker_test.go:250] "TestDoProbe" probeType="Startup" testIndex=4 podStatus="&PodStatus{Phase:Running,Conditions:[]PodCondition{},Message:,Reason:,HostIP:,PodIP:,StartTime:<nil>,ContainerStatuses:[]ContainerStatus{},QOSClass:,InitContainerStatuses:[]ContainerStatus{ContainerStatus{Name:cOnTaInEr_NaMe,State:ContainerState{Waiting:nil,Running:nil,Terminated:nil,},LastTerminationState:ContainerState{Waiting:nil,Running:nil,Terminated:nil,},Ready:false,RestartCount:0,Image:,ImageID:,ContainerID:test://cOnTaInEr_Id,Started:*false,AllocatedResources:ResourceList{},Resources:nil,VolumeMounts:[]VolumeMountStatus{},User:nil,AllocatedResourcesStatus:[]ResourceStatus{},StopSignal:nil,},},NominatedNodeName:,PodIPs:[]PodIP{},EphemeralContainerStatuses:[]ContainerStatus{},Resize:,ResourceClaimStatuses:[]PodResourceClaimStatus{},HostIPs:[]HostIP{},ObservedGeneration:0,}"
I0718 18:34:25.007053   50478 worker.go:266] Non-running container probed, pod=test-namespace/test-pod, containerName=cOnTaInEr_NaMe
    worker_test.go:295: [Startup-4] Expected result: Failure but got UNKNOWN
I0718 18:34:25.007077   50478 worker_test.go:250] "TestDoProbe" probeType="Startup" testIndex=5 podStatus="&PodStatus{Phase:Running,Conditions:[]PodCondition{},Message:,Reason:,HostIP:,PodIP:,StartTime:<nil>,ContainerStatuses:[]ContainerStatus{},QOSClass:,InitContainerStatuses:[]ContainerStatus{ContainerStatus{Name:cOnTaInEr_NaMe,State:ContainerState{Waiting:nil,Running:nil,Terminated:&ContainerStateTerminated{ExitCode:0,Signal:0,Reason:,Message:,StartedAt:2025-07-18 18:34:25.006921 +0530 IST m=+0.025860542,FinishedAt:0001-01-01 00:00:00 +0000 UTC,ContainerID:,},},LastTerminationState:ContainerState{Waiting:nil,Running:nil,Terminated:nil,},Ready:false,RestartCount:0,Image:,ImageID:,ContainerID:test://cOnTaInEr_Id,Started:*false,AllocatedResources:ResourceList{},Resources:nil,VolumeMounts:[]VolumeMountStatus{},User:nil,AllocatedResourcesStatus:[]ResourceStatus{},StopSignal:nil,},},NominatedNodeName:,PodIPs:[]PodIP{},EphemeralContainerStatuses:[]ContainerStatus{},Resize:,ResourceClaimStatuses:[]PodResourceClaimStatus{},HostIPs:[]HostIP{},ObservedGeneration:0,}"
I0718 18:34:25.007084   50478 worker.go:266] Non-running container probed, pod=test-namespace/test-pod, containerName=cOnTaInEr_NaMe
    worker_test.go:288: [Startup-5] Expected continue to be false but got true
I0718 18:34:25.007105   50478 worker_test.go:250] "TestDoProbe" probeType="Startup" testIndex=6 podStatus="&PodStatus{Phase:Running,Conditions:[]PodCondition{},Message:,Reason:,HostIP:,PodIP:,StartTime:<nil>,ContainerStatuses:[]ContainerStatus{},QOSClass:,InitContainerStatuses:[]ContainerStatus{ContainerStatus{Name:cOnTaInEr_NaMe,State:ContainerState{Waiting:nil,Running:nil,Terminated:nil,},LastTerminationState:ContainerState{Waiting:nil,Running:nil,Terminated:nil,},Ready:false,RestartCount:0,Image:,ImageID:,ContainerID:test://cOnTaInEr_Id,Started:*false,AllocatedResources:ResourceList{},Resources:nil,VolumeMounts:[]VolumeMountStatus{},User:nil,AllocatedResourcesStatus:[]ResourceStatus{},StopSignal:nil,},},NominatedNodeName:,PodIPs:[]PodIP{},EphemeralContainerStatuses:[]ContainerStatus{},Resize:,ResourceClaimStatuses:[]PodResourceClaimStatus{},HostIPs:[]HostIP{},ObservedGeneration:0,}"
I0718 18:34:25.007113   50478 worker.go:266] Non-running container probed, pod=test-namespace/test-pod, containerName=cOnTaInEr_NaMe
    worker_test.go:295: [Startup-6] Expected result: Success but got UNKNOWN
I0718 18:34:25.007135   50478 worker_test.go:250] "TestDoProbe" probeType="Startup" testIndex=7 podStatus="&PodStatus{Phase:Running,Conditions:[]PodCondition{},Message:,Reason:,HostIP:,PodIP:,StartTime:<nil>,ContainerStatuses:[]ContainerStatus{},QOSClass:,InitContainerStatuses:[]ContainerStatus{ContainerStatus{Name:cOnTaInEr_NaMe,State:ContainerState{Waiting:nil,Running:nil,Terminated:nil,},LastTerminationState:ContainerState{Waiting:nil,Running:nil,Terminated:nil,},Ready:false,RestartCount:0,Image:,ImageID:,ContainerID:test://cOnTaInEr_Id,Started:*false,AllocatedResources:ResourceList{},Resources:nil,VolumeMounts:[]VolumeMountStatus{},User:nil,AllocatedResourcesStatus:[]ResourceStatus{},StopSignal:nil,},},NominatedNodeName:,PodIPs:[]PodIP{},EphemeralContainerStatuses:[]ContainerStatus{},Resize:,ResourceClaimStatuses:[]PodResourceClaimStatus{},HostIPs:[]HostIP{},ObservedGeneration:0,}"
I0718 18:34:25.007141   50478 worker.go:266] Non-running container probed, pod=test-namespace/test-pod, containerName=cOnTaInEr_NaMe
    worker_test.go:295: [Startup-7] Expected result: Success but got UNKNOWN
I0718 18:34:25.007165   50478 worker_test.go:250] "TestDoProbe" probeType="Startup" testIndex=8 podStatus="&PodStatus{Phase:Running,Conditions:[]PodCondition{},Message:,Reason:,HostIP:,PodIP:,StartTime:<nil>,ContainerStatuses:[]ContainerStatus{},QOSClass:,InitContainerStatuses:[]ContainerStatus{ContainerStatus{Name:cOnTaInEr_NaMe,State:ContainerState{Waiting:nil,Running:nil,Terminated:&ContainerStateTerminated{ExitCode:0,Signal:0,Reason:,Message:,StartedAt:2025-07-18 18:34:25.006922 +0530 IST m=+0.025862251,FinishedAt:0001-01-01 00:00:00 +0000 UTC,ContainerID:,},},LastTerminationState:ContainerState{Waiting:nil,Running:nil,Terminated:nil,},Ready:false,RestartCount:0,Image:,ImageID:,ContainerID:test://cOnTaInEr_Id,Started:nil,AllocatedResources:ResourceList{},Resources:nil,VolumeMounts:[]VolumeMountStatus{},User:nil,AllocatedResourcesStatus:[]ResourceStatus{},StopSignal:nil,},},NominatedNodeName:,PodIPs:[]PodIP{},EphemeralContainerStatuses:[]ContainerStatus{},Resize:,ResourceClaimStatuses:[]PodResourceClaimStatus{},HostIPs:[]HostIP{},ObservedGeneration:0,}"
I0718 18:34:25.007172   50478 worker.go:266] Non-running container probed, pod=test-namespace/test-pod, containerName=cOnTaInEr_NaMe
    worker_test.go:288: [Startup-8] Expected continue to be false but got true
I0718 18:34:25.007193   50478 worker_test.go:250] "TestDoProbe" probeType="Startup" testIndex=9 podStatus="&PodStatus{Phase:Running,Conditions:[]PodCondition{},Message:,Reason:,HostIP:,PodIP:,StartTime:<nil>,ContainerStatuses:[]ContainerStatus{},QOSClass:,InitContainerStatuses:[]ContainerStatus{ContainerStatus{Name:cOnTaInEr_NaMe,State:ContainerState{Waiting:nil,Running:&ContainerStateRunning{StartedAt:2025-07-18 18:34:25.006923 +0530 IST m=+0.025862501,},Terminated:nil,},LastTerminationState:ContainerState{Waiting:nil,Running:nil,Terminated:nil,},Ready:false,RestartCount:0,Image:,ImageID:,ContainerID:test://cOnTaInEr_Id,Started:*true,AllocatedResources:ResourceList{},Resources:nil,VolumeMounts:[]VolumeMountStatus{},User:nil,AllocatedResourcesStatus:[]ResourceStatus{},StopSignal:nil,},},NominatedNodeName:,PodIPs:[]PodIP{},EphemeralContainerStatuses:[]ContainerStatus{},Resize:,ResourceClaimStatuses:[]PodResourceClaimStatus{},HostIPs:[]HostIP{},ObservedGeneration:0,}"
I0718 18:34:25.007201   50478 worker.go:292] Startup probe stopped, container started, pod=test-namespace/test-pod, containerName=cOnTaInEr_NaMe
    worker_test.go:288: [Startup-9] Expected continue to be true but got false
--- FAIL: TestDoProbe (0.00s)
=== RUN   TestDoProbe
I0718 18:34:25.007289   50478 worker_test.go:250] "TestDoProbe" probeType="Liveness" testIndex=0 podStatus="&PodStatus{Phase:Running,Conditions:[]PodCondition{},Message:,Reason:,HostIP:,PodIP:,StartTime:<nil>,ContainerStatuses:[]ContainerStatus{},QOSClass:,InitContainerStatuses:[]ContainerStatus{ContainerStatus{Name:cOnTaInEr_NaMe,State:ContainerState{Waiting:nil,Running:&ContainerStateRunning{StartedAt:2025-07-18 18:34:25.007262 +0530 IST m=+0.026201709,},Terminated:nil,},LastTerminationState:ContainerState{Waiting:nil,Running:nil,Terminated:nil,},Ready:false,RestartCount:0,Image:,ImageID:,ContainerID:test://cOnTaInEr_Id,Started:*true,AllocatedResources:ResourceList{},Resources:nil,VolumeMounts:[]VolumeMountStatus{},User:nil,AllocatedResourcesStatus:[]ResourceStatus{},StopSignal:nil,},},NominatedNodeName:,PodIPs:[]PodIP{},EphemeralContainerStatuses:[]ContainerStatus{},Resize:,ResourceClaimStatuses:[]PodResourceClaimStatus{},HostIPs:[]HostIP{},ObservedGeneration:0,}"
I0718 18:34:25.007298   50478 prober.go:153] "Exec-Probe runProbe" pod="test-namespace/test-pod" containerName="cOnTaInEr_NaMe" execCommand=["/bin/true"]
I0718 18:34:25.007302   50478 prober.go:111] "Probe succeeded" probeType="Liveness" pod="test-namespace/test-pod" podUID="pOd_UiD" containerName="cOnTaInEr_NaMe"
I0718 18:34:25.007306   50478 worker.go:306] Debug probe, pod=test-namespace/test-pod, containerName=cOnTaInEr_NaMe, probeType=Liveness, result=Success, err=<nil>
I0718 18:34:25.007324   50478 worker_test.go:250] "TestDoProbe" probeType="Liveness" testIndex=1 podStatus="&PodStatus{Phase:Failed,Conditions:[]PodCondition{},Message:,Reason:,HostIP:,PodIP:,StartTime:<nil>,ContainerStatuses:[]ContainerStatus{},QOSClass:,InitContainerStatuses:[]ContainerStatus{ContainerStatus{Name:cOnTaInEr_NaMe,State:ContainerState{Waiting:nil,Running:&ContainerStateRunning{StartedAt:2025-07-18 18:34:25.007263 +0530 IST m=+0.026203292,},Terminated:nil,},LastTerminationState:ContainerState{Waiting:nil,Running:nil,Terminated:nil,},Ready:false,RestartCount:0,Image:,ImageID:,ContainerID:test://cOnTaInEr_Id,Started:*true,AllocatedResources:ResourceList{},Resources:nil,VolumeMounts:[]VolumeMountStatus{},User:nil,AllocatedResourcesStatus:[]ResourceStatus{},StopSignal:nil,},},NominatedNodeName:,PodIPs:[]PodIP{},EphemeralContainerStatuses:[]ContainerStatus{},Resize:,ResourceClaimStatuses:[]PodResourceClaimStatus{},HostIPs:[]HostIP{},ObservedGeneration:0,}"
I0718 18:34:25.007336   50478 worker.go:217] Pod is terminated, exiting probe worker, pod=test-namespace/test-pod, phase=Failed
I0718 18:34:25.007354   50478 worker_test.go:250] "TestDoProbe" probeType="Liveness" testIndex=2 podStatus="&PodStatus{Phase:Running,Conditions:[]PodCondition{},Message:,Reason:,HostIP:,PodIP:,StartTime:<nil>,ContainerStatuses:[]ContainerStatus{},QOSClass:,InitContainerStatuses:[]ContainerStatus{ContainerStatus{Name:cOnTaInEr_NaMe,State:ContainerState{Waiting:nil,Running:&ContainerStateRunning{StartedAt:2025-07-18 18:34:25.007262 +0530 IST m=+0.026201709,},Terminated:nil,},LastTerminationState:ContainerState{Waiting:nil,Running:nil,Terminated:nil,},Ready:false,RestartCount:0,Image:,ImageID:,ContainerID:test://cOnTaInEr_Id,Started:*true,AllocatedResources:ResourceList{},Resources:nil,VolumeMounts:[]VolumeMountStatus{},User:nil,AllocatedResourcesStatus:[]ResourceStatus{},StopSignal:nil,},},NominatedNodeName:,PodIPs:[]PodIP{},EphemeralContainerStatuses:[]ContainerStatus{},Resize:,ResourceClaimStatuses:[]PodResourceClaimStatus{},HostIPs:[]HostIP{},ObservedGeneration:0,}"
I0718 18:34:25.007361   50478 worker.go:254] Pod deletion requested, setting probe result to success, probeType=Liveness, pod=test-namespace/test-pod, containerName=cOnTaInEr_NaMe
I0718 18:34:25.007380   50478 worker_test.go:250] "TestDoProbe" probeType="Liveness" testIndex=3 podStatus="&PodStatus{Phase:Running,Conditions:[]PodCondition{},Message:,Reason:,HostIP:,PodIP:,StartTime:<nil>,ContainerStatuses:[]ContainerStatus{},QOSClass:,InitContainerStatuses:[]ContainerStatus{ContainerStatus{Name:otherContainer,State:ContainerState{Waiting:nil,Running:&ContainerStateRunning{StartedAt:2025-07-18 18:34:25.007263 +0530 IST m=+0.026203001,},Terminated:nil,},LastTerminationState:ContainerState{Waiting:nil,Running:nil,Terminated:nil,},Ready:false,RestartCount:0,Image:,ImageID:,ContainerID:test://cOnTaInEr_Id,Started:*true,AllocatedResources:ResourceList{},Resources:nil,VolumeMounts:[]VolumeMountStatus{},User:nil,AllocatedResourcesStatus:[]ResourceStatus{},StopSignal:nil,},},NominatedNodeName:,PodIPs:[]PodIP{},EphemeralContainerStatuses:[]ContainerStatus{},Resize:,ResourceClaimStatuses:[]PodResourceClaimStatus{},HostIPs:[]HostIP{},ObservedGeneration:0,}"
I0718 18:34:25.007388   50478 worker.go:230] Probe target container not found, pod=test-namespace/test-pod, containerName=cOnTaInEr_NaMe
I0718 18:34:25.007406   50478 worker_test.go:250] "TestDoProbe" probeType="Liveness" testIndex=4 podStatus="&PodStatus{Phase:Running,Conditions:[]PodCondition{},Message:,Reason:,HostIP:,PodIP:,StartTime:<nil>,ContainerStatuses:[]ContainerStatus{},QOSClass:,InitContainerStatuses:[]ContainerStatus{ContainerStatus{Name:cOnTaInEr_NaMe,State:ContainerState{Waiting:nil,Running:nil,Terminated:nil,},LastTerminationState:ContainerState{Waiting:nil,Running:nil,Terminated:nil,},Ready:false,RestartCount:0,Image:,ImageID:,ContainerID:test://cOnTaInEr_Id,Started:*true,AllocatedResources:ResourceList{},Resources:nil,VolumeMounts:[]VolumeMountStatus{},User:nil,AllocatedResourcesStatus:[]ResourceStatus{},StopSignal:nil,},},NominatedNodeName:,PodIPs:[]PodIP{},EphemeralContainerStatuses:[]ContainerStatus{},Resize:,ResourceClaimStatuses:[]PodResourceClaimStatus{},HostIPs:[]HostIP{},ObservedGeneration:0,}"
I0718 18:34:25.007413   50478 worker.go:266] Non-running container probed, pod=test-namespace/test-pod, containerName=cOnTaInEr_NaMe
    worker_test.go:288: [Liveness-4] Expected continue to be true but got false
I0718 18:34:25.007439   50478 worker_test.go:250] "TestDoProbe" probeType="Liveness" testIndex=5 podStatus="&PodStatus{Phase:Running,Conditions:[]PodCondition{},Message:,Reason:,HostIP:,PodIP:,StartTime:<nil>,ContainerStatuses:[]ContainerStatus{},QOSClass:,InitContainerStatuses:[]ContainerStatus{ContainerStatus{Name:cOnTaInEr_NaMe,State:ContainerState{Waiting:nil,Running:nil,Terminated:&ContainerStateTerminated{ExitCode:0,Signal:0,Reason:,Message:,StartedAt:2025-07-18 18:34:25.007263 +0530 IST m=+0.026202501,FinishedAt:0001-01-01 00:00:00 +0000 UTC,ContainerID:,},},LastTerminationState:ContainerState{Waiting:nil,Running:nil,Terminated:nil,},Ready:false,RestartCount:0,Image:,ImageID:,ContainerID:test://cOnTaInEr_Id,Started:*true,AllocatedResources:ResourceList{},Resources:nil,VolumeMounts:[]VolumeMountStatus{},User:nil,AllocatedResourcesStatus:[]ResourceStatus{},StopSignal:nil,},},NominatedNodeName:,PodIPs:[]PodIP{},EphemeralContainerStatuses:[]ContainerStatus{},Resize:,ResourceClaimStatuses:[]PodResourceClaimStatus{},HostIPs:[]HostIP{},ObservedGeneration:0,}"
I0718 18:34:25.007447   50478 worker.go:266] Non-running container probed, pod=test-namespace/test-pod, containerName=cOnTaInEr_NaMe
    worker_test.go:288: [Liveness-5] Expected continue to be false but got true
I0718 18:34:25.007470   50478 worker_test.go:250] "TestDoProbe" probeType="Liveness" testIndex=6 podStatus="&PodStatus{Phase:Running,Conditions:[]PodCondition{},Message:,Reason:,HostIP:,PodIP:,StartTime:<nil>,ContainerStatuses:[]ContainerStatus{},QOSClass:,InitContainerStatuses:[]ContainerStatus{ContainerStatus{Name:cOnTaInEr_NaMe,State:ContainerState{Waiting:nil,Running:&ContainerStateRunning{StartedAt:2025-07-18 18:34:25.007262 +0530 IST m=+0.026201709,},Terminated:nil,},LastTerminationState:ContainerState{Waiting:nil,Running:nil,Terminated:nil,},Ready:false,RestartCount:0,Image:,ImageID:,ContainerID:test://cOnTaInEr_Id,Started:*true,AllocatedResources:ResourceList{},Resources:nil,VolumeMounts:[]VolumeMountStatus{},User:nil,AllocatedResourcesStatus:[]ResourceStatus{},StopSignal:nil,},},NominatedNodeName:,PodIPs:[]PodIP{},EphemeralContainerStatuses:[]ContainerStatus{},Resize:,ResourceClaimStatuses:[]PodResourceClaimStatus{},HostIPs:[]HostIP{},ObservedGeneration:0,}"
I0718 18:34:25.007478   50478 prober.go:153] "Exec-Probe runProbe" pod="test-namespace/test-pod" containerName="cOnTaInEr_NaMe" execCommand=["/bin/true"]
I0718 18:34:25.007482   50478 prober.go:111] "Probe succeeded" probeType="Liveness" pod="test-namespace/test-pod" podUID="pOd_UiD" containerName="cOnTaInEr_NaMe"
I0718 18:34:25.007486   50478 worker.go:306] Debug probe, pod=test-namespace/test-pod, containerName=cOnTaInEr_NaMe, probeType=Liveness, result=Success, err=<nil>
I0718 18:34:25.007505   50478 worker_test.go:250] "TestDoProbe" probeType="Liveness" testIndex=7 podStatus="&PodStatus{Phase:Running,Conditions:[]PodCondition{},Message:,Reason:,HostIP:,PodIP:,StartTime:<nil>,ContainerStatuses:[]ContainerStatus{},QOSClass:,InitContainerStatuses:[]ContainerStatus{ContainerStatus{Name:cOnTaInEr_NaMe,State:ContainerState{Waiting:nil,Running:&ContainerStateRunning{StartedAt:2025-07-18 18:34:25.007262 +0530 IST m=+0.026201709,},Terminated:nil,},LastTerminationState:ContainerState{Waiting:nil,Running:nil,Terminated:nil,},Ready:false,RestartCount:0,Image:,ImageID:,ContainerID:test://cOnTaInEr_Id,Started:*true,AllocatedResources:ResourceList{},Resources:nil,VolumeMounts:[]VolumeMountStatus{},User:nil,AllocatedResourcesStatus:[]ResourceStatus{},StopSignal:nil,},},NominatedNodeName:,PodIPs:[]PodIP{},EphemeralContainerStatuses:[]ContainerStatus{},Resize:,ResourceClaimStatuses:[]PodResourceClaimStatus{},HostIPs:[]HostIP{},ObservedGeneration:0,}"
I0718 18:34:25.007514   50478 prober.go:153] "Exec-Probe runProbe" pod="test-namespace/test-pod" containerName="cOnTaInEr_NaMe" execCommand=["/bin/true"]
I0718 18:34:25.007517   50478 prober.go:111] "Probe succeeded" probeType="Liveness" pod="test-namespace/test-pod" podUID="pOd_UiD" containerName="cOnTaInEr_NaMe"
I0718 18:34:25.007522   50478 worker.go:306] Debug probe, pod=test-namespace/test-pod, containerName=cOnTaInEr_NaMe, probeType=Liveness, result=Success, err=<nil>
I0718 18:34:25.007541   50478 worker_test.go:250] "TestDoProbe" probeType="Liveness" testIndex=8 podStatus="&PodStatus{Phase:Running,Conditions:[]PodCondition{},Message:,Reason:,HostIP:,PodIP:,StartTime:<nil>,ContainerStatuses:[]ContainerStatus{},QOSClass:,InitContainerStatuses:[]ContainerStatus{ContainerStatus{Name:cOnTaInEr_NaMe,State:ContainerState{Waiting:nil,Running:nil,Terminated:&ContainerStateTerminated{ExitCode:0,Signal:0,Reason:,Message:,StartedAt:2025-07-18 18:34:25.007265 +0530 IST m=+0.026204376,FinishedAt:0001-01-01 00:00:00 +0000 UTC,ContainerID:,},},LastTerminationState:ContainerState{Waiting:nil,Running:nil,Terminated:nil,},Ready:false,RestartCount:0,Image:,ImageID:,ContainerID:test://cOnTaInEr_Id,Started:nil,AllocatedResources:ResourceList{},Resources:nil,VolumeMounts:[]VolumeMountStatus{},User:nil,AllocatedResourcesStatus:[]ResourceStatus{},StopSignal:nil,},},NominatedNodeName:,PodIPs:[]PodIP{},EphemeralContainerStatuses:[]ContainerStatus{},Resize:,ResourceClaimStatuses:[]PodResourceClaimStatus{},HostIPs:[]HostIP{},ObservedGeneration:0,}"
I0718 18:34:25.007549   50478 worker.go:266] Non-running container probed, pod=test-namespace/test-pod, containerName=cOnTaInEr_NaMe
    worker_test.go:288: [Liveness-8] Expected continue to be false but got true
I0718 18:34:25.007572   50478 worker_test.go:250] "TestDoProbe" probeType="Liveness" testIndex=9 podStatus="&PodStatus{Phase:Running,Conditions:[]PodCondition{},Message:,Reason:,HostIP:,PodIP:,StartTime:<nil>,ContainerStatuses:[]ContainerStatus{},QOSClass:,InitContainerStatuses:[]ContainerStatus{ContainerStatus{Name:cOnTaInEr_NaMe,State:ContainerState{Waiting:nil,Running:&ContainerStateRunning{StartedAt:2025-07-18 18:34:25.007265 +0530 IST m=+0.026204626,},Terminated:nil,},LastTerminationState:ContainerState{Waiting:nil,Running:nil,Terminated:nil,},Ready:false,RestartCount:0,Image:,ImageID:,ContainerID:test://cOnTaInEr_Id,Started:*true,AllocatedResources:ResourceList{},Resources:nil,VolumeMounts:[]VolumeMountStatus{},User:nil,AllocatedResourcesStatus:[]ResourceStatus{},StopSignal:nil,},},NominatedNodeName:,PodIPs:[]PodIP{},EphemeralContainerStatuses:[]ContainerStatus{},Resize:,ResourceClaimStatuses:[]PodResourceClaimStatus{},HostIPs:[]HostIP{},ObservedGeneration:0,}"
I0718 18:34:25.007580   50478 prober.go:153] "Exec-Probe runProbe" pod="test-namespace/test-pod" containerName="cOnTaInEr_NaMe" execCommand=["/bin/true"]
I0718 18:34:25.007585   50478 prober.go:111] "Probe succeeded" probeType="Liveness" pod="test-namespace/test-pod" podUID="pOd_UiD" containerName="cOnTaInEr_NaMe"
I0718 18:34:25.007589   50478 worker.go:306] Debug probe, pod=test-namespace/test-pod, containerName=cOnTaInEr_NaMe, probeType=Liveness, result=Success, err=<nil>
I0718 18:34:25.007616   50478 worker_test.go:250] "TestDoProbe" probeType="Readiness" testIndex=0 podStatus="&PodStatus{Phase:Running,Conditions:[]PodCondition{},Message:,Reason:,HostIP:,PodIP:,StartTime:<nil>,ContainerStatuses:[]ContainerStatus{},QOSClass:,InitContainerStatuses:[]ContainerStatus{ContainerStatus{Name:cOnTaInEr_NaMe,State:ContainerState{Waiting:nil,Running:&ContainerStateRunning{StartedAt:2025-07-18 18:34:25.007591 +0530 IST m=+0.026530667,},Terminated:nil,},LastTerminationState:ContainerState{Waiting:nil,Running:nil,Terminated:nil,},Ready:false,RestartCount:0,Image:,ImageID:,ContainerID:test://cOnTaInEr_Id,Started:*true,AllocatedResources:ResourceList{},Resources:nil,VolumeMounts:[]VolumeMountStatus{},User:nil,AllocatedResourcesStatus:[]ResourceStatus{},StopSignal:nil,},},NominatedNodeName:,PodIPs:[]PodIP{},EphemeralContainerStatuses:[]ContainerStatus{},Resize:,ResourceClaimStatuses:[]PodResourceClaimStatus{},HostIPs:[]HostIP{},ObservedGeneration:0,}"
I0718 18:34:25.007624   50478 prober.go:153] "Exec-Probe runProbe" pod="test-namespace/test-pod" containerName="cOnTaInEr_NaMe" execCommand=["/bin/true"]
I0718 18:34:25.007628   50478 prober.go:111] "Probe succeeded" probeType="Readiness" pod="test-namespace/test-pod" podUID="pOd_UiD" containerName="cOnTaInEr_NaMe"
I0718 18:34:25.007632   50478 worker.go:306] Debug probe, pod=test-namespace/test-pod, containerName=cOnTaInEr_NaMe, probeType=Readiness, result=Success, err=<nil>
I0718 18:34:25.007650   50478 worker_test.go:250] "TestDoProbe" probeType="Readiness" testIndex=1 podStatus="&PodStatus{Phase:Failed,Conditions:[]PodCondition{},Message:,Reason:,HostIP:,PodIP:,StartTime:<nil>,ContainerStatuses:[]ContainerStatus{},QOSClass:,InitContainerStatuses:[]ContainerStatus{ContainerStatus{Name:cOnTaInEr_NaMe,State:ContainerState{Waiting:nil,Running:&ContainerStateRunning{StartedAt:2025-07-18 18:34:25.007595 +0530 IST m=+0.026534834,},Terminated:nil,},LastTerminationState:ContainerState{Waiting:nil,Running:nil,Terminated:nil,},Ready:false,RestartCount:0,Image:,ImageID:,ContainerID:test://cOnTaInEr_Id,Started:*true,AllocatedResources:ResourceList{},Resources:nil,VolumeMounts:[]VolumeMountStatus{},User:nil,AllocatedResourcesStatus:[]ResourceStatus{},StopSignal:nil,},},NominatedNodeName:,PodIPs:[]PodIP{},EphemeralContainerStatuses:[]ContainerStatus{},Resize:,ResourceClaimStatuses:[]PodResourceClaimStatus{},HostIPs:[]HostIP{},ObservedGeneration:0,}"
I0718 18:34:25.007655   50478 worker.go:217] Pod is terminated, exiting probe worker, pod=test-namespace/test-pod, phase=Failed
I0718 18:34:25.007673   50478 worker_test.go:250] "TestDoProbe" probeType="Readiness" testIndex=2 podStatus="&PodStatus{Phase:Running,Conditions:[]PodCondition{},Message:,Reason:,HostIP:,PodIP:,StartTime:<nil>,ContainerStatuses:[]ContainerStatus{},QOSClass:,InitContainerStatuses:[]ContainerStatus{ContainerStatus{Name:cOnTaInEr_NaMe,State:ContainerState{Waiting:nil,Running:&ContainerStateRunning{StartedAt:2025-07-18 18:34:25.007591 +0530 IST m=+0.026530667,},Terminated:nil,},LastTerminationState:ContainerState{Waiting:nil,Running:nil,Terminated:nil,},Ready:false,RestartCount:0,Image:,ImageID:,ContainerID:test://cOnTaInEr_Id,Started:*true,AllocatedResources:ResourceList{},Resources:nil,VolumeMounts:[]VolumeMountStatus{},User:nil,AllocatedResourcesStatus:[]ResourceStatus{},StopSignal:nil,},},NominatedNodeName:,PodIPs:[]PodIP{},EphemeralContainerStatuses:[]ContainerStatus{},Resize:,ResourceClaimStatuses:[]PodResourceClaimStatus{},HostIPs:[]HostIP{},ObservedGeneration:0,}"
I0718 18:34:25.007681   50478 prober.go:153] "Exec-Probe runProbe" pod="test-namespace/test-pod" containerName="cOnTaInEr_NaMe" execCommand=["/bin/true"]
I0718 18:34:25.007685   50478 prober.go:111] "Probe succeeded" probeType="Readiness" pod="test-namespace/test-pod" podUID="pOd_UiD" containerName="cOnTaInEr_NaMe"
I0718 18:34:25.007690   50478 worker.go:306] Debug probe, pod=test-namespace/test-pod, containerName=cOnTaInEr_NaMe, probeType=Readiness, result=Success, err=<nil>
I0718 18:34:25.007709   50478 worker_test.go:250] "TestDoProbe" probeType="Readiness" testIndex=3 podStatus="&PodStatus{Phase:Running,Conditions:[]PodCondition{},Message:,Reason:,HostIP:,PodIP:,StartTime:<nil>,ContainerStatuses:[]ContainerStatus{},QOSClass:,InitContainerStatuses:[]ContainerStatus{ContainerStatus{Name:otherContainer,State:ContainerState{Waiting:nil,Running:&ContainerStateRunning{StartedAt:2025-07-18 18:34:25.007595 +0530 IST m=+0.026534417,},Terminated:nil,},LastTerminationState:ContainerState{Waiting:nil,Running:nil,Terminated:nil,},Ready:false,RestartCount:0,Image:,ImageID:,ContainerID:test://cOnTaInEr_Id,Started:*true,AllocatedResources:ResourceList{},Resources:nil,VolumeMounts:[]VolumeMountStatus{},User:nil,AllocatedResourcesStatus:[]ResourceStatus{},StopSignal:nil,},},NominatedNodeName:,PodIPs:[]PodIP{},EphemeralContainerStatuses:[]ContainerStatus{},Resize:,ResourceClaimStatuses:[]PodResourceClaimStatus{},HostIPs:[]HostIP{},ObservedGeneration:0,}"
I0718 18:34:25.007717   50478 worker.go:230] Probe target container not found, pod=test-namespace/test-pod, containerName=cOnTaInEr_NaMe
I0718 18:34:25.007735   50478 worker_test.go:250] "TestDoProbe" probeType="Readiness" testIndex=4 podStatus="&PodStatus{Phase:Running,Conditions:[]PodCondition{},Message:,Reason:,HostIP:,PodIP:,StartTime:<nil>,ContainerStatuses:[]ContainerStatus{},QOSClass:,InitContainerStatuses:[]ContainerStatus{ContainerStatus{Name:cOnTaInEr_NaMe,State:ContainerState{Waiting:nil,Running:nil,Terminated:nil,},LastTerminationState:ContainerState{Waiting:nil,Running:nil,Terminated:nil,},Ready:false,RestartCount:0,Image:,ImageID:,ContainerID:test://cOnTaInEr_Id,Started:*true,AllocatedResources:ResourceList{},Resources:nil,VolumeMounts:[]VolumeMountStatus{},User:nil,AllocatedResourcesStatus:[]ResourceStatus{},StopSignal:nil,},},NominatedNodeName:,PodIPs:[]PodIP{},EphemeralContainerStatuses:[]ContainerStatus{},Resize:,ResourceClaimStatuses:[]PodResourceClaimStatus{},HostIPs:[]HostIP{},ObservedGeneration:0,}"
I0718 18:34:25.007742   50478 worker.go:266] Non-running container probed, pod=test-namespace/test-pod, containerName=cOnTaInEr_NaMe
I0718 18:34:25.007761   50478 worker_test.go:250] "TestDoProbe" probeType="Readiness" testIndex=5 podStatus="&PodStatus{Phase:Running,Conditions:[]PodCondition{},Message:,Reason:,HostIP:,PodIP:,StartTime:<nil>,ContainerStatuses:[]ContainerStatus{},QOSClass:,InitContainerStatuses:[]ContainerStatus{ContainerStatus{Name:cOnTaInEr_NaMe,State:ContainerState{Waiting:nil,Running:nil,Terminated:&ContainerStateTerminated{ExitCode:0,Signal:0,Reason:,Message:,StartedAt:2025-07-18 18:34:25.007594 +0530 IST m=+0.026534167,FinishedAt:0001-01-01 00:00:00 +0000 UTC,ContainerID:,},},LastTerminationState:ContainerState{Waiting:nil,Running:nil,Terminated:nil,},Ready:false,RestartCount:0,Image:,ImageID:,ContainerID:test://cOnTaInEr_Id,Started:*true,AllocatedResources:ResourceList{},Resources:nil,VolumeMounts:[]VolumeMountStatus{},User:nil,AllocatedResourcesStatus:[]ResourceStatus{},StopSignal:nil,},},NominatedNodeName:,PodIPs:[]PodIP{},EphemeralContainerStatuses:[]ContainerStatus{},Resize:,ResourceClaimStatuses:[]PodResourceClaimStatus{},HostIPs:[]HostIP{},ObservedGeneration:0,}"
I0718 18:34:25.007768   50478 worker.go:266] Non-running container probed, pod=test-namespace/test-pod, containerName=cOnTaInEr_NaMe
    worker_test.go:288: [Readiness-5] Expected continue to be false but got true
I0718 18:34:25.007791   50478 worker_test.go:250] "TestDoProbe" probeType="Readiness" testIndex=6 podStatus="&PodStatus{Phase:Running,Conditions:[]PodCondition{},Message:,Reason:,HostIP:,PodIP:,StartTime:<nil>,ContainerStatuses:[]ContainerStatus{},QOSClass:,InitContainerStatuses:[]ContainerStatus{ContainerStatus{Name:cOnTaInEr_NaMe,State:ContainerState{Waiting:nil,Running:&ContainerStateRunning{StartedAt:2025-07-18 18:34:25.007591 +0530 IST m=+0.026530667,},Terminated:nil,},LastTerminationState:ContainerState{Waiting:nil,Running:nil,Terminated:nil,},Ready:false,RestartCount:0,Image:,ImageID:,ContainerID:test://cOnTaInEr_Id,Started:*true,AllocatedResources:ResourceList{},Resources:nil,VolumeMounts:[]VolumeMountStatus{},User:nil,AllocatedResourcesStatus:[]ResourceStatus{},StopSignal:nil,},},NominatedNodeName:,PodIPs:[]PodIP{},EphemeralContainerStatuses:[]ContainerStatus{},Resize:,ResourceClaimStatuses:[]PodResourceClaimStatus{},HostIPs:[]HostIP{},ObservedGeneration:0,}"
I0718 18:34:25.007798   50478 prober.go:153] "Exec-Probe runProbe" pod="test-namespace/test-pod" containerName="cOnTaInEr_NaMe" execCommand=["/bin/true"]
I0718 18:34:25.007802   50478 prober.go:111] "Probe succeeded" probeType="Readiness" pod="test-namespace/test-pod" podUID="pOd_UiD" containerName="cOnTaInEr_NaMe"
I0718 18:34:25.007806   50478 worker.go:306] Debug probe, pod=test-namespace/test-pod, containerName=cOnTaInEr_NaMe, probeType=Readiness, result=Success, err=<nil>
I0718 18:34:25.007825   50478 worker_test.go:250] "TestDoProbe" probeType="Readiness" testIndex=7 podStatus="&PodStatus{Phase:Running,Conditions:[]PodCondition{},Message:,Reason:,HostIP:,PodIP:,StartTime:<nil>,ContainerStatuses:[]ContainerStatus{},QOSClass:,InitContainerStatuses:[]ContainerStatus{ContainerStatus{Name:cOnTaInEr_NaMe,State:ContainerState{Waiting:nil,Running:&ContainerStateRunning{StartedAt:2025-07-18 18:34:25.007591 +0530 IST m=+0.026530667,},Terminated:nil,},LastTerminationState:ContainerState{Waiting:nil,Running:nil,Terminated:nil,},Ready:false,RestartCount:0,Image:,ImageID:,ContainerID:test://cOnTaInEr_Id,Started:*true,AllocatedResources:ResourceList{},Resources:nil,VolumeMounts:[]VolumeMountStatus{},User:nil,AllocatedResourcesStatus:[]ResourceStatus{},StopSignal:nil,},},NominatedNodeName:,PodIPs:[]PodIP{},EphemeralContainerStatuses:[]ContainerStatus{},Resize:,ResourceClaimStatuses:[]PodResourceClaimStatus{},HostIPs:[]HostIP{},ObservedGeneration:0,}"
I0718 18:34:25.007834   50478 prober.go:153] "Exec-Probe runProbe" pod="test-namespace/test-pod" containerName="cOnTaInEr_NaMe" execCommand=["/bin/true"]
I0718 18:34:25.007838   50478 prober.go:111] "Probe succeeded" probeType="Readiness" pod="test-namespace/test-pod" podUID="pOd_UiD" containerName="cOnTaInEr_NaMe"
I0718 18:34:25.007843   50478 worker.go:306] Debug probe, pod=test-namespace/test-pod, containerName=cOnTaInEr_NaMe, probeType=Readiness, result=Success, err=<nil>
I0718 18:34:25.007868   50478 worker_test.go:250] "TestDoProbe" probeType="Readiness" testIndex=8 podStatus="&PodStatus{Phase:Running,Conditions:[]PodCondition{},Message:,Reason:,HostIP:,PodIP:,StartTime:<nil>,ContainerStatuses:[]ContainerStatus{},QOSClass:,InitContainerStatuses:[]ContainerStatus{ContainerStatus{Name:cOnTaInEr_NaMe,State:ContainerState{Waiting:nil,Running:nil,Terminated:&ContainerStateTerminated{ExitCode:0,Signal:0,Reason:,Message:,StartedAt:2025-07-18 18:34:25.007596 +0530 IST m=+0.026536084,FinishedAt:0001-01-01 00:00:00 +0000 UTC,ContainerID:,},},LastTerminationState:ContainerState{Waiting:nil,Running:nil,Terminated:nil,},Ready:false,RestartCount:0,Image:,ImageID:,ContainerID:test://cOnTaInEr_Id,Started:nil,AllocatedResources:ResourceList{},Resources:nil,VolumeMounts:[]VolumeMountStatus{},User:nil,AllocatedResourcesStatus:[]ResourceStatus{},StopSignal:nil,},},NominatedNodeName:,PodIPs:[]PodIP{},EphemeralContainerStatuses:[]ContainerStatus{},Resize:,ResourceClaimStatuses:[]PodResourceClaimStatus{},HostIPs:[]HostIP{},ObservedGeneration:0,}"
I0718 18:34:25.007877   50478 worker.go:266] Non-running container probed, pod=test-namespace/test-pod, containerName=cOnTaInEr_NaMe
    worker_test.go:288: [Readiness-8] Expected continue to be false but got true
I0718 18:34:25.007904   50478 worker_test.go:250] "TestDoProbe" probeType="Readiness" testIndex=9 podStatus="&PodStatus{Phase:Running,Conditions:[]PodCondition{},Message:,Reason:,HostIP:,PodIP:,StartTime:<nil>,ContainerStatuses:[]ContainerStatus{},QOSClass:,InitContainerStatuses:[]ContainerStatus{ContainerStatus{Name:cOnTaInEr_NaMe,State:ContainerState{Waiting:nil,Running:&ContainerStateRunning{StartedAt:2025-07-18 18:34:25.007597 +0530 IST m=+0.026536334,},Terminated:nil,},LastTerminationState:ContainerState{Waiting:nil,Running:nil,Terminated:nil,},Ready:false,RestartCount:0,Image:,ImageID:,ContainerID:test://cOnTaInEr_Id,Started:*true,AllocatedResources:ResourceList{},Resources:nil,VolumeMounts:[]VolumeMountStatus{},User:nil,AllocatedResourcesStatus:[]ResourceStatus{},StopSignal:nil,},},NominatedNodeName:,PodIPs:[]PodIP{},EphemeralContainerStatuses:[]ContainerStatus{},Resize:,ResourceClaimStatuses:[]PodResourceClaimStatus{},HostIPs:[]HostIP{},ObservedGeneration:0,}"
I0718 18:34:25.007913   50478 prober.go:153] "Exec-Probe runProbe" pod="test-namespace/test-pod" containerName="cOnTaInEr_NaMe" execCommand=["/bin/true"]
I0718 18:34:25.007918   50478 prober.go:111] "Probe succeeded" probeType="Readiness" pod="test-namespace/test-pod" podUID="pOd_UiD" containerName="cOnTaInEr_NaMe"
I0718 18:34:25.007923   50478 worker.go:306] Debug probe, pod=test-namespace/test-pod, containerName=cOnTaInEr_NaMe, probeType=Readiness, result=Success, err=<nil>
I0718 18:34:25.007948   50478 worker_test.go:250] "TestDoProbe" probeType="Startup" testIndex=0 podStatus="&PodStatus{Phase:Running,Conditions:[]PodCondition{},Message:,Reason:,HostIP:,PodIP:,StartTime:<nil>,ContainerStatuses:[]ContainerStatus{},QOSClass:,InitContainerStatuses:[]ContainerStatus{ContainerStatus{Name:cOnTaInEr_NaMe,State:ContainerState{Waiting:nil,Running:nil,Terminated:nil,},LastTerminationState:ContainerState{Waiting:nil,Running:nil,Terminated:nil,},Ready:false,RestartCount:0,Image:,ImageID:,ContainerID:test://cOnTaInEr_Id,Started:*false,AllocatedResources:ResourceList{},Resources:nil,VolumeMounts:[]VolumeMountStatus{},User:nil,AllocatedResourcesStatus:[]ResourceStatus{},StopSignal:nil,},},NominatedNodeName:,PodIPs:[]PodIP{},EphemeralContainerStatuses:[]ContainerStatus{},Resize:,ResourceClaimStatuses:[]PodResourceClaimStatus{},HostIPs:[]HostIP{},ObservedGeneration:0,}"
I0718 18:34:25.007957   50478 worker.go:266] Non-running container probed, pod=test-namespace/test-pod, containerName=cOnTaInEr_NaMe
    worker_test.go:295: [Startup-0] Expected result: Success but got UNKNOWN
I0718 18:34:25.007983   50478 worker_test.go:250] "TestDoProbe" probeType="Startup" testIndex=1 podStatus="&PodStatus{Phase:Failed,Conditions:[]PodCondition{},Message:,Reason:,HostIP:,PodIP:,StartTime:<nil>,ContainerStatuses:[]ContainerStatus{},QOSClass:,InitContainerStatuses:[]ContainerStatus{ContainerStatus{Name:cOnTaInEr_NaMe,State:ContainerState{Waiting:nil,Running:nil,Terminated:nil,},LastTerminationState:ContainerState{Waiting:nil,Running:nil,Terminated:nil,},Ready:false,RestartCount:0,Image:,ImageID:,ContainerID:test://cOnTaInEr_Id,Started:*false,AllocatedResources:ResourceList{},Resources:nil,VolumeMounts:[]VolumeMountStatus{},User:nil,AllocatedResourcesStatus:[]ResourceStatus{},StopSignal:nil,},},NominatedNodeName:,PodIPs:[]PodIP{},EphemeralContainerStatuses:[]ContainerStatus{},Resize:,ResourceClaimStatuses:[]PodResourceClaimStatus{},HostIPs:[]HostIP{},ObservedGeneration:0,}"
I0718 18:34:25.007991   50478 worker.go:217] Pod is terminated, exiting probe worker, pod=test-namespace/test-pod, phase=Failed
I0718 18:34:25.008011   50478 worker_test.go:250] "TestDoProbe" probeType="Startup" testIndex=2 podStatus="&PodStatus{Phase:Running,Conditions:[]PodCondition{},Message:,Reason:,HostIP:,PodIP:,StartTime:<nil>,ContainerStatuses:[]ContainerStatus{},QOSClass:,InitContainerStatuses:[]ContainerStatus{ContainerStatus{Name:cOnTaInEr_NaMe,State:ContainerState{Waiting:nil,Running:nil,Terminated:nil,},LastTerminationState:ContainerState{Waiting:nil,Running:nil,Terminated:nil,},Ready:false,RestartCount:0,Image:,ImageID:,ContainerID:test://cOnTaInEr_Id,Started:*false,AllocatedResources:ResourceList{},Resources:nil,VolumeMounts:[]VolumeMountStatus{},User:nil,AllocatedResourcesStatus:[]ResourceStatus{},StopSignal:nil,},},NominatedNodeName:,PodIPs:[]PodIP{},EphemeralContainerStatuses:[]ContainerStatus{},Resize:,ResourceClaimStatuses:[]PodResourceClaimStatus{},HostIPs:[]HostIP{},ObservedGeneration:0,}"
I0718 18:34:25.008020   50478 worker.go:254] Pod deletion requested, setting probe result to success, probeType=Startup, pod=test-namespace/test-pod, containerName=cOnTaInEr_NaMe
I0718 18:34:25.008025   50478 worker.go:257] Pod deletion requested before container has fully started, pod=test-namespace/test-pod, containerName=cOnTaInEr_NaMe
I0718 18:34:25.008044   50478 worker_test.go:250] "TestDoProbe" probeType="Startup" testIndex=3 podStatus="&PodStatus{Phase:Running,Conditions:[]PodCondition{},Message:,Reason:,HostIP:,PodIP:,StartTime:<nil>,ContainerStatuses:[]ContainerStatus{},QOSClass:,InitContainerStatuses:[]ContainerStatus{ContainerStatus{Name:otherContainer,State:ContainerState{Waiting:nil,Running:nil,Terminated:nil,},LastTerminationState:ContainerState{Waiting:nil,Running:nil,Terminated:nil,},Ready:false,RestartCount:0,Image:,ImageID:,ContainerID:test://cOnTaInEr_Id,Started:*false,AllocatedResources:ResourceList{},Resources:nil,VolumeMounts:[]VolumeMountStatus{},User:nil,AllocatedResourcesStatus:[]ResourceStatus{},StopSignal:nil,},},NominatedNodeName:,PodIPs:[]PodIP{},EphemeralContainerStatuses:[]ContainerStatus{},Resize:,ResourceClaimStatuses:[]PodResourceClaimStatus{},HostIPs:[]HostIP{},ObservedGeneration:0,}"
I0718 18:34:25.008056   50478 worker.go:230] Probe target container not found, pod=test-namespace/test-pod, containerName=cOnTaInEr_NaMe
I0718 18:34:25.008078   50478 worker_test.go:250] "TestDoProbe" probeType="Startup" testIndex=4 podStatus="&PodStatus{Phase:Running,Conditions:[]PodCondition{},Message:,Reason:,HostIP:,PodIP:,StartTime:<nil>,ContainerStatuses:[]ContainerStatus{},QOSClass:,InitContainerStatuses:[]ContainerStatus{ContainerStatus{Name:cOnTaInEr_NaMe,State:ContainerState{Waiting:nil,Running:nil,Terminated:nil,},LastTerminationState:ContainerState{Waiting:nil,Running:nil,Terminated:nil,},Ready:false,RestartCount:0,Image:,ImageID:,ContainerID:test://cOnTaInEr_Id,Started:*false,AllocatedResources:ResourceList{},Resources:nil,VolumeMounts:[]VolumeMountStatus{},User:nil,AllocatedResourcesStatus:[]ResourceStatus{},StopSignal:nil,},},NominatedNodeName:,PodIPs:[]PodIP{},EphemeralContainerStatuses:[]ContainerStatus{},Resize:,ResourceClaimStatuses:[]PodResourceClaimStatus{},HostIPs:[]HostIP{},ObservedGeneration:0,}"
I0718 18:34:25.008088   50478 worker.go:266] Non-running container probed, pod=test-namespace/test-pod, containerName=cOnTaInEr_NaMe
    worker_test.go:295: [Startup-4] Expected result: Failure but got UNKNOWN
I0718 18:34:25.008117   50478 worker_test.go:250] "TestDoProbe" probeType="Startup" testIndex=5 podStatus="&PodStatus{Phase:Running,Conditions:[]PodCondition{},Message:,Reason:,HostIP:,PodIP:,StartTime:<nil>,ContainerStatuses:[]ContainerStatus{},QOSClass:,InitContainerStatuses:[]ContainerStatus{ContainerStatus{Name:cOnTaInEr_NaMe,State:ContainerState{Waiting:nil,Running:nil,Terminated:&ContainerStateTerminated{ExitCode:0,Signal:0,Reason:,Message:,StartedAt:2025-07-18 18:34:25.007926 +0530 IST m=+0.026866209,FinishedAt:0001-01-01 00:00:00 +0000 UTC,ContainerID:,},},LastTerminationState:ContainerState{Waiting:nil,Running:nil,Terminated:nil,},Ready:false,RestartCount:0,Image:,ImageID:,ContainerID:test://cOnTaInEr_Id,Started:*false,AllocatedResources:ResourceList{},Resources:nil,VolumeMounts:[]VolumeMountStatus{},User:nil,AllocatedResourcesStatus:[]ResourceStatus{},StopSignal:nil,},},NominatedNodeName:,PodIPs:[]PodIP{},EphemeralContainerStatuses:[]ContainerStatus{},Resize:,ResourceClaimStatuses:[]PodResourceClaimStatus{},HostIPs:[]HostIP{},ObservedGeneration:0,}"
I0718 18:34:25.008125   50478 worker.go:266] Non-running container probed, pod=test-namespace/test-pod, containerName=cOnTaInEr_NaMe
    worker_test.go:288: [Startup-5] Expected continue to be false but got true
I0718 18:34:25.008151   50478 worker_test.go:250] "TestDoProbe" probeType="Startup" testIndex=6 podStatus="&PodStatus{Phase:Running,Conditions:[]PodCondition{},Message:,Reason:,HostIP:,PodIP:,StartTime:<nil>,ContainerStatuses:[]ContainerStatus{},QOSClass:,InitContainerStatuses:[]ContainerStatus{ContainerStatus{Name:cOnTaInEr_NaMe,State:ContainerState{Waiting:nil,Running:nil,Terminated:nil,},LastTerminationState:ContainerState{Waiting:nil,Running:nil,Terminated:nil,},Ready:false,RestartCount:0,Image:,ImageID:,ContainerID:test://cOnTaInEr_Id,Started:*false,AllocatedResources:ResourceList{},Resources:nil,VolumeMounts:[]VolumeMountStatus{},User:nil,AllocatedResourcesStatus:[]ResourceStatus{},StopSignal:nil,},},NominatedNodeName:,PodIPs:[]PodIP{},EphemeralContainerStatuses:[]ContainerStatus{},Resize:,ResourceClaimStatuses:[]PodResourceClaimStatus{},HostIPs:[]HostIP{},ObservedGeneration:0,}"
I0718 18:34:25.008160   50478 worker.go:266] Non-running container probed, pod=test-namespace/test-pod, containerName=cOnTaInEr_NaMe
    worker_test.go:295: [Startup-6] Expected result: Success but got UNKNOWN
I0718 18:34:25.008184   50478 worker_test.go:250] "TestDoProbe" probeType="Startup" testIndex=7 podStatus="&PodStatus{Phase:Running,Conditions:[]PodCondition{},Message:,Reason:,HostIP:,PodIP:,StartTime:<nil>,ContainerStatuses:[]ContainerStatus{},QOSClass:,InitContainerStatuses:[]ContainerStatus{ContainerStatus{Name:cOnTaInEr_NaMe,State:ContainerState{Waiting:nil,Running:nil,Terminated:nil,},LastTerminationState:ContainerState{Waiting:nil,Running:nil,Terminated:nil,},Ready:false,RestartCount:0,Image:,ImageID:,ContainerID:test://cOnTaInEr_Id,Started:*false,AllocatedResources:ResourceList{},Resources:nil,VolumeMounts:[]VolumeMountStatus{},User:nil,AllocatedResourcesStatus:[]ResourceStatus{},StopSignal:nil,},},NominatedNodeName:,PodIPs:[]PodIP{},EphemeralContainerStatuses:[]ContainerStatus{},Resize:,ResourceClaimStatuses:[]PodResourceClaimStatus{},HostIPs:[]HostIP{},ObservedGeneration:0,}"
I0718 18:34:25.008195   50478 worker.go:266] Non-running container probed, pod=test-namespace/test-pod, containerName=cOnTaInEr_NaMe
    worker_test.go:295: [Startup-7] Expected result: Success but got UNKNOWN
I0718 18:34:25.008224   50478 worker_test.go:250] "TestDoProbe" probeType="Startup" testIndex=8 podStatus="&PodStatus{Phase:Running,Conditions:[]PodCondition{},Message:,Reason:,HostIP:,PodIP:,StartTime:<nil>,ContainerStatuses:[]ContainerStatus{},QOSClass:,InitContainerStatuses:[]ContainerStatus{ContainerStatus{Name:cOnTaInEr_NaMe,State:ContainerState{Waiting:nil,Running:nil,Terminated:&ContainerStateTerminated{ExitCode:0,Signal:0,Reason:,Message:,StartedAt:2025-07-18 18:34:25.007928 +0530 IST m=+0.026868001,FinishedAt:0001-01-01 00:00:00 +0000 UTC,ContainerID:,},},LastTerminationState:ContainerState{Waiting:nil,Running:nil,Terminated:nil,},Ready:false,RestartCount:0,Image:,ImageID:,ContainerID:test://cOnTaInEr_Id,Started:nil,AllocatedResources:ResourceList{},Resources:nil,VolumeMounts:[]VolumeMountStatus{},User:nil,AllocatedResourcesStatus:[]ResourceStatus{},StopSignal:nil,},},NominatedNodeName:,PodIPs:[]PodIP{},EphemeralContainerStatuses:[]ContainerStatus{},Resize:,ResourceClaimStatuses:[]PodResourceClaimStatus{},HostIPs:[]HostIP{},ObservedGeneration:0,}"
I0718 18:34:25.008232   50478 worker.go:266] Non-running container probed, pod=test-namespace/test-pod, containerName=cOnTaInEr_NaMe
    worker_test.go:288: [Startup-8] Expected continue to be false but got true
I0718 18:34:25.008258   50478 worker_test.go:250] "TestDoProbe" probeType="Startup" testIndex=9 podStatus="&PodStatus{Phase:Running,Conditions:[]PodCondition{},Message:,Reason:,HostIP:,PodIP:,StartTime:<nil>,ContainerStatuses:[]ContainerStatus{},QOSClass:,InitContainerStatuses:[]ContainerStatus{ContainerStatus{Name:cOnTaInEr_NaMe,State:ContainerState{Waiting:nil,Running:&ContainerStateRunning{StartedAt:2025-07-18 18:34:25.007928 +0530 IST m=+0.026868334,},Terminated:nil,},LastTerminationState:ContainerState{Waiting:nil,Running:nil,Terminated:nil,},Ready:false,RestartCount:0,Image:,ImageID:,ContainerID:test://cOnTaInEr_Id,Started:*true,AllocatedResources:ResourceList{},Resources:nil,VolumeMounts:[]VolumeMountStatus{},User:nil,AllocatedResourcesStatus:[]ResourceStatus{},StopSignal:nil,},},NominatedNodeName:,PodIPs:[]PodIP{},EphemeralContainerStatuses:[]ContainerStatus{},Resize:,ResourceClaimStatuses:[]PodResourceClaimStatus{},HostIPs:[]HostIP{},ObservedGeneration:0,}"
I0718 18:34:25.008267   50478 worker.go:292] Startup probe stopped, container started, pod=test-namespace/test-pod, containerName=cOnTaInEr_NaMe
    worker_test.go:288: [Startup-9] Expected continue to be true but got false
--- FAIL: TestDoProbe (0.00s)
=== RUN   TestDoProbe
I0718 18:34:25.008380   50478 worker_test.go:250] "TestDoProbe" probeType="Liveness" testIndex=0 podStatus="&PodStatus{Phase:Running,Conditions:[]PodCondition{},Message:,Reason:,HostIP:,PodIP:,StartTime:<nil>,ContainerStatuses:[]ContainerStatus{},QOSClass:,InitContainerStatuses:[]ContainerStatus{ContainerStatus{Name:cOnTaInEr_NaMe,State:ContainerState{Waiting:nil,Running:&ContainerStateRunning{StartedAt:2025-07-18 18:34:25.008341 +0530 IST m=+0.027280501,},Terminated:nil,},LastTerminationState:ContainerState{Waiting:nil,Running:nil,Terminated:nil,},Ready:false,RestartCount:0,Image:,ImageID:,ContainerID:test://cOnTaInEr_Id,Started:*true,AllocatedResources:ResourceList{},Resources:nil,VolumeMounts:[]VolumeMountStatus{},User:nil,AllocatedResourcesStatus:[]ResourceStatus{},StopSignal:nil,},},NominatedNodeName:,PodIPs:[]PodIP{},EphemeralContainerStatuses:[]ContainerStatus{},Resize:,ResourceClaimStatuses:[]PodResourceClaimStatus{},HostIPs:[]HostIP{},ObservedGeneration:0,}"
I0718 18:34:25.008395   50478 prober.go:153] "Exec-Probe runProbe" pod="test-namespace/test-pod" containerName="cOnTaInEr_NaMe" execCommand=["/bin/true"]
I0718 18:34:25.008400   50478 prober.go:111] "Probe succeeded" probeType="Liveness" pod="test-namespace/test-pod" podUID="pOd_UiD" containerName="cOnTaInEr_NaMe"
I0718 18:34:25.008406   50478 worker.go:306] Debug probe, pod=test-namespace/test-pod, containerName=cOnTaInEr_NaMe, probeType=Liveness, result=Success, err=<nil>
I0718 18:34:25.008430   50478 worker_test.go:250] "TestDoProbe" probeType="Liveness" testIndex=1 podStatus="&PodStatus{Phase:Failed,Conditions:[]PodCondition{},Message:,Reason:,HostIP:,PodIP:,StartTime:<nil>,ContainerStatuses:[]ContainerStatus{},QOSClass:,InitContainerStatuses:[]ContainerStatus{ContainerStatus{Name:cOnTaInEr_NaMe,State:ContainerState{Waiting:nil,Running:&ContainerStateRunning{StartedAt:2025-07-18 18:34:25.008343 +0530 IST m=+0.027282751,},Terminated:nil,},LastTerminationState:ContainerState{Waiting:nil,Running:nil,Terminated:nil,},Ready:false,RestartCount:0,Image:,ImageID:,ContainerID:test://cOnTaInEr_Id,Started:*true,AllocatedResources:ResourceList{},Resources:nil,VolumeMounts:[]VolumeMountStatus{},User:nil,AllocatedResourcesStatus:[]ResourceStatus{},StopSignal:nil,},},NominatedNodeName:,PodIPs:[]PodIP{},EphemeralContainerStatuses:[]ContainerStatus{},Resize:,ResourceClaimStatuses:[]PodResourceClaimStatus{},HostIPs:[]HostIP{},ObservedGeneration:0,}"
I0718 18:34:25.008437   50478 worker.go:217] Pod is terminated, exiting probe worker, pod=test-namespace/test-pod, phase=Failed
I0718 18:34:25.008460   50478 worker_test.go:250] "TestDoProbe" probeType="Liveness" testIndex=2 podStatus="&PodStatus{Phase:Running,Conditions:[]PodCondition{},Message:,Reason:,HostIP:,PodIP:,StartTime:<nil>,ContainerStatuses:[]ContainerStatus{},QOSClass:,InitContainerStatuses:[]ContainerStatus{ContainerStatus{Name:cOnTaInEr_NaMe,State:ContainerState{Waiting:nil,Running:&ContainerStateRunning{StartedAt:2025-07-18 18:34:25.008341 +0530 IST m=+0.027280501,},Terminated:nil,},LastTerminationState:ContainerState{Waiting:nil,Running:nil,Terminated:nil,},Ready:false,RestartCount:0,Image:,ImageID:,ContainerID:test://cOnTaInEr_Id,Started:*true,AllocatedResources:ResourceList{},Resources:nil,VolumeMounts:[]VolumeMountStatus{},User:nil,AllocatedResourcesStatus:[]ResourceStatus{},StopSignal:nil,},},NominatedNodeName:,PodIPs:[]PodIP{},EphemeralContainerStatuses:[]ContainerStatus{},Resize:,ResourceClaimStatuses:[]PodResourceClaimStatus{},HostIPs:[]HostIP{},ObservedGeneration:0,}"
I0718 18:34:25.008469   50478 worker.go:254] Pod deletion requested, setting probe result to success, probeType=Liveness, pod=test-namespace/test-pod, containerName=cOnTaInEr_NaMe
I0718 18:34:25.008491   50478 worker_test.go:250] "TestDoProbe" probeType="Liveness" testIndex=3 podStatus="&PodStatus{Phase:Running,Conditions:[]PodCondition{},Message:,Reason:,HostIP:,PodIP:,StartTime:<nil>,ContainerStatuses:[]ContainerStatus{},QOSClass:,InitContainerStatuses:[]ContainerStatus{ContainerStatus{Name:otherContainer,State:ContainerState{Waiting:nil,Running:&ContainerStateRunning{StartedAt:2025-07-18 18:34:25.008343 +0530 IST m=+0.027282417,},Terminated:nil,},LastTerminationState:ContainerState{Waiting:nil,Running:nil,Terminated:nil,},Ready:false,RestartCount:0,Image:,ImageID:,ContainerID:test://cOnTaInEr_Id,Started:*true,AllocatedResources:ResourceList{},Resources:nil,VolumeMounts:[]VolumeMountStatus{},User:nil,AllocatedResourcesStatus:[]ResourceStatus{},StopSignal:nil,},},NominatedNodeName:,PodIPs:[]PodIP{},EphemeralContainerStatuses:[]ContainerStatus{},Resize:,ResourceClaimStatuses:[]PodResourceClaimStatus{},HostIPs:[]HostIP{},ObservedGeneration:0,}"
I0718 18:34:25.008500   50478 worker.go:230] Probe target container not found, pod=test-namespace/test-pod, containerName=cOnTaInEr_NaMe
I0718 18:34:25.008518   50478 worker_test.go:250] "TestDoProbe" probeType="Liveness" testIndex=4 podStatus="&PodStatus{Phase:Running,Conditions:[]PodCondition{},Message:,Reason:,HostIP:,PodIP:,StartTime:<nil>,ContainerStatuses:[]ContainerStatus{},QOSClass:,InitContainerStatuses:[]ContainerStatus{ContainerStatus{Name:cOnTaInEr_NaMe,State:ContainerState{Waiting:nil,Running:nil,Terminated:nil,},LastTerminationState:ContainerState{Waiting:nil,Running:nil,Terminated:nil,},Ready:false,RestartCount:0,Image:,ImageID:,ContainerID:test://cOnTaInEr_Id,Started:*true,AllocatedResources:ResourceList{},Resources:nil,VolumeMounts:[]VolumeMountStatus{},User:nil,AllocatedResourcesStatus:[]ResourceStatus{},StopSignal:nil,},},NominatedNodeName:,PodIPs:[]PodIP{},EphemeralContainerStatuses:[]ContainerStatus{},Resize:,ResourceClaimStatuses:[]PodResourceClaimStatus{},HostIPs:[]HostIP{},ObservedGeneration:0,}"
I0718 18:34:25.008525   50478 worker.go:266] Non-running container probed, pod=test-namespace/test-pod, containerName=cOnTaInEr_NaMe
    worker_test.go:288: [Liveness-4] Expected continue to be true but got false
I0718 18:34:25.008552   50478 worker_test.go:250] "TestDoProbe" probeType="Liveness" testIndex=5 podStatus="&PodStatus{Phase:Running,Conditions:[]PodCondition{},Message:,Reason:,HostIP:,PodIP:,StartTime:<nil>,ContainerStatuses:[]ContainerStatus{},QOSClass:,InitContainerStatuses:[]ContainerStatus{ContainerStatus{Name:cOnTaInEr_NaMe,State:ContainerState{Waiting:nil,Running:nil,Terminated:&ContainerStateTerminated{ExitCode:0,Signal:0,Reason:,Message:,StartedAt:2025-07-18 18:34:25.008342 +0530 IST m=+0.027282001,FinishedAt:0001-01-01 00:00:00 +0000 UTC,ContainerID:,},},LastTerminationState:ContainerState{Waiting:nil,Running:nil,Terminated:nil,},Ready:false,RestartCount:0,Image:,ImageID:,ContainerID:test://cOnTaInEr_Id,Started:*true,AllocatedResources:ResourceList{},Resources:nil,VolumeMounts:[]VolumeMountStatus{},User:nil,AllocatedResourcesStatus:[]ResourceStatus{},StopSignal:nil,},},NominatedNodeName:,PodIPs:[]PodIP{},EphemeralContainerStatuses:[]ContainerStatus{},Resize:,ResourceClaimStatuses:[]PodResourceClaimStatus{},HostIPs:[]HostIP{},ObservedGeneration:0,}"
I0718 18:34:25.008559   50478 worker.go:266] Non-running container probed, pod=test-namespace/test-pod, containerName=cOnTaInEr_NaMe
    worker_test.go:288: [Liveness-5] Expected continue to be false but got true
I0718 18:34:25.008581   50478 worker_test.go:250] "TestDoProbe" probeType="Liveness" testIndex=6 podStatus="&PodStatus{Phase:Running,Conditions:[]PodCondition{},Message:,Reason:,HostIP:,PodIP:,StartTime:<nil>,ContainerStatuses:[]ContainerStatus{},QOSClass:,InitContainerStatuses:[]ContainerStatus{ContainerStatus{Name:cOnTaInEr_NaMe,State:ContainerState{Waiting:nil,Running:&ContainerStateRunning{StartedAt:2025-07-18 18:34:25.008341 +0530 IST m=+0.027280501,},Terminated:nil,},LastTerminationState:ContainerState{Waiting:nil,Running:nil,Terminated:nil,},Ready:false,RestartCount:0,Image:,ImageID:,ContainerID:test://cOnTaInEr_Id,Started:*true,AllocatedResources:ResourceList{},Resources:nil,VolumeMounts:[]VolumeMountStatus{},User:nil,AllocatedResourcesStatus:[]ResourceStatus{},StopSignal:nil,},},NominatedNodeName:,PodIPs:[]PodIP{},EphemeralContainerStatuses:[]ContainerStatus{},Resize:,ResourceClaimStatuses:[]PodResourceClaimStatus{},HostIPs:[]HostIP{},ObservedGeneration:0,}"
I0718 18:34:25.008589   50478 prober.go:153] "Exec-Probe runProbe" pod="test-namespace/test-pod" containerName="cOnTaInEr_NaMe" execCommand=["/bin/true"]
I0718 18:34:25.008593   50478 prober.go:111] "Probe succeeded" probeType="Liveness" pod="test-namespace/test-pod" podUID="pOd_UiD" containerName="cOnTaInEr_NaMe"
I0718 18:34:25.008597   50478 worker.go:306] Debug probe, pod=test-namespace/test-pod, containerName=cOnTaInEr_NaMe, probeType=Liveness, result=Success, err=<nil>
I0718 18:34:25.008615   50478 worker_test.go:250] "TestDoProbe" probeType="Liveness" testIndex=7 podStatus="&PodStatus{Phase:Running,Conditions:[]PodCondition{},Message:,Reason:,HostIP:,PodIP:,StartTime:<nil>,ContainerStatuses:[]ContainerStatus{},QOSClass:,InitContainerStatuses:[]ContainerStatus{ContainerStatus{Name:cOnTaInEr_NaMe,State:ContainerState{Waiting:nil,Running:&ContainerStateRunning{StartedAt:2025-07-18 18:34:25.008341 +0530 IST m=+0.027280501,},Terminated:nil,},LastTerminationState:ContainerState{Waiting:nil,Running:nil,Terminated:nil,},Ready:false,RestartCount:0,Image:,ImageID:,ContainerID:test://cOnTaInEr_Id,Started:*true,AllocatedResources:ResourceList{},Resources:nil,VolumeMounts:[]VolumeMountStatus{},User:nil,AllocatedResourcesStatus:[]ResourceStatus{},StopSignal:nil,},},NominatedNodeName:,PodIPs:[]PodIP{},EphemeralContainerStatuses:[]ContainerStatus{},Resize:,ResourceClaimStatuses:[]PodResourceClaimStatus{},HostIPs:[]HostIP{},ObservedGeneration:0,}"
I0718 18:34:25.008624   50478 prober.go:153] "Exec-Probe runProbe" pod="test-namespace/test-pod" containerName="cOnTaInEr_NaMe" execCommand=["/bin/true"]
I0718 18:34:25.008628   50478 prober.go:111] "Probe succeeded" probeType="Liveness" pod="test-namespace/test-pod" podUID="pOd_UiD" containerName="cOnTaInEr_NaMe"
I0718 18:34:25.008631   50478 worker.go:306] Debug probe, pod=test-namespace/test-pod, containerName=cOnTaInEr_NaMe, probeType=Liveness, result=Success, err=<nil>
I0718 18:34:25.008652   50478 worker_test.go:250] "TestDoProbe" probeType="Liveness" testIndex=8 podStatus="&PodStatus{Phase:Running,Conditions:[]PodCondition{},Message:,Reason:,HostIP:,PodIP:,StartTime:<nil>,ContainerStatuses:[]ContainerStatus{},QOSClass:,InitContainerStatuses:[]ContainerStatus{ContainerStatus{Name:cOnTaInEr_NaMe,State:ContainerState{Waiting:nil,Running:nil,Terminated:&ContainerStateTerminated{ExitCode:0,Signal:0,Reason:,Message:,StartedAt:2025-07-18 18:34:25.008344 +0530 IST m=+0.027284042,FinishedAt:0001-01-01 00:00:00 +0000 UTC,ContainerID:,},},LastTerminationState:ContainerState{Waiting:nil,Running:nil,Terminated:nil,},Ready:false,RestartCount:0,Image:,ImageID:,ContainerID:test://cOnTaInEr_Id,Started:nil,AllocatedResources:ResourceList{},Resources:nil,VolumeMounts:[]VolumeMountStatus{},User:nil,AllocatedResourcesStatus:[]ResourceStatus{},StopSignal:nil,},},NominatedNodeName:,PodIPs:[]PodIP{},EphemeralContainerStatuses:[]ContainerStatus{},Resize:,ResourceClaimStatuses:[]PodResourceClaimStatus{},HostIPs:[]HostIP{},ObservedGeneration:0,}"
I0718 18:34:25.008659   50478 worker.go:266] Non-running container probed, pod=test-namespace/test-pod, containerName=cOnTaInEr_NaMe
    worker_test.go:288: [Liveness-8] Expected continue to be false but got true
I0718 18:34:25.008682   50478 worker_test.go:250] "TestDoProbe" probeType="Liveness" testIndex=9 podStatus="&PodStatus{Phase:Running,Conditions:[]PodCondition{},Message:,Reason:,HostIP:,PodIP:,StartTime:<nil>,ContainerStatuses:[]ContainerStatus{},QOSClass:,InitContainerStatuses:[]ContainerStatus{ContainerStatus{Name:cOnTaInEr_NaMe,State:ContainerState{Waiting:nil,Running:&ContainerStateRunning{StartedAt:2025-07-18 18:34:25.008345 +0530 IST m=+0.027284334,},Terminated:nil,},LastTerminationState:ContainerState{Waiting:nil,Running:nil,Terminated:nil,},Ready:false,RestartCount:0,Image:,ImageID:,ContainerID:test://cOnTaInEr_Id,Started:*true,AllocatedResources:ResourceList{},Resources:nil,VolumeMounts:[]VolumeMountStatus{},User:nil,AllocatedResourcesStatus:[]ResourceStatus{},StopSignal:nil,},},NominatedNodeName:,PodIPs:[]PodIP{},EphemeralContainerStatuses:[]ContainerStatus{},Resize:,ResourceClaimStatuses:[]PodResourceClaimStatus{},HostIPs:[]HostIP{},ObservedGeneration:0,}"
I0718 18:34:25.008689   50478 prober.go:153] "Exec-Probe runProbe" pod="test-namespace/test-pod" containerName="cOnTaInEr_NaMe" execCommand=["/bin/true"]
I0718 18:34:25.008693   50478 prober.go:111] "Probe succeeded" probeType="Liveness" pod="test-namespace/test-pod" podUID="pOd_UiD" containerName="cOnTaInEr_NaMe"
I0718 18:34:25.008698   50478 worker.go:306] Debug probe, pod=test-namespace/test-pod, containerName=cOnTaInEr_NaMe, probeType=Liveness, result=Success, err=<nil>
I0718 18:34:25.008720   50478 worker_test.go:250] "TestDoProbe" probeType="Readiness" testIndex=0 podStatus="&PodStatus{Phase:Running,Conditions:[]PodCondition{},Message:,Reason:,HostIP:,PodIP:,StartTime:<nil>,ContainerStatuses:[]ContainerStatus{},QOSClass:,InitContainerStatuses:[]ContainerStatus{ContainerStatus{Name:cOnTaInEr_NaMe,State:ContainerState{Waiting:nil,Running:&ContainerStateRunning{StartedAt:2025-07-18 18:34:25.0087 +0530 IST m=+0.027639834,},Terminated:nil,},LastTerminationState:ContainerState{Waiting:nil,Running:nil,Terminated:nil,},Ready:false,RestartCount:0,Image:,ImageID:,ContainerID:test://cOnTaInEr_Id,Started:*true,AllocatedResources:ResourceList{},Resources:nil,VolumeMounts:[]VolumeMountStatus{},User:nil,AllocatedResourcesStatus:[]ResourceStatus{},StopSignal:nil,},},NominatedNodeName:,PodIPs:[]PodIP{},EphemeralContainerStatuses:[]ContainerStatus{},Resize:,ResourceClaimStatuses:[]PodResourceClaimStatus{},HostIPs:[]HostIP{},ObservedGeneration:0,}"
I0718 18:34:25.008728   50478 prober.go:153] "Exec-Probe runProbe" pod="test-namespace/test-pod" containerName="cOnTaInEr_NaMe" execCommand=["/bin/true"]
I0718 18:34:25.008732   50478 prober.go:111] "Probe succeeded" probeType="Readiness" pod="test-namespace/test-pod" podUID="pOd_UiD" containerName="cOnTaInEr_NaMe"
I0718 18:34:25.008737   50478 worker.go:306] Debug probe, pod=test-namespace/test-pod, containerName=cOnTaInEr_NaMe, probeType=Readiness, result=Success, err=<nil>
I0718 18:34:25.008755   50478 worker_test.go:250] "TestDoProbe" probeType="Readiness" testIndex=1 podStatus="&PodStatus{Phase:Failed,Conditions:[]PodCondition{},Message:,Reason:,HostIP:,PodIP:,StartTime:<nil>,ContainerStatuses:[]ContainerStatus{},QOSClass:,InitContainerStatuses:[]ContainerStatus{ContainerStatus{Name:cOnTaInEr_NaMe,State:ContainerState{Waiting:nil,Running:&ContainerStateRunning{StartedAt:2025-07-18 18:34:25.008701 +0530 IST m=+0.027641292,},Terminated:nil,},LastTerminationState:ContainerState{Waiting:nil,Running:nil,Terminated:nil,},Ready:false,RestartCount:0,Image:,ImageID:,ContainerID:test://cOnTaInEr_Id,Started:*true,AllocatedResources:ResourceList{},Resources:nil,VolumeMounts:[]VolumeMountStatus{},User:nil,AllocatedResourcesStatus:[]ResourceStatus{},StopSignal:nil,},},NominatedNodeName:,PodIPs:[]PodIP{},EphemeralContainerStatuses:[]ContainerStatus{},Resize:,ResourceClaimStatuses:[]PodResourceClaimStatus{},HostIPs:[]HostIP{},ObservedGeneration:0,}"
I0718 18:34:25.008760   50478 worker.go:217] Pod is terminated, exiting probe worker, pod=test-namespace/test-pod, phase=Failed
I0718 18:34:25.008778   50478 worker_test.go:250] "TestDoProbe" probeType="Readiness" testIndex=2 podStatus="&PodStatus{Phase:Running,Conditions:[]PodCondition{},Message:,Reason:,HostIP:,PodIP:,StartTime:<nil>,ContainerStatuses:[]ContainerStatus{},QOSClass:,InitContainerStatuses:[]ContainerStatus{ContainerStatus{Name:cOnTaInEr_NaMe,State:ContainerState{Waiting:nil,Running:&ContainerStateRunning{StartedAt:2025-07-18 18:34:25.0087 +0530 IST m=+0.027639834,},Terminated:nil,},LastTerminationState:ContainerState{Waiting:nil,Running:nil,Terminated:nil,},Ready:false,RestartCount:0,Image:,ImageID:,ContainerID:test://cOnTaInEr_Id,Started:*true,AllocatedResources:ResourceList{},Resources:nil,VolumeMounts:[]VolumeMountStatus{},User:nil,AllocatedResourcesStatus:[]ResourceStatus{},StopSignal:nil,},},NominatedNodeName:,PodIPs:[]PodIP{},EphemeralContainerStatuses:[]ContainerStatus{},Resize:,ResourceClaimStatuses:[]PodResourceClaimStatus{},HostIPs:[]HostIP{},ObservedGeneration:0,}"
I0718 18:34:25.008785   50478 prober.go:153] "Exec-Probe runProbe" pod="test-namespace/test-pod" containerName="cOnTaInEr_NaMe" execCommand=["/bin/true"]
I0718 18:34:25.008789   50478 prober.go:111] "Probe succeeded" probeType="Readiness" pod="test-namespace/test-pod" podUID="pOd_UiD" containerName="cOnTaInEr_NaMe"
I0718 18:34:25.008793   50478 worker.go:306] Debug probe, pod=test-namespace/test-pod, containerName=cOnTaInEr_NaMe, probeType=Readiness, result=Success, err=<nil>
I0718 18:34:25.008812   50478 worker_test.go:250] "TestDoProbe" probeType="Readiness" testIndex=3 podStatus="&PodStatus{Phase:Running,Conditions:[]PodCondition{},Message:,Reason:,HostIP:,PodIP:,StartTime:<nil>,ContainerStatuses:[]ContainerStatus{},QOSClass:,InitContainerStatuses:[]ContainerStatus{ContainerStatus{Name:otherContainer,State:ContainerState{Waiting:nil,Running:&ContainerStateRunning{StartedAt:2025-07-18 18:34:25.008701 +0530 IST m=+0.027641001,},Terminated:nil,},LastTerminationState:ContainerState{Waiting:nil,Running:nil,Terminated:nil,},Ready:false,RestartCount:0,Image:,ImageID:,ContainerID:test://cOnTaInEr_Id,Started:*true,AllocatedResources:ResourceList{},Resources:nil,VolumeMounts:[]VolumeMountStatus{},User:nil,AllocatedResourcesStatus:[]ResourceStatus{},StopSignal:nil,},},NominatedNodeName:,PodIPs:[]PodIP{},EphemeralContainerStatuses:[]ContainerStatus{},Resize:,ResourceClaimStatuses:[]PodResourceClaimStatus{},HostIPs:[]HostIP{},ObservedGeneration:0,}"
I0718 18:34:25.008822   50478 worker.go:230] Probe target container not found, pod=test-namespace/test-pod, containerName=cOnTaInEr_NaMe
I0718 18:34:25.008839   50478 worker_test.go:250] "TestDoProbe" probeType="Readiness" testIndex=4 podStatus="&PodStatus{Phase:Running,Conditions:[]PodCondition{},Message:,Reason:,HostIP:,PodIP:,StartTime:<nil>,ContainerStatuses:[]ContainerStatus{},QOSClass:,InitContainerStatuses:[]ContainerStatus{ContainerStatus{Name:cOnTaInEr_NaMe,State:ContainerState{Waiting:nil,Running:nil,Terminated:nil,},LastTerminationState:ContainerState{Waiting:nil,Running:nil,Terminated:nil,},Ready:false,RestartCount:0,Image:,ImageID:,ContainerID:test://cOnTaInEr_Id,Started:*true,AllocatedResources:ResourceList{},Resources:nil,VolumeMounts:[]VolumeMountStatus{},User:nil,AllocatedResourcesStatus:[]ResourceStatus{},StopSignal:nil,},},NominatedNodeName:,PodIPs:[]PodIP{},EphemeralContainerStatuses:[]ContainerStatus{},Resize:,ResourceClaimStatuses:[]PodResourceClaimStatus{},HostIPs:[]HostIP{},ObservedGeneration:0,}"
I0718 18:34:25.008847   50478 worker.go:266] Non-running container probed, pod=test-namespace/test-pod, containerName=cOnTaInEr_NaMe
I0718 18:34:25.008866   50478 worker_test.go:250] "TestDoProbe" probeType="Readiness" testIndex=5 podStatus="&PodStatus{Phase:Running,Conditions:[]PodCondition{},Message:,Reason:,HostIP:,PodIP:,StartTime:<nil>,ContainerStatuses:[]ContainerStatus{},QOSClass:,InitContainerStatuses:[]ContainerStatus{ContainerStatus{Name:cOnTaInEr_NaMe,State:ContainerState{Waiting:nil,Running:nil,Terminated:&ContainerStateTerminated{ExitCode:0,Signal:0,Reason:,Message:,StartedAt:2025-07-18 18:34:25.008701 +0530 IST m=+0.027640751,FinishedAt:0001-01-01 00:00:00 +0000 UTC,ContainerID:,},},LastTerminationState:ContainerState{Waiting:nil,Running:nil,Terminated:nil,},Ready:false,RestartCount:0,Image:,ImageID:,ContainerID:test://cOnTaInEr_Id,Started:*true,AllocatedResources:ResourceList{},Resources:nil,VolumeMounts:[]VolumeMountStatus{},User:nil,AllocatedResourcesStatus:[]ResourceStatus{},StopSignal:nil,},},NominatedNodeName:,PodIPs:[]PodIP{},EphemeralContainerStatuses:[]ContainerStatus{},Resize:,ResourceClaimStatuses:[]PodResourceClaimStatus{},HostIPs:[]HostIP{},ObservedGeneration:0,}"
I0718 18:34:25.008873   50478 worker.go:266] Non-running container probed, pod=test-namespace/test-pod, containerName=cOnTaInEr_NaMe
    worker_test.go:288: [Readiness-5] Expected continue to be false but got true
I0718 18:34:25.008896   50478 worker_test.go:250] "TestDoProbe" probeType="Readiness" testIndex=6 podStatus="&PodStatus{Phase:Running,Conditions:[]PodCondition{},Message:,Reason:,HostIP:,PodIP:,StartTime:<nil>,ContainerStatuses:[]ContainerStatus{},QOSClass:,InitContainerStatuses:[]ContainerStatus{ContainerStatus{Name:cOnTaInEr_NaMe,State:ContainerState{Waiting:nil,Running:&ContainerStateRunning{StartedAt:2025-07-18 18:34:25.0087 +0530 IST m=+0.027639834,},Terminated:nil,},LastTerminationState:ContainerState{Waiting:nil,Running:nil,Terminated:nil,},Ready:false,RestartCount:0,Image:,ImageID:,ContainerID:test://cOnTaInEr_Id,Started:*true,AllocatedResources:ResourceList{},Resources:nil,VolumeMounts:[]VolumeMountStatus{},User:nil,AllocatedResourcesStatus:[]ResourceStatus{},StopSignal:nil,},},NominatedNodeName:,PodIPs:[]PodIP{},EphemeralContainerStatuses:[]ContainerStatus{},Resize:,ResourceClaimStatuses:[]PodResourceClaimStatus{},HostIPs:[]HostIP{},ObservedGeneration:0,}"
I0718 18:34:25.008904   50478 prober.go:153] "Exec-Probe runProbe" pod="test-namespace/test-pod" containerName="cOnTaInEr_NaMe" execCommand=["/bin/true"]
I0718 18:34:25.008907   50478 prober.go:111] "Probe succeeded" probeType="Readiness" pod="test-namespace/test-pod" podUID="pOd_UiD" containerName="cOnTaInEr_NaMe"
I0718 18:34:25.008912   50478 worker.go:306] Debug probe, pod=test-namespace/test-pod, containerName=cOnTaInEr_NaMe, probeType=Readiness, result=Success, err=<nil>
I0718 18:34:25.008929   50478 worker_test.go:250] "TestDoProbe" probeType="Readiness" testIndex=7 podStatus="&PodStatus{Phase:Running,Conditions:[]PodCondition{},Message:,Reason:,HostIP:,PodIP:,StartTime:<nil>,ContainerStatuses:[]ContainerStatus{},QOSClass:,InitContainerStatuses:[]ContainerStatus{ContainerStatus{Name:cOnTaInEr_NaMe,State:ContainerState{Waiting:nil,Running:&ContainerStateRunning{StartedAt:2025-07-18 18:34:25.0087 +0530 IST m=+0.027639834,},Terminated:nil,},LastTerminationState:ContainerState{Waiting:nil,Running:nil,Terminated:nil,},Ready:false,RestartCount:0,Image:,ImageID:,ContainerID:test://cOnTaInEr_Id,Started:*true,AllocatedResources:ResourceList{},Resources:nil,VolumeMounts:[]VolumeMountStatus{},User:nil,AllocatedResourcesStatus:[]ResourceStatus{},StopSignal:nil,},},NominatedNodeName:,PodIPs:[]PodIP{},EphemeralContainerStatuses:[]ContainerStatus{},Resize:,ResourceClaimStatuses:[]PodResourceClaimStatus{},HostIPs:[]HostIP{},ObservedGeneration:0,}"
I0718 18:34:25.008937   50478 prober.go:153] "Exec-Probe runProbe" pod="test-namespace/test-pod" containerName="cOnTaInEr_NaMe" execCommand=["/bin/true"]
I0718 18:34:25.008940   50478 prober.go:111] "Probe succeeded" probeType="Readiness" pod="test-namespace/test-pod" podUID="pOd_UiD" containerName="cOnTaInEr_NaMe"
I0718 18:34:25.008944   50478 worker.go:306] Debug probe, pod=test-namespace/test-pod, containerName=cOnTaInEr_NaMe, probeType=Readiness, result=Success, err=<nil>
I0718 18:34:25.008963   50478 worker_test.go:250] "TestDoProbe" probeType="Readiness" testIndex=8 podStatus="&PodStatus{Phase:Running,Conditions:[]PodCondition{},Message:,Reason:,HostIP:,PodIP:,StartTime:<nil>,ContainerStatuses:[]ContainerStatus{},QOSClass:,InitContainerStatuses:[]ContainerStatus{ContainerStatus{Name:cOnTaInEr_NaMe,State:ContainerState{Waiting:nil,Running:nil,Terminated:&ContainerStateTerminated{ExitCode:0,Signal:0,Reason:,Message:,StartedAt:2025-07-18 18:34:25.008702 +0530 IST m=+0.027642376,FinishedAt:0001-01-01 00:00:00 +0000 UTC,ContainerID:,},},LastTerminationState:ContainerState{Waiting:nil,Running:nil,Terminated:nil,},Ready:false,RestartCount:0,Image:,ImageID:,ContainerID:test://cOnTaInEr_Id,Started:nil,AllocatedResources:ResourceList{},Resources:nil,VolumeMounts:[]VolumeMountStatus{},User:nil,AllocatedResourcesStatus:[]ResourceStatus{},StopSignal:nil,},},NominatedNodeName:,PodIPs:[]PodIP{},EphemeralContainerStatuses:[]ContainerStatus{},Resize:,ResourceClaimStatuses:[]PodResourceClaimStatus{},HostIPs:[]HostIP{},ObservedGeneration:0,}"
I0718 18:34:25.009082   50478 worker.go:266] Non-running container probed, pod=test-namespace/test-pod, containerName=cOnTaInEr_NaMe
    worker_test.go:288: [Readiness-8] Expected continue to be false but got true
I0718 18:34:25.009134   50478 worker_test.go:250] "TestDoProbe" probeType="Readiness" testIndex=9 podStatus="&PodStatus{Phase:Running,Conditions:[]PodCondition{},Message:,Reason:,HostIP:,PodIP:,StartTime:<nil>,ContainerStatuses:[]ContainerStatus{},QOSClass:,InitContainerStatuses:[]ContainerStatus{ContainerStatus{Name:cOnTaInEr_NaMe,State:ContainerState{Waiting:nil,Running:&ContainerStateRunning{StartedAt:2025-07-18 18:34:25.008703 +0530 IST m=+0.027642834,},Terminated:nil,},LastTerminationState:ContainerState{Waiting:nil,Running:nil,Terminated:nil,},Ready:false,RestartCount:0,Image:,ImageID:,ContainerID:test://cOnTaInEr_Id,Started:*true,AllocatedResources:ResourceList{},Resources:nil,VolumeMounts:[]VolumeMountStatus{},User:nil,AllocatedResourcesStatus:[]ResourceStatus{},StopSignal:nil,},},NominatedNodeName:,PodIPs:[]PodIP{},EphemeralContainerStatuses:[]ContainerStatus{},Resize:,ResourceClaimStatuses:[]PodResourceClaimStatus{},HostIPs:[]HostIP{},ObservedGeneration:0,}"
I0718 18:34:25.009149   50478 prober.go:153] "Exec-Probe runProbe" pod="test-namespace/test-pod" containerName="cOnTaInEr_NaMe" execCommand=["/bin/true"]
I0718 18:34:25.009154   50478 prober.go:111] "Probe succeeded" probeType="Readiness" pod="test-namespace/test-pod" podUID="pOd_UiD" containerName="cOnTaInEr_NaMe"
I0718 18:34:25.009159   50478 worker.go:306] Debug probe, pod=test-namespace/test-pod, containerName=cOnTaInEr_NaMe, probeType=Readiness, result=Success, err=<nil>
I0718 18:34:25.009192   50478 worker_test.go:250] "TestDoProbe" probeType="Startup" testIndex=0 podStatus="&PodStatus{Phase:Running,Conditions:[]PodCondition{},Message:,Reason:,HostIP:,PodIP:,StartTime:<nil>,ContainerStatuses:[]ContainerStatus{},QOSClass:,InitContainerStatuses:[]ContainerStatus{ContainerStatus{Name:cOnTaInEr_NaMe,State:ContainerState{Waiting:nil,Running:nil,Terminated:nil,},LastTerminationState:ContainerState{Waiting:nil,Running:nil,Terminated:nil,},Ready:false,RestartCount:0,Image:,ImageID:,ContainerID:test://cOnTaInEr_Id,Started:*false,AllocatedResources:ResourceList{},Resources:nil,VolumeMounts:[]VolumeMountStatus{},User:nil,AllocatedResourcesStatus:[]ResourceStatus{},StopSignal:nil,},},NominatedNodeName:,PodIPs:[]PodIP{},EphemeralContainerStatuses:[]ContainerStatus{},Resize:,ResourceClaimStatuses:[]PodResourceClaimStatus{},HostIPs:[]HostIP{},ObservedGeneration:0,}"
I0718 18:34:25.009205   50478 worker.go:266] Non-running container probed, pod=test-namespace/test-pod, containerName=cOnTaInEr_NaMe
    worker_test.go:295: [Startup-0] Expected result: Success but got UNKNOWN
I0718 18:34:25.009236   50478 worker_test.go:250] "TestDoProbe" probeType="Startup" testIndex=1 podStatus="&PodStatus{Phase:Failed,Conditions:[]PodCondition{},Message:,Reason:,HostIP:,PodIP:,StartTime:<nil>,ContainerStatuses:[]ContainerStatus{},QOSClass:,InitContainerStatuses:[]ContainerStatus{ContainerStatus{Name:cOnTaInEr_NaMe,State:ContainerState{Waiting:nil,Running:nil,Terminated:nil,},LastTerminationState:ContainerState{Waiting:nil,Running:nil,Terminated:nil,},Ready:false,RestartCount:0,Image:,ImageID:,ContainerID:test://cOnTaInEr_Id,Started:*false,AllocatedResources:ResourceList{},Resources:nil,VolumeMounts:[]VolumeMountStatus{},User:nil,AllocatedResourcesStatus:[]ResourceStatus{},StopSignal:nil,},},NominatedNodeName:,PodIPs:[]PodIP{},EphemeralContainerStatuses:[]ContainerStatus{},Resize:,ResourceClaimStatuses:[]PodResourceClaimStatus{},HostIPs:[]HostIP{},ObservedGeneration:0,}"
I0718 18:34:25.009247   50478 worker.go:217] Pod is terminated, exiting probe worker, pod=test-namespace/test-pod, phase=Failed
I0718 18:34:25.009278   50478 worker_test.go:250] "TestDoProbe" probeType="Startup" testIndex=2 podStatus="&PodStatus{Phase:Running,Conditions:[]PodCondition{},Message:,Reason:,HostIP:,PodIP:,StartTime:<nil>,ContainerStatuses:[]ContainerStatus{},QOSClass:,InitContainerStatuses:[]ContainerStatus{ContainerStatus{Name:cOnTaInEr_NaMe,State:ContainerState{Waiting:nil,Running:nil,Terminated:nil,},LastTerminationState:ContainerState{Waiting:nil,Running:nil,Terminated:nil,},Ready:false,RestartCount:0,Image:,ImageID:,ContainerID:test://cOnTaInEr_Id,Started:*false,AllocatedResources:ResourceList{},Resources:nil,VolumeMounts:[]VolumeMountStatus{},User:nil,AllocatedResourcesStatus:[]ResourceStatus{},StopSignal:nil,},},NominatedNodeName:,PodIPs:[]PodIP{},EphemeralContainerStatuses:[]ContainerStatus{},Resize:,ResourceClaimStatuses:[]PodResourceClaimStatus{},HostIPs:[]HostIP{},ObservedGeneration:0,}"
I0718 18:34:25.009306   50478 worker.go:254] Pod deletion requested, setting probe result to success, probeType=Startup, pod=test-namespace/test-pod, containerName=cOnTaInEr_NaMe
I0718 18:34:25.009312   50478 worker.go:257] Pod deletion requested before container has fully started, pod=test-namespace/test-pod, containerName=cOnTaInEr_NaMe
I0718 18:34:25.009342   50478 worker_test.go:250] "TestDoProbe" probeType="Startup" testIndex=3 podStatus="&PodStatus{Phase:Running,Conditions:[]PodCondition{},Message:,Reason:,HostIP:,PodIP:,StartTime:<nil>,ContainerStatuses:[]ContainerStatus{},QOSClass:,InitContainerStatuses:[]ContainerStatus{ContainerStatus{Name:otherContainer,State:ContainerState{Waiting:nil,Running:nil,Terminated:nil,},LastTerminationState:ContainerState{Waiting:nil,Running:nil,Terminated:nil,},Ready:false,RestartCount:0,Image:,ImageID:,ContainerID:test://cOnTaInEr_Id,Started:*false,AllocatedResources:ResourceList{},Resources:nil,VolumeMounts:[]VolumeMountStatus{},User:nil,AllocatedResourcesStatus:[]ResourceStatus{},StopSignal:nil,},},NominatedNodeName:,PodIPs:[]PodIP{},EphemeralContainerStatuses:[]ContainerStatus{},Resize:,ResourceClaimStatuses:[]PodResourceClaimStatus{},HostIPs:[]HostIP{},ObservedGeneration:0,}"
I0718 18:34:25.009358   50478 worker.go:230] Probe target container not found, pod=test-namespace/test-pod, containerName=cOnTaInEr_NaMe
I0718 18:34:25.009382   50478 worker_test.go:250] "TestDoProbe" probeType="Startup" testIndex=4 podStatus="&PodStatus{Phase:Running,Conditions:[]PodCondition{},Message:,Reason:,HostIP:,PodIP:,StartTime:<nil>,ContainerStatuses:[]ContainerStatus{},QOSClass:,InitContainerStatuses:[]ContainerStatus{ContainerStatus{Name:cOnTaInEr_NaMe,State:ContainerState{Waiting:nil,Running:nil,Terminated:nil,},LastTerminationState:ContainerState{Waiting:nil,Running:nil,Terminated:nil,},Ready:false,RestartCount:0,Image:,ImageID:,ContainerID:test://cOnTaInEr_Id,Started:*false,AllocatedResources:ResourceList{},Resources:nil,VolumeMounts:[]VolumeMountStatus{},User:nil,AllocatedResourcesStatus:[]ResourceStatus{},StopSignal:nil,},},NominatedNodeName:,PodIPs:[]PodIP{},EphemeralContainerStatuses:[]ContainerStatus{},Resize:,ResourceClaimStatuses:[]PodResourceClaimStatus{},HostIPs:[]HostIP{},ObservedGeneration:0,}"
I0718 18:34:25.009402   50478 worker.go:266] Non-running container probed, pod=test-namespace/test-pod, containerName=cOnTaInEr_NaMe
    worker_test.go:295: [Startup-4] Expected result: Failure but got UNKNOWN
I0718 18:34:25.009508   50478 worker_test.go:250] "TestDoProbe" probeType="Startup" testIndex=5 podStatus="&PodStatus{Phase:Running,Conditions:[]PodCondition{},Message:,Reason:,HostIP:,PodIP:,StartTime:<nil>,ContainerStatuses:[]ContainerStatus{},QOSClass:,InitContainerStatuses:[]ContainerStatus{ContainerStatus{Name:cOnTaInEr_NaMe,State:ContainerState{Waiting:nil,Running:nil,Terminated:&ContainerStateTerminated{ExitCode:0,Signal:0,Reason:,Message:,StartedAt:2025-07-18 18:34:25.009166 +0530 IST m=+0.028106126,FinishedAt:0001-01-01 00:00:00 +0000 UTC,ContainerID:,},},LastTerminationState:ContainerState{Waiting:nil,Running:nil,Terminated:nil,},Ready:false,RestartCount:0,Image:,ImageID:,ContainerID:test://cOnTaInEr_Id,Started:*false,AllocatedResources:ResourceList{},Resources:nil,VolumeMounts:[]VolumeMountStatus{},User:nil,AllocatedResourcesStatus:[]ResourceStatus{},StopSignal:nil,},},NominatedNodeName:,PodIPs:[]PodIP{},EphemeralContainerStatuses:[]ContainerStatus{},Resize:,ResourceClaimStatuses:[]PodResourceClaimStatus{},HostIPs:[]HostIP{},ObservedGeneration:0,}"
I0718 18:34:25.009520   50478 worker.go:266] Non-running container probed, pod=test-namespace/test-pod, containerName=cOnTaInEr_NaMe
    worker_test.go:288: [Startup-5] Expected continue to be false but got true
I0718 18:34:25.009544   50478 worker_test.go:250] "TestDoProbe" probeType="Startup" testIndex=6 podStatus="&PodStatus{Phase:Running,Conditions:[]PodCondition{},Message:,Reason:,HostIP:,PodIP:,StartTime:<nil>,ContainerStatuses:[]ContainerStatus{},QOSClass:,InitContainerStatuses:[]ContainerStatus{ContainerStatus{Name:cOnTaInEr_NaMe,State:ContainerState{Waiting:nil,Running:nil,Terminated:nil,},LastTerminationState:ContainerState{Waiting:nil,Running:nil,Terminated:nil,},Ready:false,RestartCount:0,Image:,ImageID:,ContainerID:test://cOnTaInEr_Id,Started:*false,AllocatedResources:ResourceList{},Resources:nil,VolumeMounts:[]VolumeMountStatus{},User:nil,AllocatedResourcesStatus:[]ResourceStatus{},StopSignal:nil,},},NominatedNodeName:,PodIPs:[]PodIP{},EphemeralContainerStatuses:[]ContainerStatus{},Resize:,ResourceClaimStatuses:[]PodResourceClaimStatus{},HostIPs:[]HostIP{},ObservedGeneration:0,}"
I0718 18:34:25.009552   50478 worker.go:266] Non-running container probed, pod=test-namespace/test-pod, containerName=cOnTaInEr_NaMe
    worker_test.go:295: [Startup-6] Expected result: Success but got UNKNOWN
I0718 18:34:25.009574   50478 worker_test.go:250] "TestDoProbe" probeType="Startup" testIndex=7 podStatus="&PodStatus{Phase:Running,Conditions:[]PodCondition{},Message:,Reason:,HostIP:,PodIP:,StartTime:<nil>,ContainerStatuses:[]ContainerStatus{},QOSClass:,InitContainerStatuses:[]ContainerStatus{ContainerStatus{Name:cOnTaInEr_NaMe,State:ContainerState{Waiting:nil,Running:nil,Terminated:nil,},LastTerminationState:ContainerState{Waiting:nil,Running:nil,Terminated:nil,},Ready:false,RestartCount:0,Image:,ImageID:,ContainerID:test://cOnTaInEr_Id,Started:*false,AllocatedResources:ResourceList{},Resources:nil,VolumeMounts:[]VolumeMountStatus{},User:nil,AllocatedResourcesStatus:[]ResourceStatus{},StopSignal:nil,},},NominatedNodeName:,PodIPs:[]PodIP{},EphemeralContainerStatuses:[]ContainerStatus{},Resize:,ResourceClaimStatuses:[]PodResourceClaimStatus{},HostIPs:[]HostIP{},ObservedGeneration:0,}"
I0718 18:34:25.009581   50478 worker.go:266] Non-running container probed, pod=test-namespace/test-pod, containerName=cOnTaInEr_NaMe
    worker_test.go:295: [Startup-7] Expected result: Success but got UNKNOWN
I0718 18:34:25.009605   50478 worker_test.go:250] "TestDoProbe" probeType="Startup" testIndex=8 podStatus="&PodStatus{Phase:Running,Conditions:[]PodCondition{},Message:,Reason:,HostIP:,PodIP:,StartTime:<nil>,ContainerStatuses:[]ContainerStatus{},QOSClass:,InitContainerStatuses:[]ContainerStatus{ContainerStatus{Name:cOnTaInEr_NaMe,State:ContainerState{Waiting:nil,Running:nil,Terminated:&ContainerStateTerminated{ExitCode:0,Signal:0,Reason:,Message:,StartedAt:2025-07-18 18:34:25.009171 +0530 IST m=+0.028110459,FinishedAt:0001-01-01 00:00:00 +0000 UTC,ContainerID:,},},LastTerminationState:ContainerState{Waiting:nil,Running:nil,Terminated:nil,},Ready:false,RestartCount:0,Image:,ImageID:,ContainerID:test://cOnTaInEr_Id,Started:nil,AllocatedResources:ResourceList{},Resources:nil,VolumeMounts:[]VolumeMountStatus{},User:nil,AllocatedResourcesStatus:[]ResourceStatus{},StopSignal:nil,},},NominatedNodeName:,PodIPs:[]PodIP{},EphemeralContainerStatuses:[]ContainerStatus{},Resize:,ResourceClaimStatuses:[]PodResourceClaimStatus{},HostIPs:[]HostIP{},ObservedGeneration:0,}"
I0718 18:34:25.009613   50478 worker.go:266] Non-running container probed, pod=test-namespace/test-pod, containerName=cOnTaInEr_NaMe
    worker_test.go:288: [Startup-8] Expected continue to be false but got true
I0718 18:34:25.009637   50478 worker_test.go:250] "TestDoProbe" probeType="Startup" testIndex=9 podStatus="&PodStatus{Phase:Running,Conditions:[]PodCondition{},Message:,Reason:,HostIP:,PodIP:,StartTime:<nil>,ContainerStatuses:[]ContainerStatus{},QOSClass:,InitContainerStatuses:[]ContainerStatus{ContainerStatus{Name:cOnTaInEr_NaMe,State:ContainerState{Waiting:nil,Running:&ContainerStateRunning{StartedAt:2025-07-18 18:34:25.009171 +0530 IST m=+0.028110876,},Terminated:nil,},LastTerminationState:ContainerState{Waiting:nil,Running:nil,Terminated:nil,},Ready:false,RestartCount:0,Image:,ImageID:,ContainerID:test://cOnTaInEr_Id,Started:*true,AllocatedResources:ResourceList{},Resources:nil,VolumeMounts:[]VolumeMountStatus{},User:nil,AllocatedResourcesStatus:[]ResourceStatus{},StopSignal:nil,},},NominatedNodeName:,PodIPs:[]PodIP{},EphemeralContainerStatuses:[]ContainerStatus{},Resize:,ResourceClaimStatuses:[]PodResourceClaimStatus{},HostIPs:[]HostIP{},ObservedGeneration:0,}"
I0718 18:34:25.009645   50478 worker.go:292] Startup probe stopped, container started, pod=test-namespace/test-pod, containerName=cOnTaInEr_NaMe
    worker_test.go:288: [Startup-9] Expected continue to be true but got false
--- FAIL: TestDoProbe (0.00s)
=== RUN   TestDoProbe
I0718 18:34:25.009751   50478 worker_test.go:250] "TestDoProbe" probeType="Liveness" testIndex=0 podStatus="&PodStatus{Phase:Running,Conditions:[]PodCondition{},Message:,Reason:,HostIP:,PodIP:,StartTime:<nil>,ContainerStatuses:[]ContainerStatus{},QOSClass:,InitContainerStatuses:[]ContainerStatus{ContainerStatus{Name:cOnTaInEr_NaMe,State:ContainerState{Waiting:nil,Running:&ContainerStateRunning{StartedAt:2025-07-18 18:34:25.009721 +0530 IST m=+0.028661292,},Terminated:nil,},LastTerminationState:ContainerState{Waiting:nil,Running:nil,Terminated:nil,},Ready:false,RestartCount:0,Image:,ImageID:,ContainerID:test://cOnTaInEr_Id,Started:*true,AllocatedResources:ResourceList{},Resources:nil,VolumeMounts:[]VolumeMountStatus{},User:nil,AllocatedResourcesStatus:[]ResourceStatus{},StopSignal:nil,},},NominatedNodeName:,PodIPs:[]PodIP{},EphemeralContainerStatuses:[]ContainerStatus{},Resize:,ResourceClaimStatuses:[]PodResourceClaimStatus{},HostIPs:[]HostIP{},ObservedGeneration:0,}"
I0718 18:34:25.009761   50478 prober.go:153] "Exec-Probe runProbe" pod="test-namespace/test-pod" containerName="cOnTaInEr_NaMe" execCommand=["/bin/true"]
I0718 18:34:25.009765   50478 prober.go:111] "Probe succeeded" probeType="Liveness" pod="test-namespace/test-pod" podUID="pOd_UiD" containerName="cOnTaInEr_NaMe"
I0718 18:34:25.009769   50478 worker.go:306] Debug probe, pod=test-namespace/test-pod, containerName=cOnTaInEr_NaMe, probeType=Liveness, result=Success, err=<nil>
I0718 18:34:25.009806   50478 worker_test.go:250] "TestDoProbe" probeType="Liveness" testIndex=1 podStatus="&PodStatus{Phase:Failed,Conditions:[]PodCondition{},Message:,Reason:,HostIP:,PodIP:,StartTime:<nil>,ContainerStatuses:[]ContainerStatus{},QOSClass:,InitContainerStatuses:[]ContainerStatus{ContainerStatus{Name:cOnTaInEr_NaMe,State:ContainerState{Waiting:nil,Running:&ContainerStateRunning{StartedAt:2025-07-18 18:34:25.009723 +0530 IST m=+0.028662917,},Terminated:nil,},LastTerminationState:ContainerState{Waiting:nil,Running:nil,Terminated:nil,},Ready:false,RestartCount:0,Image:,ImageID:,ContainerID:test://cOnTaInEr_Id,Started:*true,AllocatedResources:ResourceList{},Resources:nil,VolumeMounts:[]VolumeMountStatus{},User:nil,AllocatedResourcesStatus:[]ResourceStatus{},StopSignal:nil,},},NominatedNodeName:,PodIPs:[]PodIP{},EphemeralContainerStatuses:[]ContainerStatus{},Resize:,ResourceClaimStatuses:[]PodResourceClaimStatus{},HostIPs:[]HostIP{},ObservedGeneration:0,}"
I0718 18:34:25.009813   50478 worker.go:217] Pod is terminated, exiting probe worker, pod=test-namespace/test-pod, phase=Failed
I0718 18:34:25.009833   50478 worker_test.go:250] "TestDoProbe" probeType="Liveness" testIndex=2 podStatus="&PodStatus{Phase:Running,Conditions:[]PodCondition{},Message:,Reason:,HostIP:,PodIP:,StartTime:<nil>,ContainerStatuses:[]ContainerStatus{},QOSClass:,InitContainerStatuses:[]ContainerStatus{ContainerStatus{Name:cOnTaInEr_NaMe,State:ContainerState{Waiting:nil,Running:&ContainerStateRunning{StartedAt:2025-07-18 18:34:25.009721 +0530 IST m=+0.028661292,},Terminated:nil,},LastTerminationState:ContainerState{Waiting:nil,Running:nil,Terminated:nil,},Ready:false,RestartCount:0,Image:,ImageID:,ContainerID:test://cOnTaInEr_Id,Started:*true,AllocatedResources:ResourceList{},Resources:nil,VolumeMounts:[]VolumeMountStatus{},User:nil,AllocatedResourcesStatus:[]ResourceStatus{},StopSignal:nil,},},NominatedNodeName:,PodIPs:[]PodIP{},EphemeralContainerStatuses:[]ContainerStatus{},Resize:,ResourceClaimStatuses:[]PodResourceClaimStatus{},HostIPs:[]HostIP{},ObservedGeneration:0,}"
I0718 18:34:25.009841   50478 worker.go:254] Pod deletion requested, setting probe result to success, probeType=Liveness, pod=test-namespace/test-pod, containerName=cOnTaInEr_NaMe
I0718 18:34:25.009861   50478 worker_test.go:250] "TestDoProbe" probeType="Liveness" testIndex=3 podStatus="&PodStatus{Phase:Running,Conditions:[]PodCondition{},Message:,Reason:,HostIP:,PodIP:,StartTime:<nil>,ContainerStatuses:[]ContainerStatus{},QOSClass:,InitContainerStatuses:[]ContainerStatus{ContainerStatus{Name:otherContainer,State:ContainerState{Waiting:nil,Running:&ContainerStateRunning{StartedAt:2025-07-18 18:34:25.009723 +0530 IST m=+0.028662501,},Terminated:nil,},LastTerminationState:ContainerState{Waiting:nil,Running:nil,Terminated:nil,},Ready:false,RestartCount:0,Image:,ImageID:,ContainerID:test://cOnTaInEr_Id,Started:*true,AllocatedResources:ResourceList{},Resources:nil,VolumeMounts:[]VolumeMountStatus{},User:nil,AllocatedResourcesStatus:[]ResourceStatus{},StopSignal:nil,},},NominatedNodeName:,PodIPs:[]PodIP{},EphemeralContainerStatuses:[]ContainerStatus{},Resize:,ResourceClaimStatuses:[]PodResourceClaimStatus{},HostIPs:[]HostIP{},ObservedGeneration:0,}"
I0718 18:34:25.009870   50478 worker.go:230] Probe target container not found, pod=test-namespace/test-pod, containerName=cOnTaInEr_NaMe
I0718 18:34:25.009886   50478 worker_test.go:250] "TestDoProbe" probeType="Liveness" testIndex=4 podStatus="&PodStatus{Phase:Running,Conditions:[]PodCondition{},Message:,Reason:,HostIP:,PodIP:,StartTime:<nil>,ContainerStatuses:[]ContainerStatus{},QOSClass:,InitContainerStatuses:[]ContainerStatus{ContainerStatus{Name:cOnTaInEr_NaMe,State:ContainerState{Waiting:nil,Running:nil,Terminated:nil,},LastTerminationState:ContainerState{Waiting:nil,Running:nil,Terminated:nil,},Ready:false,RestartCount:0,Image:,ImageID:,ContainerID:test://cOnTaInEr_Id,Started:*true,AllocatedResources:ResourceList{},Resources:nil,VolumeMounts:[]VolumeMountStatus{},User:nil,AllocatedResourcesStatus:[]ResourceStatus{},StopSignal:nil,},},NominatedNodeName:,PodIPs:[]PodIP{},EphemeralContainerStatuses:[]ContainerStatus{},Resize:,ResourceClaimStatuses:[]PodResourceClaimStatus{},HostIPs:[]HostIP{},ObservedGeneration:0,}"
I0718 18:34:25.009894   50478 worker.go:266] Non-running container probed, pod=test-namespace/test-pod, containerName=cOnTaInEr_NaMe
    worker_test.go:288: [Liveness-4] Expected continue to be true but got false
I0718 18:34:25.009919   50478 worker_test.go:250] "TestDoProbe" probeType="Liveness" testIndex=5 podStatus="&PodStatus{Phase:Running,Conditions:[]PodCondition{},Message:,Reason:,HostIP:,PodIP:,StartTime:<nil>,ContainerStatuses:[]ContainerStatus{},QOSClass:,InitContainerStatuses:[]ContainerStatus{ContainerStatus{Name:cOnTaInEr_NaMe,State:ContainerState{Waiting:nil,Running:nil,Terminated:&ContainerStateTerminated{ExitCode:0,Signal:0,Reason:,Message:,StartedAt:2025-07-18 18:34:25.009722 +0530 IST m=+0.028662126,FinishedAt:0001-01-01 00:00:00 +0000 UTC,ContainerID:,},},LastTerminationState:ContainerState{Waiting:nil,Running:nil,Terminated:nil,},Ready:false,RestartCount:0,Image:,ImageID:,ContainerID:test://cOnTaInEr_Id,Started:*true,AllocatedResources:ResourceList{},Resources:nil,VolumeMounts:[]VolumeMountStatus{},User:nil,AllocatedResourcesStatus:[]ResourceStatus{},StopSignal:nil,},},NominatedNodeName:,PodIPs:[]PodIP{},EphemeralContainerStatuses:[]ContainerStatus{},Resize:,ResourceClaimStatuses:[]PodResourceClaimStatus{},HostIPs:[]HostIP{},ObservedGeneration:0,}"
I0718 18:34:25.009930   50478 worker.go:266] Non-running container probed, pod=test-namespace/test-pod, containerName=cOnTaInEr_NaMe
    worker_test.go:288: [Liveness-5] Expected continue to be false but got true
I0718 18:34:25.009955   50478 worker_test.go:250] "TestDoProbe" probeType="Liveness" testIndex=6 podStatus="&PodStatus{Phase:Running,Conditions:[]PodCondition{},Message:,Reason:,HostIP:,PodIP:,StartTime:<nil>,ContainerStatuses:[]ContainerStatus{},QOSClass:,InitContainerStatuses:[]ContainerStatus{ContainerStatus{Name:cOnTaInEr_NaMe,State:ContainerState{Waiting:nil,Running:&ContainerStateRunning{StartedAt:2025-07-18 18:34:25.009721 +0530 IST m=+0.028661292,},Terminated:nil,},LastTerminationState:ContainerState{Waiting:nil,Running:nil,Terminated:nil,},Ready:false,RestartCount:0,Image:,ImageID:,ContainerID:test://cOnTaInEr_Id,Started:*true,AllocatedResources:ResourceList{},Resources:nil,VolumeMounts:[]VolumeMountStatus{},User:nil,AllocatedResourcesStatus:[]ResourceStatus{},StopSignal:nil,},},NominatedNodeName:,PodIPs:[]PodIP{},EphemeralContainerStatuses:[]ContainerStatus{},Resize:,ResourceClaimStatuses:[]PodResourceClaimStatus{},HostIPs:[]HostIP{},ObservedGeneration:0,}"
I0718 18:34:25.009963   50478 prober.go:153] "Exec-Probe runProbe" pod="test-namespace/test-pod" containerName="cOnTaInEr_NaMe" execCommand=["/bin/true"]
I0718 18:34:25.009967   50478 prober.go:111] "Probe succeeded" probeType="Liveness" pod="test-namespace/test-pod" podUID="pOd_UiD" containerName="cOnTaInEr_NaMe"
I0718 18:34:25.009972   50478 worker.go:306] Debug probe, pod=test-namespace/test-pod, containerName=cOnTaInEr_NaMe, probeType=Liveness, result=Success, err=<nil>
I0718 18:34:25.009990   50478 worker_test.go:250] "TestDoProbe" probeType="Liveness" testIndex=7 podStatus="&PodStatus{Phase:Running,Conditions:[]PodCondition{},Message:,Reason:,HostIP:,PodIP:,StartTime:<nil>,ContainerStatuses:[]ContainerStatus{},QOSClass:,InitContainerStatuses:[]ContainerStatus{ContainerStatus{Name:cOnTaInEr_NaMe,State:ContainerState{Waiting:nil,Running:&ContainerStateRunning{StartedAt:2025-07-18 18:34:25.009721 +0530 IST m=+0.028661292,},Terminated:nil,},LastTerminationState:ContainerState{Waiting:nil,Running:nil,Terminated:nil,},Ready:false,RestartCount:0,Image:,ImageID:,ContainerID:test://cOnTaInEr_Id,Started:*true,AllocatedResources:ResourceList{},Resources:nil,VolumeMounts:[]VolumeMountStatus{},User:nil,AllocatedResourcesStatus:[]ResourceStatus{},StopSignal:nil,},},NominatedNodeName:,PodIPs:[]PodIP{},EphemeralContainerStatuses:[]ContainerStatus{},Resize:,ResourceClaimStatuses:[]PodResourceClaimStatus{},HostIPs:[]HostIP{},ObservedGeneration:0,}"
I0718 18:34:25.009997   50478 prober.go:153] "Exec-Probe runProbe" pod="test-namespace/test-pod" containerName="cOnTaInEr_NaMe" execCommand=["/bin/true"]
I0718 18:34:25.010001   50478 prober.go:111] "Probe succeeded" probeType="Liveness" pod="test-namespace/test-pod" podUID="pOd_UiD" containerName="cOnTaInEr_NaMe"
I0718 18:34:25.010005   50478 worker.go:306] Debug probe, pod=test-namespace/test-pod, containerName=cOnTaInEr_NaMe, probeType=Liveness, result=Success, err=<nil>
I0718 18:34:25.010025   50478 worker_test.go:250] "TestDoProbe" probeType="Liveness" testIndex=8 podStatus="&PodStatus{Phase:Running,Conditions:[]PodCondition{},Message:,Reason:,HostIP:,PodIP:,StartTime:<nil>,ContainerStatuses:[]ContainerStatus{},QOSClass:,InitContainerStatuses:[]ContainerStatus{ContainerStatus{Name:cOnTaInEr_NaMe,State:ContainerState{Waiting:nil,Running:nil,Terminated:&ContainerStateTerminated{ExitCode:0,Signal:0,Reason:,Message:,StartedAt:2025-07-18 18:34:25.009724 +0530 IST m=+0.028664334,FinishedAt:0001-01-01 00:00:00 +0000 UTC,ContainerID:,},},LastTerminationState:ContainerState{Waiting:nil,Running:nil,Terminated:nil,},Ready:false,RestartCount:0,Image:,ImageID:,ContainerID:test://cOnTaInEr_Id,Started:nil,AllocatedResources:ResourceList{},Resources:nil,VolumeMounts:[]VolumeMountStatus{},User:nil,AllocatedResourcesStatus:[]ResourceStatus{},StopSignal:nil,},},NominatedNodeName:,PodIPs:[]PodIP{},EphemeralContainerStatuses:[]ContainerStatus{},Resize:,ResourceClaimStatuses:[]PodResourceClaimStatus{},HostIPs:[]HostIP{},ObservedGeneration:0,}"
I0718 18:34:25.010034   50478 worker.go:266] Non-running container probed, pod=test-namespace/test-pod, containerName=cOnTaInEr_NaMe
    worker_test.go:288: [Liveness-8] Expected continue to be false but got true
I0718 18:34:25.010059   50478 worker_test.go:250] "TestDoProbe" probeType="Liveness" testIndex=9 podStatus="&PodStatus{Phase:Running,Conditions:[]PodCondition{},Message:,Reason:,HostIP:,PodIP:,StartTime:<nil>,ContainerStatuses:[]ContainerStatus{},QOSClass:,InitContainerStatuses:[]ContainerStatus{ContainerStatus{Name:cOnTaInEr_NaMe,State:ContainerState{Waiting:nil,Running:&ContainerStateRunning{StartedAt:2025-07-18 18:34:25.009725 +0530 IST m=+0.028664584,},Terminated:nil,},LastTerminationState:ContainerState{Waiting:nil,Running:nil,Terminated:nil,},Ready:false,RestartCount:0,Image:,ImageID:,ContainerID:test://cOnTaInEr_Id,Started:*true,AllocatedResources:ResourceList{},Resources:nil,VolumeMounts:[]VolumeMountStatus{},User:nil,AllocatedResourcesStatus:[]ResourceStatus{},StopSignal:nil,},},NominatedNodeName:,PodIPs:[]PodIP{},EphemeralContainerStatuses:[]ContainerStatus{},Resize:,ResourceClaimStatuses:[]PodResourceClaimStatus{},HostIPs:[]HostIP{},ObservedGeneration:0,}"
I0718 18:34:25.010066   50478 prober.go:153] "Exec-Probe runProbe" pod="test-namespace/test-pod" containerName="cOnTaInEr_NaMe" execCommand=["/bin/true"]
I0718 18:34:25.010070   50478 prober.go:111] "Probe succeeded" probeType="Liveness" pod="test-namespace/test-pod" podUID="pOd_UiD" containerName="cOnTaInEr_NaMe"
I0718 18:34:25.010074   50478 worker.go:306] Debug probe, pod=test-namespace/test-pod, containerName=cOnTaInEr_NaMe, probeType=Liveness, result=Success, err=<nil>
I0718 18:34:25.010099   50478 worker_test.go:250] "TestDoProbe" probeType="Readiness" testIndex=0 podStatus="&PodStatus{Phase:Running,Conditions:[]PodCondition{},Message:,Reason:,HostIP:,PodIP:,StartTime:<nil>,ContainerStatuses:[]ContainerStatus{},QOSClass:,InitContainerStatuses:[]ContainerStatus{ContainerStatus{Name:cOnTaInEr_NaMe,State:ContainerState{Waiting:nil,Running:&ContainerStateRunning{StartedAt:2025-07-18 18:34:25.010076 +0530 IST m=+0.029015792,},Terminated:nil,},LastTerminationState:ContainerState{Waiting:nil,Running:nil,Terminated:nil,},Ready:false,RestartCount:0,Image:,ImageID:,ContainerID:test://cOnTaInEr_Id,Started:*true,AllocatedResources:ResourceList{},Resources:nil,VolumeMounts:[]VolumeMountStatus{},User:nil,AllocatedResourcesStatus:[]ResourceStatus{},StopSignal:nil,},},NominatedNodeName:,PodIPs:[]PodIP{},EphemeralContainerStatuses:[]ContainerStatus{},Resize:,ResourceClaimStatuses:[]PodResourceClaimStatus{},HostIPs:[]HostIP{},ObservedGeneration:0,}"
I0718 18:34:25.010107   50478 prober.go:153] "Exec-Probe runProbe" pod="test-namespace/test-pod" containerName="cOnTaInEr_NaMe" execCommand=["/bin/true"]
I0718 18:34:25.010110   50478 prober.go:111] "Probe succeeded" probeType="Readiness" pod="test-namespace/test-pod" podUID="pOd_UiD" containerName="cOnTaInEr_NaMe"
I0718 18:34:25.010115   50478 worker.go:306] Debug probe, pod=test-namespace/test-pod, containerName=cOnTaInEr_NaMe, probeType=Readiness, result=Success, err=<nil>
I0718 18:34:25.010134   50478 worker_test.go:250] "TestDoProbe" probeType="Readiness" testIndex=1 podStatus="&PodStatus{Phase:Failed,Conditions:[]PodCondition{},Message:,Reason:,HostIP:,PodIP:,StartTime:<nil>,ContainerStatuses:[]ContainerStatus{},QOSClass:,InitContainerStatuses:[]ContainerStatus{ContainerStatus{Name:cOnTaInEr_NaMe,State:ContainerState{Waiting:nil,Running:&ContainerStateRunning{StartedAt:2025-07-18 18:34:25.010077 +0530 IST m=+0.029017292,},Terminated:nil,},LastTerminationState:ContainerState{Waiting:nil,Running:nil,Terminated:nil,},Ready:false,RestartCount:0,Image:,ImageID:,ContainerID:test://cOnTaInEr_Id,Started:*true,AllocatedResources:ResourceList{},Resources:nil,VolumeMounts:[]VolumeMountStatus{},User:nil,AllocatedResourcesStatus:[]ResourceStatus{},StopSignal:nil,},},NominatedNodeName:,PodIPs:[]PodIP{},EphemeralContainerStatuses:[]ContainerStatus{},Resize:,ResourceClaimStatuses:[]PodResourceClaimStatus{},HostIPs:[]HostIP{},ObservedGeneration:0,}"
I0718 18:34:25.010139   50478 worker.go:217] Pod is terminated, exiting probe worker, pod=test-namespace/test-pod, phase=Failed
I0718 18:34:25.010157   50478 worker_test.go:250] "TestDoProbe" probeType="Readiness" testIndex=2 podStatus="&PodStatus{Phase:Running,Conditions:[]PodCondition{},Message:,Reason:,HostIP:,PodIP:,StartTime:<nil>,ContainerStatuses:[]ContainerStatus{},QOSClass:,InitContainerStatuses:[]ContainerStatus{ContainerStatus{Name:cOnTaInEr_NaMe,State:ContainerState{Waiting:nil,Running:&ContainerStateRunning{StartedAt:2025-07-18 18:34:25.010076 +0530 IST m=+0.029015792,},Terminated:nil,},LastTerminationState:ContainerState{Waiting:nil,Running:nil,Terminated:nil,},Ready:false,RestartCount:0,Image:,ImageID:,ContainerID:test://cOnTaInEr_Id,Started:*true,AllocatedResources:ResourceList{},Resources:nil,VolumeMounts:[]VolumeMountStatus{},User:nil,AllocatedResourcesStatus:[]ResourceStatus{},StopSignal:nil,},},NominatedNodeName:,PodIPs:[]PodIP{},EphemeralContainerStatuses:[]ContainerStatus{},Resize:,ResourceClaimStatuses:[]PodResourceClaimStatus{},HostIPs:[]HostIP{},ObservedGeneration:0,}"
I0718 18:34:25.010164   50478 prober.go:153] "Exec-Probe runProbe" pod="test-namespace/test-pod" containerName="cOnTaInEr_NaMe" execCommand=["/bin/true"]
I0718 18:34:25.010168   50478 prober.go:111] "Probe succeeded" probeType="Readiness" pod="test-namespace/test-pod" podUID="pOd_UiD" containerName="cOnTaInEr_NaMe"
I0718 18:34:25.010173   50478 worker.go:306] Debug probe, pod=test-namespace/test-pod, containerName=cOnTaInEr_NaMe, probeType=Readiness, result=Success, err=<nil>
I0718 18:34:25.010191   50478 worker_test.go:250] "TestDoProbe" probeType="Readiness" testIndex=3 podStatus="&PodStatus{Phase:Running,Conditions:[]PodCondition{},Message:,Reason:,HostIP:,PodIP:,StartTime:<nil>,ContainerStatuses:[]ContainerStatus{},QOSClass:,InitContainerStatuses:[]ContainerStatus{ContainerStatus{Name:otherContainer,State:ContainerState{Waiting:nil,Running:&ContainerStateRunning{StartedAt:2025-07-18 18:34:25.010077 +0530 IST m=+0.029016959,},Terminated:nil,},LastTerminationState:ContainerState{Waiting:nil,Running:nil,Terminated:nil,},Ready:false,RestartCount:0,Image:,ImageID:,ContainerID:test://cOnTaInEr_Id,Started:*true,AllocatedResources:ResourceList{},Resources:nil,VolumeMounts:[]VolumeMountStatus{},User:nil,AllocatedResourcesStatus:[]ResourceStatus{},StopSignal:nil,},},NominatedNodeName:,PodIPs:[]PodIP{},EphemeralContainerStatuses:[]ContainerStatus{},Resize:,ResourceClaimStatuses:[]PodResourceClaimStatus{},HostIPs:[]HostIP{},ObservedGeneration:0,}"
I0718 18:34:25.010200   50478 worker.go:230] Probe target container not found, pod=test-namespace/test-pod, containerName=cOnTaInEr_NaMe
I0718 18:34:25.010217   50478 worker_test.go:250] "TestDoProbe" probeType="Readiness" testIndex=4 podStatus="&PodStatus{Phase:Running,Conditions:[]PodCondition{},Message:,Reason:,HostIP:,PodIP:,StartTime:<nil>,ContainerStatuses:[]ContainerStatus{},QOSClass:,InitContainerStatuses:[]ContainerStatus{ContainerStatus{Name:cOnTaInEr_NaMe,State:ContainerState{Waiting:nil,Running:nil,Terminated:nil,},LastTerminationState:ContainerState{Waiting:nil,Running:nil,Terminated:nil,},Ready:false,RestartCount:0,Image:,ImageID:,ContainerID:test://cOnTaInEr_Id,Started:*true,AllocatedResources:ResourceList{},Resources:nil,VolumeMounts:[]VolumeMountStatus{},User:nil,AllocatedResourcesStatus:[]ResourceStatus{},StopSignal:nil,},},NominatedNodeName:,PodIPs:[]PodIP{},EphemeralContainerStatuses:[]ContainerStatus{},Resize:,ResourceClaimStatuses:[]PodResourceClaimStatus{},HostIPs:[]HostIP{},ObservedGeneration:0,}"
I0718 18:34:25.010224   50478 worker.go:266] Non-running container probed, pod=test-namespace/test-pod, containerName=cOnTaInEr_NaMe
I0718 18:34:25.010244   50478 worker_test.go:250] "TestDoProbe" probeType="Readiness" testIndex=5 podStatus="&PodStatus{Phase:Running,Conditions:[]PodCondition{},Message:,Reason:,HostIP:,PodIP:,StartTime:<nil>,ContainerStatuses:[]ContainerStatus{},QOSClass:,InitContainerStatuses:[]ContainerStatus{ContainerStatus{Name:cOnTaInEr_NaMe,State:ContainerState{Waiting:nil,Running:nil,Terminated:&ContainerStateTerminated{ExitCode:0,Signal:0,Reason:,Message:,StartedAt:2025-07-18 18:34:25.010077 +0530 IST m=+0.029016709,FinishedAt:0001-01-01 00:00:00 +0000 UTC,ContainerID:,},},LastTerminationState:ContainerState{Waiting:nil,Running:nil,Terminated:nil,},Ready:false,RestartCount:0,Image:,ImageID:,ContainerID:test://cOnTaInEr_Id,Started:*true,AllocatedResources:ResourceList{},Resources:nil,VolumeMounts:[]VolumeMountStatus{},User:nil,AllocatedResourcesStatus:[]ResourceStatus{},StopSignal:nil,},},NominatedNodeName:,PodIPs:[]PodIP{},EphemeralContainerStatuses:[]ContainerStatus{},Resize:,ResourceClaimStatuses:[]PodResourceClaimStatus{},HostIPs:[]HostIP{},ObservedGeneration:0,}"
I0718 18:34:25.010252   50478 worker.go:266] Non-running container probed, pod=test-namespace/test-pod, containerName=cOnTaInEr_NaMe
    worker_test.go:288: [Readiness-5] Expected continue to be false but got true
I0718 18:34:25.010275   50478 worker_test.go:250] "TestDoProbe" probeType="Readiness" testIndex=6 podStatus="&PodStatus{Phase:Running,Conditions:[]PodCondition{},Message:,Reason:,HostIP:,PodIP:,StartTime:<nil>,ContainerStatuses:[]ContainerStatus{},QOSClass:,InitContainerStatuses:[]ContainerStatus{ContainerStatus{Name:cOnTaInEr_NaMe,State:ContainerState{Waiting:nil,Running:&ContainerStateRunning{StartedAt:2025-07-18 18:34:25.010076 +0530 IST m=+0.029015792,},Terminated:nil,},LastTerminationState:ContainerState{Waiting:nil,Running:nil,Terminated:nil,},Ready:false,RestartCount:0,Image:,ImageID:,ContainerID:test://cOnTaInEr_Id,Started:*true,AllocatedResources:ResourceList{},Resources:nil,VolumeMounts:[]VolumeMountStatus{},User:nil,AllocatedResourcesStatus:[]ResourceStatus{},StopSignal:nil,},},NominatedNodeName:,PodIPs:[]PodIP{},EphemeralContainerStatuses:[]ContainerStatus{},Resize:,ResourceClaimStatuses:[]PodResourceClaimStatus{},HostIPs:[]HostIP{},ObservedGeneration:0,}"
I0718 18:34:25.010283   50478 prober.go:153] "Exec-Probe runProbe" pod="test-namespace/test-pod" containerName="cOnTaInEr_NaMe" execCommand=["/bin/true"]
I0718 18:34:25.010287   50478 prober.go:111] "Probe succeeded" probeType="Readiness" pod="test-namespace/test-pod" podUID="pOd_UiD" containerName="cOnTaInEr_NaMe"
I0718 18:34:25.010291   50478 worker.go:306] Debug probe, pod=test-namespace/test-pod, containerName=cOnTaInEr_NaMe, probeType=Readiness, result=Success, err=<nil>
I0718 18:34:25.010310   50478 worker_test.go:250] "TestDoProbe" probeType="Readiness" testIndex=7 podStatus="&PodStatus{Phase:Running,Conditions:[]PodCondition{},Message:,Reason:,HostIP:,PodIP:,StartTime:<nil>,ContainerStatuses:[]ContainerStatus{},QOSClass:,InitContainerStatuses:[]ContainerStatus{ContainerStatus{Name:cOnTaInEr_NaMe,State:ContainerState{Waiting:nil,Running:&ContainerStateRunning{StartedAt:2025-07-18 18:34:25.010076 +0530 IST m=+0.029015792,},Terminated:nil,},LastTerminationState:ContainerState{Waiting:nil,Running:nil,Terminated:nil,},Ready:false,RestartCount:0,Image:,ImageID:,ContainerID:test://cOnTaInEr_Id,Started:*true,AllocatedResources:ResourceList{},Resources:nil,VolumeMounts:[]VolumeMountStatus{},User:nil,AllocatedResourcesStatus:[]ResourceStatus{},StopSignal:nil,},},NominatedNodeName:,PodIPs:[]PodIP{},EphemeralContainerStatuses:[]ContainerStatus{},Resize:,ResourceClaimStatuses:[]PodResourceClaimStatus{},HostIPs:[]HostIP{},ObservedGeneration:0,}"
I0718 18:34:25.010317   50478 prober.go:153] "Exec-Probe runProbe" pod="test-namespace/test-pod" containerName="cOnTaInEr_NaMe" execCommand=["/bin/true"]
I0718 18:34:25.010321   50478 prober.go:111] "Probe succeeded" probeType="Readiness" pod="test-namespace/test-pod" podUID="pOd_UiD" containerName="cOnTaInEr_NaMe"
I0718 18:34:25.010324   50478 worker.go:306] Debug probe, pod=test-namespace/test-pod, containerName=cOnTaInEr_NaMe, probeType=Readiness, result=Success, err=<nil>
I0718 18:34:25.010344   50478 worker_test.go:250] "TestDoProbe" probeType="Readiness" testIndex=8 podStatus="&PodStatus{Phase:Running,Conditions:[]PodCondition{},Message:,Reason:,HostIP:,PodIP:,StartTime:<nil>,ContainerStatuses:[]ContainerStatus{},QOSClass:,InitContainerStatuses:[]ContainerStatus{ContainerStatus{Name:cOnTaInEr_NaMe,State:ContainerState{Waiting:nil,Running:nil,Terminated:&ContainerStateTerminated{ExitCode:0,Signal:0,Reason:,Message:,StartedAt:2025-07-18 18:34:25.010078 +0530 IST m=+0.029018251,FinishedAt:0001-01-01 00:00:00 +0000 UTC,ContainerID:,},},LastTerminationState:ContainerState{Waiting:nil,Running:nil,Terminated:nil,},Ready:false,RestartCount:0,Image:,ImageID:,ContainerID:test://cOnTaInEr_Id,Started:nil,AllocatedResources:ResourceList{},Resources:nil,VolumeMounts:[]VolumeMountStatus{},User:nil,AllocatedResourcesStatus:[]ResourceStatus{},StopSignal:nil,},},NominatedNodeName:,PodIPs:[]PodIP{},EphemeralContainerStatuses:[]ContainerStatus{},Resize:,ResourceClaimStatuses:[]PodResourceClaimStatus{},HostIPs:[]HostIP{},ObservedGeneration:0,}"
I0718 18:34:25.010351   50478 worker.go:266] Non-running container probed, pod=test-namespace/test-pod, containerName=cOnTaInEr_NaMe
    worker_test.go:288: [Readiness-8] Expected continue to be false but got true
I0718 18:34:25.010375   50478 worker_test.go:250] "TestDoProbe" probeType="Readiness" testIndex=9 podStatus="&PodStatus{Phase:Running,Conditions:[]PodCondition{},Message:,Reason:,HostIP:,PodIP:,StartTime:<nil>,ContainerStatuses:[]ContainerStatus{},QOSClass:,InitContainerStatuses:[]ContainerStatus{ContainerStatus{Name:cOnTaInEr_NaMe,State:ContainerState{Waiting:nil,Running:&ContainerStateRunning{StartedAt:2025-07-18 18:34:25.010079 +0530 IST m=+0.029018542,},Terminated:nil,},LastTerminationState:ContainerState{Waiting:nil,Running:nil,Terminated:nil,},Ready:false,RestartCount:0,Image:,ImageID:,ContainerID:test://cOnTaInEr_Id,Started:*true,AllocatedResources:ResourceList{},Resources:nil,VolumeMounts:[]VolumeMountStatus{},User:nil,AllocatedResourcesStatus:[]ResourceStatus{},StopSignal:nil,},},NominatedNodeName:,PodIPs:[]PodIP{},EphemeralContainerStatuses:[]ContainerStatus{},Resize:,ResourceClaimStatuses:[]PodResourceClaimStatus{},HostIPs:[]HostIP{},ObservedGeneration:0,}"
I0718 18:34:25.010384   50478 prober.go:153] "Exec-Probe runProbe" pod="test-namespace/test-pod" containerName="cOnTaInEr_NaMe" execCommand=["/bin/true"]
I0718 18:34:25.010388   50478 prober.go:111] "Probe succeeded" probeType="Readiness" pod="test-namespace/test-pod" podUID="pOd_UiD" containerName="cOnTaInEr_NaMe"
I0718 18:34:25.010393   50478 worker.go:306] Debug probe, pod=test-namespace/test-pod, containerName=cOnTaInEr_NaMe, probeType=Readiness, result=Success, err=<nil>
I0718 18:34:25.010414   50478 worker_test.go:250] "TestDoProbe" probeType="Startup" testIndex=0 podStatus="&PodStatus{Phase:Running,Conditions:[]PodCondition{},Message:,Reason:,HostIP:,PodIP:,StartTime:<nil>,ContainerStatuses:[]ContainerStatus{},QOSClass:,InitContainerStatuses:[]ContainerStatus{ContainerStatus{Name:cOnTaInEr_NaMe,State:ContainerState{Waiting:nil,Running:nil,Terminated:nil,},LastTerminationState:ContainerState{Waiting:nil,Running:nil,Terminated:nil,},Ready:false,RestartCount:0,Image:,ImageID:,ContainerID:test://cOnTaInEr_Id,Started:*false,AllocatedResources:ResourceList{},Resources:nil,VolumeMounts:[]VolumeMountStatus{},User:nil,AllocatedResourcesStatus:[]ResourceStatus{},StopSignal:nil,},},NominatedNodeName:,PodIPs:[]PodIP{},EphemeralContainerStatuses:[]ContainerStatus{},Resize:,ResourceClaimStatuses:[]PodResourceClaimStatus{},HostIPs:[]HostIP{},ObservedGeneration:0,}"
I0718 18:34:25.010421   50478 worker.go:266] Non-running container probed, pod=test-namespace/test-pod, containerName=cOnTaInEr_NaMe
    worker_test.go:295: [Startup-0] Expected result: Success but got UNKNOWN
I0718 18:34:25.010443   50478 worker_test.go:250] "TestDoProbe" probeType="Startup" testIndex=1 podStatus="&PodStatus{Phase:Failed,Conditions:[]PodCondition{},Message:,Reason:,HostIP:,PodIP:,StartTime:<nil>,ContainerStatuses:[]ContainerStatus{},QOSClass:,InitContainerStatuses:[]ContainerStatus{ContainerStatus{Name:cOnTaInEr_NaMe,State:ContainerState{Waiting:nil,Running:nil,Terminated:nil,},LastTerminationState:ContainerState{Waiting:nil,Running:nil,Terminated:nil,},Ready:false,RestartCount:0,Image:,ImageID:,ContainerID:test://cOnTaInEr_Id,Started:*false,AllocatedResources:ResourceList{},Resources:nil,VolumeMounts:[]VolumeMountStatus{},User:nil,AllocatedResourcesStatus:[]ResourceStatus{},StopSignal:nil,},},NominatedNodeName:,PodIPs:[]PodIP{},EphemeralContainerStatuses:[]ContainerStatus{},Resize:,ResourceClaimStatuses:[]PodResourceClaimStatus{},HostIPs:[]HostIP{},ObservedGeneration:0,}"
I0718 18:34:25.010449   50478 worker.go:217] Pod is terminated, exiting probe worker, pod=test-namespace/test-pod, phase=Failed
I0718 18:34:25.010466   50478 worker_test.go:250] "TestDoProbe" probeType="Startup" testIndex=2 podStatus="&PodStatus{Phase:Running,Conditions:[]PodCondition{},Message:,Reason:,HostIP:,PodIP:,StartTime:<nil>,ContainerStatuses:[]ContainerStatus{},QOSClass:,InitContainerStatuses:[]ContainerStatus{ContainerStatus{Name:cOnTaInEr_NaMe,State:ContainerState{Waiting:nil,Running:nil,Terminated:nil,},LastTerminationState:ContainerState{Waiting:nil,Running:nil,Terminated:nil,},Ready:false,RestartCount:0,Image:,ImageID:,ContainerID:test://cOnTaInEr_Id,Started:*false,AllocatedResources:ResourceList{},Resources:nil,VolumeMounts:[]VolumeMountStatus{},User:nil,AllocatedResourcesStatus:[]ResourceStatus{},StopSignal:nil,},},NominatedNodeName:,PodIPs:[]PodIP{},EphemeralContainerStatuses:[]ContainerStatus{},Resize:,ResourceClaimStatuses:[]PodResourceClaimStatus{},HostIPs:[]HostIP{},ObservedGeneration:0,}"
I0718 18:34:25.010474   50478 worker.go:254] Pod deletion requested, setting probe result to success, probeType=Startup, pod=test-namespace/test-pod, containerName=cOnTaInEr_NaMe
I0718 18:34:25.010478   50478 worker.go:257] Pod deletion requested before container has fully started, pod=test-namespace/test-pod, containerName=cOnTaInEr_NaMe
I0718 18:34:25.010495   50478 worker_test.go:250] "TestDoProbe" probeType="Startup" testIndex=3 podStatus="&PodStatus{Phase:Running,Conditions:[]PodCondition{},Message:,Reason:,HostIP:,PodIP:,StartTime:<nil>,ContainerStatuses:[]ContainerStatus{},QOSClass:,InitContainerStatuses:[]ContainerStatus{ContainerStatus{Name:otherContainer,State:ContainerState{Waiting:nil,Running:nil,Terminated:nil,},LastTerminationState:ContainerState{Waiting:nil,Running:nil,Terminated:nil,},Ready:false,RestartCount:0,Image:,ImageID:,ContainerID:test://cOnTaInEr_Id,Started:*false,AllocatedResources:ResourceList{},Resources:nil,VolumeMounts:[]VolumeMountStatus{},User:nil,AllocatedResourcesStatus:[]ResourceStatus{},StopSignal:nil,},},NominatedNodeName:,PodIPs:[]PodIP{},EphemeralContainerStatuses:[]ContainerStatus{},Resize:,ResourceClaimStatuses:[]PodResourceClaimStatus{},HostIPs:[]HostIP{},ObservedGeneration:0,}"
I0718 18:34:25.010504   50478 worker.go:230] Probe target container not found, pod=test-namespace/test-pod, containerName=cOnTaInEr_NaMe
I0718 18:34:25.010521   50478 worker_test.go:250] "TestDoProbe" probeType="Startup" testIndex=4 podStatus="&PodStatus{Phase:Running,Conditions:[]PodCondition{},Message:,Reason:,HostIP:,PodIP:,StartTime:<nil>,ContainerStatuses:[]ContainerStatus{},QOSClass:,InitContainerStatuses:[]ContainerStatus{ContainerStatus{Name:cOnTaInEr_NaMe,State:ContainerState{Waiting:nil,Running:nil,Terminated:nil,},LastTerminationState:ContainerState{Waiting:nil,Running:nil,Terminated:nil,},Ready:false,RestartCount:0,Image:,ImageID:,ContainerID:test://cOnTaInEr_Id,Started:*false,AllocatedResources:ResourceList{},Resources:nil,VolumeMounts:[]VolumeMountStatus{},User:nil,AllocatedResourcesStatus:[]ResourceStatus{},StopSignal:nil,},},NominatedNodeName:,PodIPs:[]PodIP{},EphemeralContainerStatuses:[]ContainerStatus{},Resize:,ResourceClaimStatuses:[]PodResourceClaimStatus{},HostIPs:[]HostIP{},ObservedGeneration:0,}"
I0718 18:34:25.010528   50478 worker.go:266] Non-running container probed, pod=test-namespace/test-pod, containerName=cOnTaInEr_NaMe
    worker_test.go:295: [Startup-4] Expected result: Failure but got UNKNOWN
I0718 18:34:25.010553   50478 worker_test.go:250] "TestDoProbe" probeType="Startup" testIndex=5 podStatus="&PodStatus{Phase:Running,Conditions:[]PodCondition{},Message:,Reason:,HostIP:,PodIP:,StartTime:<nil>,ContainerStatuses:[]ContainerStatus{},QOSClass:,InitContainerStatuses:[]ContainerStatus{ContainerStatus{Name:cOnTaInEr_NaMe,State:ContainerState{Waiting:nil,Running:nil,Terminated:&ContainerStateTerminated{ExitCode:0,Signal:0,Reason:,Message:,StartedAt:2025-07-18 18:34:25.010395 +0530 IST m=+0.029335167,FinishedAt:0001-01-01 00:00:00 +0000 UTC,ContainerID:,},},LastTerminationState:ContainerState{Waiting:nil,Running:nil,Terminated:nil,},Ready:false,RestartCount:0,Image:,ImageID:,ContainerID:test://cOnTaInEr_Id,Started:*false,AllocatedResources:ResourceList{},Resources:nil,VolumeMounts:[]VolumeMountStatus{},User:nil,AllocatedResourcesStatus:[]ResourceStatus{},StopSignal:nil,},},NominatedNodeName:,PodIPs:[]PodIP{},EphemeralContainerStatuses:[]ContainerStatus{},Resize:,ResourceClaimStatuses:[]PodResourceClaimStatus{},HostIPs:[]HostIP{},ObservedGeneration:0,}"
I0718 18:34:25.010561   50478 worker.go:266] Non-running container probed, pod=test-namespace/test-pod, containerName=cOnTaInEr_NaMe
    worker_test.go:288: [Startup-5] Expected continue to be false but got true
I0718 18:34:25.010582   50478 worker_test.go:250] "TestDoProbe" probeType="Startup" testIndex=6 podStatus="&PodStatus{Phase:Running,Conditions:[]PodCondition{},Message:,Reason:,HostIP:,PodIP:,StartTime:<nil>,ContainerStatuses:[]ContainerStatus{},QOSClass:,InitContainerStatuses:[]ContainerStatus{ContainerStatus{Name:cOnTaInEr_NaMe,State:ContainerState{Waiting:nil,Running:nil,Terminated:nil,},LastTerminationState:ContainerState{Waiting:nil,Running:nil,Terminated:nil,},Ready:false,RestartCount:0,Image:,ImageID:,ContainerID:test://cOnTaInEr_Id,Started:*false,AllocatedResources:ResourceList{},Resources:nil,VolumeMounts:[]VolumeMountStatus{},User:nil,AllocatedResourcesStatus:[]ResourceStatus{},StopSignal:nil,},},NominatedNodeName:,PodIPs:[]PodIP{},EphemeralContainerStatuses:[]ContainerStatus{},Resize:,ResourceClaimStatuses:[]PodResourceClaimStatus{},HostIPs:[]HostIP{},ObservedGeneration:0,}"
I0718 18:34:25.010589   50478 worker.go:266] Non-running container probed, pod=test-namespace/test-pod, containerName=cOnTaInEr_NaMe
    worker_test.go:295: [Startup-6] Expected result: Success but got UNKNOWN
I0718 18:34:25.010610   50478 worker_test.go:250] "TestDoProbe" probeType="Startup" testIndex=7 podStatus="&PodStatus{Phase:Running,Conditions:[]PodCondition{},Message:,Reason:,HostIP:,PodIP:,StartTime:<nil>,ContainerStatuses:[]ContainerStatus{},QOSClass:,InitContainerStatuses:[]ContainerStatus{ContainerStatus{Name:cOnTaInEr_NaMe,State:ContainerState{Waiting:nil,Running:nil,Terminated:nil,},LastTerminationState:ContainerState{Waiting:nil,Running:nil,Terminated:nil,},Ready:false,RestartCount:0,Image:,ImageID:,ContainerID:test://cOnTaInEr_Id,Started:*false,AllocatedResources:ResourceList{},Resources:nil,VolumeMounts:[]VolumeMountStatus{},User:nil,AllocatedResourcesStatus:[]ResourceStatus{},StopSignal:nil,},},NominatedNodeName:,PodIPs:[]PodIP{},EphemeralContainerStatuses:[]ContainerStatus{},Resize:,ResourceClaimStatuses:[]PodResourceClaimStatus{},HostIPs:[]HostIP{},ObservedGeneration:0,}"
I0718 18:34:25.010617   50478 worker.go:266] Non-running container probed, pod=test-namespace/test-pod, containerName=cOnTaInEr_NaMe
    worker_test.go:295: [Startup-7] Expected result: Success but got UNKNOWN
I0718 18:34:25.010640   50478 worker_test.go:250] "TestDoProbe" probeType="Startup" testIndex=8 podStatus="&PodStatus{Phase:Running,Conditions:[]PodCondition{},Message:,Reason:,HostIP:,PodIP:,StartTime:<nil>,ContainerStatuses:[]ContainerStatus{},QOSClass:,InitContainerStatuses:[]ContainerStatus{ContainerStatus{Name:cOnTaInEr_NaMe,State:ContainerState{Waiting:nil,Running:nil,Terminated:&ContainerStateTerminated{ExitCode:0,Signal:0,Reason:,Message:,StartedAt:2025-07-18 18:34:25.010397 +0530 IST m=+0.029336709,FinishedAt:0001-01-01 00:00:00 +0000 UTC,ContainerID:,},},LastTerminationState:ContainerState{Waiting:nil,Running:nil,Terminated:nil,},Ready:false,RestartCount:0,Image:,ImageID:,ContainerID:test://cOnTaInEr_Id,Started:nil,AllocatedResources:ResourceList{},Resources:nil,VolumeMounts:[]VolumeMountStatus{},User:nil,AllocatedResourcesStatus:[]ResourceStatus{},StopSignal:nil,},},NominatedNodeName:,PodIPs:[]PodIP{},EphemeralContainerStatuses:[]ContainerStatus{},Resize:,ResourceClaimStatuses:[]PodResourceClaimStatus{},HostIPs:[]HostIP{},ObservedGeneration:0,}"
I0718 18:34:25.010647   50478 worker.go:266] Non-running container probed, pod=test-namespace/test-pod, containerName=cOnTaInEr_NaMe
    worker_test.go:288: [Startup-8] Expected continue to be false but got true
I0718 18:34:25.010670   50478 worker_test.go:250] "TestDoProbe" probeType="Startup" testIndex=9 podStatus="&PodStatus{Phase:Running,Conditions:[]PodCondition{},Message:,Reason:,HostIP:,PodIP:,StartTime:<nil>,ContainerStatuses:[]ContainerStatus{},QOSClass:,InitContainerStatuses:[]ContainerStatus{ContainerStatus{Name:cOnTaInEr_NaMe,State:ContainerState{Waiting:nil,Running:&ContainerStateRunning{StartedAt:2025-07-18 18:34:25.010397 +0530 IST m=+0.029336959,},Terminated:nil,},LastTerminationState:ContainerState{Waiting:nil,Running:nil,Terminated:nil,},Ready:false,RestartCount:0,Image:,ImageID:,ContainerID:test://cOnTaInEr_Id,Started:*true,AllocatedResources:ResourceList{},Resources:nil,VolumeMounts:[]VolumeMountStatus{},User:nil,AllocatedResourcesStatus:[]ResourceStatus{},StopSignal:nil,},},NominatedNodeName:,PodIPs:[]PodIP{},EphemeralContainerStatuses:[]ContainerStatus{},Resize:,ResourceClaimStatuses:[]PodResourceClaimStatus{},HostIPs:[]HostIP{},ObservedGeneration:0,}"
I0718 18:34:25.010677   50478 worker.go:292] Startup probe stopped, container started, pod=test-namespace/test-pod, containerName=cOnTaInEr_NaMe
    worker_test.go:288: [Startup-9] Expected continue to be true but got false
--- FAIL: TestDoProbe (0.00s)
FAIL
FAIL	k8s.io/kubernetes/pkg/kubelet/prober	0.690s
FAIL
