---
version: 1
interactions:
- request:
    body: |
      {"TableName":"table36storageentitysuitetestins"}
    form: {}
    headers:
      Accept:
      - application/json;odata=nometadata
      Accept-Charset:
      - UTF-8
      Authorization:
      - SharedKey golangrocksonazure:Oh0YpunWtzbcxt4V3JMBnrQ+lfS3XvwDoMqK3npRZSA=
      Content-Length:
      - "49"
      Content-Type:
      - application/json
      Prefer:
      - return-no-content
      User-Agent:
      - Go/go1.12.4 (amd64-windows) azure-storage-go/latest api-version/2018-03-28
        table
      x-ms-date:
      - Tue, 28 May 2019 22:36:04 GMT
      x-ms-version:
      - "2018-03-28"
    url: https://golangrocksonazure.table.core.windows.net/Tables?timeout=30
    method: POST
  response:
    body: ""
    headers:
      Cache-Control:
      - no-cache
      Content-Length:
      - "0"
      Dataserviceid:
      - https://golangrocksonazure.table.core.windows.net/Tables('table36storageentitysuitetestins')
      Date:
      - Tue, 28 May 2019 22:36:03 GMT
      Location:
      - https://golangrocksonazure.table.core.windows.net/Tables('table36storageentitysuitetestins')
      Preference-Applied:
      - return-no-content
      Server:
      - Windows-Azure-Table/1.0 Microsoft-HTTPAPI/2.0
      X-Content-Type-Options:
      - nosniff
      X-Ms-Request-Id:
      - ac810b2a-6002-0062-2aa5-153a2a000000
      X-Ms-Version:
      - "2018-03-28"
    status: 204 No Content
    code: 204
    duration: ""
- request:
    body: '{"FamilyName":"Skywalker","Name":"Luke","PartitionKey":"mypartitionkey","RowKey":"myrowkey"}'
    form: {}
    headers:
      Accept:
      - application/json;odata=nometadata
      Accept-Charset:
      - UTF-8
      Authorization:
      - SharedKey golangrocksonazure:gx2Cr5EKVmdnhb/z3cLFlqRQAo4NAyf5xDIBlYyhcio=
      Content-Length:
      - "92"
      Content-Type:
      - application/json
      Prefer:
      - return-no-content
      User-Agent:
      - Go/go1.12.4 (amd64-windows) azure-storage-go/latest api-version/2018-03-28
        table
      x-ms-date:
      - Tue, 28 May 2019 22:36:04 GMT
      x-ms-version:
      - "2018-03-28"
    url: https://golangrocksonazure.table.core.windows.net/table36storageentitysuitetestins%28PartitionKey=%27mypartitionkey%27,RowKey=%27myrowkey%27%29
    method: MERGE
  response:
    body: ""
    headers:
      Cache-Control:
      - no-cache
      Content-Length:
      - "0"
      Date:
      - Tue, 28 May 2019 22:36:03 GMT
      Etag:
      - W/"datetime'2019-05-28T22%3A36%3A04.071727Z'"
      Preference-Applied:
      - return-no-content
      Server:
      - Windows-Azure-Table/1.0 Microsoft-HTTPAPI/2.0
      X-Content-Type-Options:
      - nosniff
      X-Ms-Request-Id:
      - ac810b2f-6002-0062-2ea5-153a2a000000
      X-Ms-Version:
      - "2018-03-28"
    status: 204 No Content
    code: 204
    duration: ""
- request:
    body: '{"Father":"Anakin","Mentor":"Yoda","PartitionKey":"mypartitionkey","RowKey":"myrowkey"}'
    form: {}
    headers:
      Accept:
      - application/json;odata=nometadata
      Accept-Charset:
      - UTF-8
      Authorization:
      - SharedKey golangrocksonazure:gx2Cr5EKVmdnhb/z3cLFlqRQAo4NAyf5xDIBlYyhcio=
      Content-Length:
      - "87"
      Content-Type:
      - application/json
      Prefer:
      - return-no-content
      User-Agent:
      - Go/go1.12.4 (amd64-windows) azure-storage-go/latest api-version/2018-03-28
        table
      x-ms-date:
      - Tue, 28 May 2019 22:36:04 GMT
      x-ms-version:
      - "2018-03-28"
    url: https://golangrocksonazure.table.core.windows.net/table36storageentitysuitetestins%28PartitionKey=%27mypartitionkey%27,RowKey=%27myrowkey%27%29
    method: MERGE
  response:
    body: ""
    headers:
      Cache-Control:
      - no-cache
      Content-Length:
      - "0"
      Date:
      - Tue, 28 May 2019 22:36:03 GMT
      Etag:
      - W/"datetime'2019-05-28T22%3A36%3A04.0817336Z'"
      Preference-Applied:
      - return-no-content
      Server:
      - Windows-Azure-Table/1.0 Microsoft-HTTPAPI/2.0
      X-Content-Type-Options:
      - nosniff
      X-Ms-Request-Id:
      - ac810b39-6002-0062-36a5-153a2a000000
      X-Ms-Version:
      - "2018-03-28"
    status: 204 No Content
    code: 204
    duration: ""
- request:
    body: ""
    form: {}
    headers:
      Accept:
      - application/json;odata=nometadata
      Authorization:
      - SharedKey golangrocksonazure:5QCiDwI8qRh9nB7nbmi0vfwnZla9vm+AonI5iN9mSDs=
      Prefer:
      - return-no-content
      User-Agent:
      - Go/go1.12.4 (amd64-windows) azure-storage-go/latest api-version/2018-03-28
        table
      x-ms-date:
      - Tue, 28 May 2019 22:36:04 GMT
      x-ms-version:
      - "2018-03-28"
    url: https://golangrocksonazure.table.core.windows.net/Tables%28%27table36storageentitysuitetestins%27%29?timeout=30
    method: DELETE
  response:
    body: ""
    headers:
      Cache-Control:
      - no-cache
      Content-Length:
      - "0"
      Date:
      - Tue, 28 May 2019 22:36:03 GMT
      Server:
      - Windows-Azure-Table/1.0 Microsoft-HTTPAPI/2.0
      X-Content-Type-Options:
      - nosniff
      X-Ms-Request-Id:
      - ac810b41-6002-0062-3ea5-153a2a000000
      X-Ms-Version:
      - "2018-03-28"
    status: 204 No Content
    code: 204
    duration: ""
